******************************************************************************
                  TI ARM Linker PC v16.9.3                     
******************************************************************************
>> Linked Tue Jul 18 16:48:12 2017

OUTPUT FILE NAME:   <IOT_Lock_MSP_EXP432P401R_tirtos_ccs.out>
ENTRY POINT SYMBOL: "_c_int00"  address: 0000f309


MEMORY CONFIGURATION

         name            origin    length      used     unused   attr    fill
----------------------  --------  ---------  --------  --------  ----  --------
  MAIN                  00000000   00040000  00014606  0002b9fa  R  X
  INFO                  00200000   00004000  00000000  00004000  R  X
  SRAM_CODE             01000000   00010000  0000a7b3  0000584d  RW X
  SRAM_DATA             20000000   00010000  0000a7b3  0000584d  RW  


SEGMENT ALLOCATION MAP

run origin  load origin   length   init length attrs members
----------  ----------- ---------- ----------- ----- -------
00000000    00000000    00014610   00014610    r-x
  00000000    00000000    0000003c   0000003c    r-- .resetVecs
  00000040    00000040    0001371a   0001371a    r-x .text
  0001375c    0001375c    00000ba8   00000ba8    r-- .const
  00014308    00014308    00000308   00000308    r-- .cinit
20000140    20000140    00008000   00000000    r--
  20000140    20000140    00008000   00000000    r-- .priheap
20008200    20008200    00002274   00000000    rw-
  20008200    20008200    00001b5b   00000000    rw- .bss
  20009d5c    20009d5c    00000718   00000000    rw- .data
2000fc00    2000fc00    00000400   00000000    rw-
  2000fc00    2000fc00    00000400   00000000    rw- .stack


SECTION ALLOCATION MAP

 output                                  attributes/
section   page    origin      length       input sections
--------  ----  ----------  ----------   ----------------
.text      0    00000040    0001371a     
                  00000040    0000113e     rtsv7M4_T_le_v4SPD16_eabi.lib : _printfi.obj (.text)
                  0000117e    00000002     dpl_msp432p401x.aem4f : PowerMSP432_tirtos.oem4f (.text:PowerMSP432_initPolicy)
                  00001180    0000067c     simplelink.a : driver.obj (.text:_SlDrvMsgRead)
                  000017fc    00000380                  : driver.obj (.text:_SlDrvMsgWrite)
                  00001b7c    0000033c     client_cbs.obj (.text:MqttClientCallback)
                  00001eb8    00000320     network_if.obj (.text:Network_IF_ConnectAP)
                  000021d8    000002dc     simplelink.a : driver.obj (.text:_SlDrvRxHdrRead)
                  000024b4    000002d0     drivers_msp432p401x.aem4f : PowerMSP432.oem4f (.text:Power_sleep)
                  00002784    000002cc                               : UARTMSP432.oem4f (.text:UARTMSP432_open)
                  00002a50    000002bc     simplelink.a : sl_socket.obj (.text:sl_Select)
                  00002d0c    000002a8     mqtt_client_app.obj (.text:mainThread)
                  00002fb4    000002a0     rtsv7M4_T_le_v4SPD16_eabi.lib : mktime.obj (.text)
                  00003254    00000274     simplelink.a : wlan.obj (.text:sl_WlanConnect)
                  000034c8    0000026c     drivers_msp432p401x.aem4f : SPIMSP432DMA.oem4f (.text:SPIMSP432DMA_open)
                  00003734    00000268     mqtt_client_app.obj (.text:MqttClient_start)
                  0000399c    00000264     network_if.obj (.text:Network_IF_InitDriver)
                  00003c00    0000024c     mqtt_client.a : mqtt_client.obj (.text:MqttClientCtxCreate)
                  00003e4c    00000238     mqtt_client_app.obj (.text:DisplayAppBanner)
                  00004084    00000224     mqtt_client_app.obj (.text:MqttClient)
                  000042a8    0000021e     rtsv7M4_T_le_v4SPD16_eabi.lib : ll_div_t2.obj (.text)
                  000044c6    00000002     drivers_msp432p401x.aem4f : UARTMSP432.oem4f (.text:UARTMSP432_init)
                  000044c8    000001fc     simplelink.a : driver.obj (.text:_SlDrvDataReadOp)
                  000046c4    000001f4     rtsv7M4_T_le_v4SPD16_eabi.lib : ull_div_t2.obj (.text)
                  000048b8    000001f2     simplelink.a : netapp.obj (.text:_SlNetAppEventHandler)
                  00004aaa    00000002     rtsv7M4_T_le_v4SPD16_eabi.lib : l_div0.obj (.text)
                  00004aac    000001e4     mqtt_client.a : mqtt_client.obj (.text:MQTTClient_connect)
                  00004c90    000001e1     network_if.obj (.text:SimpleLinkFatalErrorEventHandler)
                  00004e71    00000001     --HOLE-- [fill = 0]
                  00004e72    000001da     mqtt_client.a : cc32xx_sl_net.obj (.text:createSocket)
                  0000504c    000001d8     network_if.obj (.text:SimpleLinkWlanEventHandler)
                  00005224    000001d8     simplelink.a : driver.obj (.text:_SlDrvReleasePoolObj)
                  000053fc    000001bc                  : driver.obj (.text:_SlDrvDriverCBInit)
                  000055b8    000001b6     rtsv7M4_T_le_v4SPD16_eabi.lib : fd_add_t2.obj (.text)
                  0000576e    00000002     release_pem4f.oem4f (.text:ti_sysbios_BIOS_nullFunc__I)
                  00005770    000001b4     simplelink.a : sl_socket.obj (.text:sl_Accept)
                  00005924    000001a4                  : driver.obj (.text:_SlDrvMsgReadCmdCtx)
                  00005ac8    00000198                  : driver.obj (.text:_SlDrvWaitForPoolObj)
                  00005c60    0000018c                  : sl_socket.obj (.text:sl_Connect)
                  00005dec    00000004     dpl_msp432p401x.aem4f : ClockP_tirtos.oem4f (.text:ClockP_setTimeout)
                  00005df0    00000188     sysbios.aem4f : BIOS.obj (.text:mq_open)
                  00005f78    00000180     mqtt_client.a : mqtt_common.obj (.text:MQTT_PacketRecv)
                  000060f8    00000180     network_if.obj (.text:SimpleLinkNetAppEventHandler)
                  00006278    0000017c     simplelink.a : driver.obj (.text:_SlDrvDataWriteOp)
                  000063f4    0000017c                  : spawn.obj (.text:_SlInternalSpawnTaskEntry)
                  00006570    00000174                  : driver.obj (.text:_SlDrvFindAndSetActiveObj)
                  000066e4    00000168                  : device.obj (.text:sl_Stop)
                  0000684c    00000164     drivers_msp432p401x.aem4f : PowerMSP432.oem4f (.text:initPerfControl)
                  000069b0    00000160     mqtt_client_app.obj (.text:Mqtt_IF_Connect)
                  00006b10    0000015c     drivers_msp432p401x.aem4f : GPIOMSP432.oem4f (.text:GPIO_setConfig)
                  00006c6c    00000154     simplelink.a : sl_socket.obj (.text:sl_RecvFrom)
                  00006dc0    00000154     mqtt_client.a : client_core.obj (.text:utf8ArraySend)
                  00006f14    00000150                   : mqtt_client.obj (.text:MqttClientConfig)
                  00007064    00000140     mqtt_client_app.obj (.text:Mqtt_start)
                  000071a4    0000013c     mqtt_client.a : mqtt_client.obj (.text:processNotifyAckCB)
                  000072e0    00000138     simplelink.a : driver.obj (.text:_SlDrvAsyncEventGenericHandler)
                  00007418    00000136     rtsv7M4_T_le_v4SPD16_eabi.lib : fd_div_t2.obj (.text)
                  0000754e    00000002     --HOLE-- [fill = 0]
                  00007550    00000134     sysbios.aem4f : BIOS.obj (.text:setPowerState_AM_LDO_VCORE1$14)
                  00007684    00000134     simplelink.a : netapp.obj (.text:sl_NetAppDnsGetHostByName)
                  000077b8    00000130     sysbios.aem4f : BIOS.obj (.text:ti_sysbios_knl_Semaphore_pend__E)
                  000078e8    0000012c     mqtt_client.a : client_core.obj (.text:MQTTClientCore_initLib)
                  00007a14    00000124                   : client_core.obj (.text:clCtxPartSend)
                  00007b38    00000124                   : client_core.obj (.text:connectMsgSend)
                  00007c5c    00000124     simplelink.a : device.obj (.text:sl_Start)
                  00007d80    0000011c                  : driver.obj (.text:_SlDrvDriverCBDeinit)
                  00007e9c    00000114                  : netapp.obj (.text:_SlNetAppHandleAsync_DnsGetHostByService)
                  00007fb0    00000110     mqtt_client.a : cc32xx_sl_net.obj (.text:commOpen)
                  000080c0    00000110     sysbios.aem4f : BIOS.obj (.text:ti_sysbios_family_arm_msp432_init_Boot_configureClocksHigh)
                  000081d0    00000110                   : BIOS.obj (.text:timer_create)
                  000082e0    0000010c     mqtt_client.a : mqtt_client.obj (.text:MQTTClient_create)
                  000083ec    0000010c     simplelink.a : sl_socket.obj (.text:sl_Close)
                  000084f8    00000108     sysbios.aem4f : BIOS.obj (.text:xdc_runtime_Startup_startMods__I)
                  00008600    00000104     simplelink.a : driver.obj (.text:_SlDrvCmdOp)
                  00008704    00000104                  : driver.obj (.text:_SlDrvObjGlobalLockWaitForever)
                  00008808    00000102     mqtt_client.a : client_core.obj (.text:procPubMsgRx)
                  0000890a    00000002     --HOLE-- [fill = 0]
                  0000890c    00000100     simplelink.a : device.obj (.text:_SlDeviceEventHandler)
                  00008a0c    00000100                  : driver.obj (.text:_SlDrvClassifyRxMsg)
                  00008b0c    000000fd     network_if.obj (.text:SimpleLinkSockEventHandler)
                  00008c09    00000003     --HOLE-- [fill = 0]
                  00008c0c    000000fc     mqtt_client.a : mqtt_client.obj (.text:MqttClientSub)
                  00008d08    000000fc     simplelink.a : driver.obj (.text:_SlDrvMsgReadSpawnCtx)
                  00008e04    000000fc     rtsv7M4_T_le_v4SPD16_eabi.lib : fd_mul_t2.obj (.text)
                  00008f00    000000fc                                   : s_scalbn.obj (.text)
                  00008ffc    000000f4     simplelink.a : sl_socket.obj (.text:sl_SendTo)
                  000090f0    000000f0     sysbios.aem4f : m3_Hwi_asm.obj (.text:ti_sysbios_family_arm_m3_Hwi_dispatch__I)
                  000091e0    000000ec     mqtt_client.a : client_core.obj (.text:_msgDispatch)
                  000092cc    000000ec                   : client_core.obj (.text:clCtxConnStateTryLocked)
                  000093b8    000000ec     sysbios.aem4f : BIOS.obj (.text:pthread_create)
                  000094a4    000000e8     drivers_msp432p401x.aem4f : SPIMSP432DMA.oem4f (.text:configDMA)
                  0000958c    000000e6     mqtt_client.a : cc32xx_sl_net.obj (.text:tcpSelect)
                  00009672    00000002     --HOLE-- [fill = 0]
                  00009674    000000dc                   : mqtt_client.obj (.text:MqttClient_send)
                  00009750    000000dc                   : client_core.obj (.text:processRecv)
                  0000982c    000000d8     uart_term.obj (.text:GetCmd)
                  00009904    000000d8     drivers_msp432p401x.aem4f : UARTMSP432.oem4f (.text:UARTMSP432_readPolling)
                  000099dc    000000d8     simplelink.a : netapp.obj (.text:_SlNetAppHandleAsync_NetAppReceive)
                  00009ab4    00000004     dpl_msp432p401x.aem4f : ClockP_tirtos.oem4f (.text:ClockP_start)
                  00009ab8    000000d4     sysbios.aem4f : BIOS.obj (.text:ti_sysbios_knl_Mailbox_Instance_init__E)
                  00009b8c    000000d0     mqtt_client_app.obj (.text:Mqtt_Stop)
                  00009c5c    00000004     dpl_msp432p401x.aem4f : ClockP_tirtos.oem4f (.text:ClockP_stop)
                  00009c60    000000d0     sysbios.aem4f : BIOS.obj (.text:ti_sysbios_heaps_HeapMem_alloc__E)
                  00009d30    000000d0     mqtt_client.a : client_core.obj (.text:wrConnectPayload)
                  00009e00    000000c8                   : client_core.obj (.text:MQTTClientCore_createCtx)
                  00009ec8    000000c8     sysbios.aem4f : BIOS.obj (.text:timer_settime)
                  00009f90    000000c4     simplelink.a : driver.obj (.text:_SlDrvRemoveFromList)
                  0000a054    00000004     dpl_msp432p401x.aem4f : HwiP_tirtos.oem4f (.text:HwiP_disable)
                  0000a058    000000c4     sysbios.aem4f : BIOS.obj (.text:ti_sysbios_knl_Task_sleep__E)
                  0000a11c    000000c0     simplelink.a : spawn.obj (.text:_SlInternalSpawn)
                  0000a1dc    000000c0                  : netcfg.obj (.text:sl_NetCfgGet)
                  0000a29c    00000004     drivers_msp432p401x.aem4f : List.oem4f (.text:List_head)
                  0000a2a0    000000c0     sysbios.aem4f : BIOS.obj (.text:ti_sysbios_knl_Task_Instance_init__E)
                  0000a360    000000bc     simplelink.a : netapp.obj (.text:_SlNetAppSendResponse)
                  0000a41c    000000bc                  : sl_socket.obj (.text:sl_Send)
                  0000a4d8    000000bc     sysbios.aem4f : BIOS.obj (.text:ti_sysbios_knl_Task_Instance_finalize__E)
                  0000a594    000000b8     simplelink.a : device.obj (.text:sl_DeviceGet)
                  0000a64c    000000b6     drivers_msp432p401x.aem4f : UARTMSP432.oem4f (.text:UARTMSP432_hwiIntFxn)
                  0000a702    00000002     --HOLE-- [fill = 0]
                  0000a704    000000b4     mqtt_client_app.obj (.text:SetClientIdNamefromMacAddress)
                  0000a7b8    000000b4     drivers_msp432p401x.aem4f : UARTMSP432.oem4f (.text:UARTMSP432_control)
                  0000a86c    000000b4                               : UARTMSP432.oem4f (.text:UARTMSP432_writePolling)
                  0000a920    000000b4     mqtt_client.a : client_core.obj (.text:procAckMsgRx)
                  0000a9d4    000000b4                   : mqtt_client.obj (.text:processPublishRxCB)
                  0000aa88    000000b2                   : mqtt_common.obj (.text:MQTT_packetPubAppendTopic)
                  0000ab3a    00000002     --HOLE-- [fill = 0]
                  0000ab3c    000000b0                   : mqtt_client.obj (.text:MQTTClient_delete)
                  0000abec    000000b0                   : mqtt_client.obj (.text:MqttClientUnsub)
                  0000ac9c    000000b0     simplelink.a : device.obj (.text:_SlDeviceHandleAsync_InitComplete)
                  0000ad4c    000000b0                  : driver.obj (.text:_SlDrvHandleFatalError)
                  0000adfc    000000b0     mqtt_client.a : client_core.obj (.text:procConnackRx)
                  0000aeac    000000b0                   : client_core.obj (.text:procCtxDataRecv)
                  0000af5c    000000ae                   : cc32xx_sl_net.obj (.text:svrAddrNBOrderIPV4)
                  0000b00a    00000002     --HOLE-- [fill = 0]
                  0000b00c    000000ac     drivers_msp432p401x.aem4f : GPIOMSP432.oem4f (.text:GPIO_init)
                  0000b0b8    000000ac     simplelink.a : sl_socket.obj (.text:_SlSocketHandleAsync_Select)
                  0000b164    000000ac     drivers_msp432p401x.aem4f : UARTMSP432.oem4f (.text:initHw)
                  0000b210    000000aa     uart_term.obj (.text:Report)
                  0000b2ba    00000002     --HOLE-- [fill = 0]
                  0000b2bc    000000a8     network_if.obj (.text:Network_IF_IpConfigGet)
                  0000b364    000000a8     drivers_msp432p401x.aem4f : UARTMSP432.oem4f (.text:readTaskBlocking)
                  0000b40c    00000004                               : List.oem4f (.text:List_next)
                  0000b410    000000a8     sysbios.aem4f : BIOS.obj (.text:ti_sysbios_family_arm_msp432_Timer_periodicStub__E)
                  0000b4b8    000000a8                   : BIOS.obj (.text:xdc_runtime_Core_createObject__I)
                  0000b560    000000a4     simplelink.a : sl_socket.obj (.text:sl_Bind)
                  0000b604    00000004     dpl_msp432p401x.aem4f : MutexP_tirtos.oem4f (.text:MutexP_lock)
                  0000b608    000000a4     sysbios.aem4f : BIOS.obj (.text:ti_sysbios_knl_Task_setPri__E)
                  0000b6ac    000000a2     mqtt_client.a : mqtt_common.obj (.text:MQTT_packetProcPubRx)
                  0000b74e    000000a2                   : client_core.obj (.text:clientReset)
                  0000b7f0    000000a0     mqtt_client_app.obj (.text:Mqtt_ClientStop)
                  0000b890    000000a0     auto_init.aem4f : auto_init.oem4f (.text)
                  0000b930    000000a0     mqtt_client.a : client_core.obj (.text:mqpSetupProcCtxDataRecv)
                  0000b9d0    000000a0     drivers_msp432p401x.aem4f : UARTMSP432.oem4f (.text:readIsrTextCallback)
                  0000ba70    000000a0     mqtt_client.a : client_core.obj (.text:singleCtxKaSequence)
                  0000bb10    0000009e     drivers_msp432p401x.aem4f : UARTMSP432.oem4f (.text:UARTMSP432_close)
                  0000bbae    00000002     --HOLE-- [fill = 0]
                  0000bbb0    0000009c     mqtt_client.a : client_core.obj (.text:doNetClose)
                  0000bc4c    0000009c                   : cc32xx_sl_net.obj (.text:recvFrom)
                  0000bce8    0000009c     rtsv7M4_T_le_v4SPD16_eabi.lib : memcpy_t2.obj (.text)
                  0000bd84    00000098     uart_term.obj (.text:TrimSpace)
                  0000be1c    00000098     simplelink.a : netutil.obj (.text:_SlNetUtilHandleAsync_Cmd)
                  0000beb4    00000098     mqtt_client.a : client_core.obj (.text:netRecv)
                  0000bf4c    00000098     simplelink.a : cc_pal.obj (.text:spi_Read)
                  0000bfe4    00000098                  : cc_pal.obj (.text:spi_Write)
                  0000c07c    00000004     dpl_msp432p401x.aem4f : MutexP_tirtos.oem4f (.text:MutexP_unlock)
                  0000c080    00000098     sysbios.aem4f : BIOS.obj (.text:ti_sysbios_family_arm_m3_Hwi_Instance_init__E)
                  0000c118    00000096     drivers_msp432p401x.aem4f : UARTMSP432.oem4f (.text:writeData)
                  0000c1ae    00000002     --HOLE-- [fill = 0]
                  0000c1b0    00000094     sysbios.aem4f : BIOS.obj (.text:_pthread_removeThreadKeys)
                  0000c244    00000004     drivers_msp432p401x.aem4f : SPIMSP432DMA.oem4f (.text:SPIMSP432DMA_init)
                  0000c248    00000094     sysbios.aem4f : BIOS.obj (.text:clock_gettime)
                  0000c2dc    00000094     mqtt_client.a : client_core.obj (.text:groupCtxsRxPrep)
                  0000c370    00000094     sysbios.aem4f : BIOS.obj (.text:ti_sysbios_family_arm_m3_Hwi_initNVIC__E)
                  0000c404    00000090     drivers_msp432p401x.aem4f : UARTMSP432.oem4f (.text:UARTMSP432_write)
                  0000c494    00000090     simplelink.a : netapp.obj (.text:_SlNetAppHandleAsync_DnsGetHostByName)
                  0000c524    00000090                  : netapp.obj (.text:_SlNetAppHandleAsync_PingResponse)
                  0000c5b4    0000008e     mqtt_client.a : client_core.obj (.text:MQTTClientCore_sendPubMsg)
                  0000c642    00000002     --HOLE-- [fill = 0]
                  0000c644    0000008d     mqtt_client_app.obj (.text:DisplayBanner)
                  0000c6d1    00000003     --HOLE-- [fill = 0]
                  0000c6d4    0000008c     mqtt_client.a : client_core.obj (.text:MQTTClientCore_exitLib)
                  0000c760    0000008c     simplelink.a : driver.obj (.text:_SlDrvDriverIsApiAllowed)
                  0000c7ec    0000008c     mqtt_client.a : client_core.obj (.text:ack1WlMqpDispatch)
                  0000c878    0000008c                   : client_core.obj (.text:clRecv)
                  0000c904    0000008c     simplelink.a : sl_socket.obj (.text:sl_Recv)
                  0000c990    0000008c     sysbios.aem4f : m3_TaskSupport_asm.obj (.text:ti_sysbios_family_arm_m3_TaskSupport_buildTaskStack)
                  0000ca1c    00000004     dpl_msp432p401x.aem4f : SemaphoreP_tirtos.oem4f (.text:SemaphoreP_post)
                  0000ca20    0000008c     sysbios.aem4f : BIOS.obj (.text:ti_sysbios_knl_Task_postInit__I)
                  0000caac    0000008a     mqtt_client.a : mqtt_common.obj (.text:MQTT_packetPubAppendData)
                  0000cb36    0000008a     drivers_msp432p401x.aem4f : UARTMSP432.oem4f (.text:readIsrTextBlocking)
                  0000cbc0    0000008a     mqtt_client.a : cc32xx_sl_net.obj (.text:tcpListen)
                  0000cc4a    00000002     --HOLE-- [fill = 0]
                  0000cc4c    00000088                   : client_core.obj (.text:MQTTClientCore_registerBuffers)
                  0000ccd4    00000088                   : mqtt_client.obj (.text:MQTTClient_run)
                  0000cd5c    00000088     rtsv7M4_T_le_v4SPD16_eabi.lib : vsnprintf.obj (.text)
                  0000cde4    00000004     release_pem4f.oem4f (.text:ti_sysbios_BIOS_RtsGateProxy_enter__E)
                  0000cde8    00000088     sysbios.aem4f : BIOS.obj (.text:ti_sysbios_knl_Mailbox_post__E)
                  0000ce70    00000088                   : BIOS.obj (.text:xdc_runtime_Memory_alloc__E)
                  0000cef8    00000086     simplelink.a : driver.obj (.text:_SlDrvIsTimeoutExpired)
                  0000cf7e    00000086     rtsv7M4_T_le_v4SPD16_eabi.lib : fd_cmp_t2.obj (.text:__aeabi_cdcmple)
                  0000d004    00000086                                   : fd_cmp_t2.obj (.text:__aeabi_cdrcmple)
                  0000d08a    00000084     mqtt_client.a : client_core.obj (.text:MQTTClientCore_registerWillInfo)
                  0000d10e    00000002     --HOLE-- [fill = 0]
                  0000d110    00000084                   : mqtt_client.obj (.text:MQTTClient_set)
                  0000d194    00000084     mqtt_client_app.obj (.text:MqttClientThread)
                  0000d218    00000084     simplelink.a : sl_socket.obj (.text:_SlSocketHandleAsync_Close)
                  0000d29c    00000084                  : sl_socket.obj (.text:_SlSocketHandleAsync_Connect)
                  0000d320    00000084                  : sl_socket.obj (.text:sl_SetSockOpt)
                  0000d3a4    00000004     release_pem4f.oem4f (.text:ti_sysbios_BIOS_RtsGateProxy_leave__E)
                  0000d3a8    00000084     sysbios.aem4f : BIOS.obj (.text:ti_sysbios_family_arm_m3_Hwi_postInit__I)
                  0000d42c    00000004     release_pem4f.oem4f (.text:ti_sysbios_family_arm_m3_Hwi_delete)
                  0000d430    00000084     sysbios.aem4f : BIOS.obj (.text:ti_sysbios_heaps_HeapMem_free__E)
                  0000d4b4    00000004     release_pem4f.oem4f (.text:ti_sysbios_family_arm_m3_TaskSupport_Module__startupDone__S)
                  0000d4b8    00000084     sysbios.aem4f : BIOS.obj (.text:xdc_runtime_Core_constructObject__I)
                  0000d53c    00000082     mqtt_client.a : client_core.obj (.text:connectedStateRx)
                  0000d5be    00000080                   : client_core.obj (.text:ack2MsgIdDispatch)
                  0000d63e    00000002     --HOLE-- [fill = 0]
                  0000d640    00000080     sysbios.aem4f : BIOS.obj (.text:pthread_cancel)
                  0000d6c0    00000080     mqtt_client.a : cc32xx_sl_net.obj (.text:sendTo)
                  0000d740    0000007c     msp432p4xx_driverlib.lib : spi.obj (.text:SPI_initMaster)
                  0000d7bc    0000007c     mqtt_client.a : client_core.obj (.text:_procAckMsgRx)
                  0000d838    0000007c     sysbios.aem4f : BIOS.obj (.text:_pthread_abstime2ticks)
                  0000d8b4    00000004     release_pem4f.oem4f (.text:ti_sysbios_gates_GateMutex_delete)
                  0000d8b8    0000007c     sysbios.aem4f : BIOS.obj (.text:_pthread_runStub)
                  0000d934    0000007a     mqtt_client.a : client_core.obj (.text:clCtxSetup)
                  0000d9ae    0000007a     drivers_msp432p401x.aem4f : UARTMSP432.oem4f (.text:readTaskCallback)
                  0000da28    0000007a     rtsv7M4_T_le_v4SPD16_eabi.lib : memset_t2.obj (.text)
                  0000daa2    00000002     --HOLE-- [fill = 0]
                  0000daa4    00000078     mqtt_client_app.obj (.text:pushButtonInterruptHandler3)
                  0000db1c    00000078     simplelink.a : sl_socket.obj (.text:sl_Socket)
                  0000db94    00000076     mqtt_client.a : mqtt_common.obj (.text:MQTT_packetPrepFh)
                  0000dc0a    00000076                   : client_core.obj (.text:bufUTF8WrTry)
                  0000dc80    00000074                   : cc32xx_sl_net.obj (.text:tcpAccept)
                  0000dcf4    00000004     release_pem4f.oem4f (.text:ti_sysbios_heaps_HeapMem_Module_GateProxy_enter__E)
                  0000dcf8    00000074     sysbios.aem4f : BIOS.obj (.text:ti_sysbios_knl_Mailbox_pend__E)
                  0000dd6c    00000070     mqtt_client.a : mqtt_common.obj (.text:MQTT_clCtxTimeoutInsert)
                  0000dddc    00000070                   : mqtt_common.obj (.text:MQTT_packetAckWlistRemove)
                  0000de4c    00000070                   : mqtt_common.obj (.text:MQTT_qos2PubCqCheck)
                  0000debc    00000004     release_pem4f.oem4f (.text:ti_sysbios_heaps_HeapMem_Module_GateProxy_leave__E)
                  0000dec0    00000070     sysbios.aem4f : BIOS.obj (.text:acquireMutexNone$22)
                  0000df30    00000070                   : BIOS.obj (.text:ti_sysbios_heaps_HeapMem_initPrimary__I)
                  0000dfa0    00000070                   : BIOS.obj (.text:ti_sysbios_knl_Mailbox_Instance_finalize__E)
                  0000e010    00000070                   : BIOS.obj (.text:ti_sysbios_knl_Semaphore_post__E)
                  0000e080    00000070                   : BIOS.obj (.text:ti_sysbios_knl_Task_exit__E)
                  0000e0f0    00000070     mqtt_client.a : client_core.obj (.text:wrConnectVh)
                  0000e160    0000006e                   : client_core.obj (.text:MQTTClientCore_registerCtxInfo)
                  0000e1ce    00000002     --HOLE-- [fill = 0]
                  0000e1d0    0000006c     simplelink.a : device.obj (.text:_SlDeviceHandleResetRequestInternally)
                  0000e23c    0000006c                  : driver.obj (.text:_SlDrvCmdSend_noLock)
                  0000e2a8    0000006c                  : netapp.obj (.text:_SlNetAppSendTokenValue)
                  0000e314    00000004     release_pem4f.oem4f (.text:ti_sysbios_knl_Clock_TimerProxy_getMaxTicks__E)
                  0000e318    0000006c     sysbios.aem4f : BIOS.obj (.text:ti_sysbios_family_arm_msp432_Seconds_get__E)
                  0000e384    00000004     release_pem4f.oem4f (.text:ti_sysbios_knl_Clock_delete)
                  0000e388    0000006c     sysbios.aem4f : BIOS.obj (.text:ti_sysbios_knl_Clock_workFunc__E)
                  0000e3f4    00000004     release_pem4f.oem4f (.text:ti_sysbios_knl_Semaphore_delete)
                  0000e3f8    0000006c     sysbios.aem4f : BIOS.obj (.text:ti_sysbios_knl_Swi_restoreHwi__E)
                  0000e464    00000068     mqtt_client.a : client_core.obj (.text:MQTTClientCore_deleteCtx)
                  0000e4cc    00000068                   : client_core.obj (.text:MQTTClientCore_sendDisconn)
                  0000e534    00000068     drivers_msp432p401x.aem4f : UARTMSP432.oem4f (.text:UARTMSP432_writeCancel)
                  0000e59c    00000068     simplelink.a : device.obj (.text:_SlDeviceHandleAsync_Stop)
                  0000e604    00000068                  : sl_socket.obj (.text:_SlSocketHandleAsync_Accept)
                  0000e66c    00000068     rtsv7M4_T_le_v4SPD16_eabi.lib : copy_decompress_lzss.obj (.text:decompress:lzss)
                  0000e6d4    00000068     mqtt_client.a : client_core.obj (.text:doNetCloseRx)
                  0000e73c    00000068     main_tirtos.obj (.text:main)
                  0000e7a4    00000068     mqtt_client.a : client_core.obj (.text:procPingrspRx)
                  0000e80c    00000066                   : client_core.obj (.text:vhMsgSend)
                  0000e872    00000006     dpl_msp432p401x.aem4f : ClockP_tirtos.oem4f (.text:ClockP_Params_init)
                  0000e878    00000066     sysbios.aem4f : BIOS.obj (.text:xdc_runtime_Core_deleteObject__I)
                  0000e8de    00000002     --HOLE-- [fill = 0]
                  0000e8e0    00000064     drivers_msp432p401x.aem4f : GPIOMSP432.oem4f (.text:GPIO_hwiIntFxn)
                  0000e944    00000064                               : SPIMSP432DMA.oem4f (.text:SPIMSP432DMA_close)
                  0000e9a8    00000064                               : SPIMSP432DMA.oem4f (.text:SPIMSP432DMA_transfer)
                  0000ea0c    00000064     mqtt_client.a : mqtt_client.obj (.text:getAvailableClictxMem)
                  0000ea70    00000064     drivers_msp432p401x.aem4f : SPIMSP432DMA.oem4f (.text:initHw)
                  0000ead4    00000004     release_pem4f.oem4f (.text:ti_sysbios_knl_Task_delete)
                  0000ead8    00000064     sysbios.aem4f : BIOS.obj (.text:pthread_mutex_init)
                  0000eb3c    00000064     rtsv7M4_T_le_v4SPD16_eabi.lib : s_frexp.obj (.text)
                  0000eba0    00000064     sysbios.aem4f : BIOS.obj (.text:ti_sysbios_family_arm_m3_Hwi_dispatchC__I)
                  0000ec04    00000062     mqtt_client.a : client_core.obj (.text:MQTTClientCore_alloc)
                  0000ec66    00000062                   : mqtt_common.obj (.text:MQTT_packetBufTailWrRemlen)
                  0000ecc8    00000060                   : mqtt_common.obj (.text:MQTT_packetBufRdRemlen)
                  0000ed28    00000060                   : client_core.obj (.text:clientDescInit)
                  0000ed88    00000060                   : client_core.obj (.text:netConnect)
                  0000ede8    00000060     sysbios.aem4f : BIOS.obj (.text:pthread_exit)
                  0000ee48    00000060     mqtt_client.a : cc32xx_sl_net.obj (.text:tcpRecv)
                  0000eea8    0000005e                   : client_core.obj (.text:clCtxRecv)
                  0000ef06    00000002     --HOLE-- [fill = 0]
                  0000ef08    0000005c     drivers_msp432p401x.aem4f : GPIOMSP432.oem4f (.text:GPIO_write)
                  0000ef64    0000005c     mqtt_client.a : client_core.obj (.text:MQTTClientCore_run)
                  0000efc0    0000005c     drivers_msp432p401x.aem4f : PowerMSP432.oem4f (.text:PowerMSP432_getFreqs)
                  0000f01c    0000005c     mqtt_client.a : client_core.obj (.text:grpNetSetupCreate)
                  0000f078    0000005c     sysbios.aem4f : BIOS.obj (.text:ti_sysbios_knl_Swi_run__I)
                  0000f0d4    00000004     release_pem4f.oem4f (.text:xdc_runtime_System_Module_GateProxy_enter__E)
                  0000f0d8    0000005c     sysbios.aem4f : BIOS.obj (.text:ti_sysbios_knl_Swi_schedule__I)
                  0000f134    00000004     release_pem4f.oem4f (.text:xdc_runtime_System_Module_GateProxy_leave__E)
                  0000f138    0000005c     sysbios.aem4f : BIOS.obj (.text:ti_sysbios_knl_Task_Module_startup__E)
                  0000f194    00000004     --HOLE-- [fill = 0]
                  0000f198    0000005c                   : BIOS.obj (.text:ti_sysbios_knl_Task_startCore__E)
                  0000f1f4    00000004     --HOLE-- [fill = 0]
                  0000f1f8    0000005c                   : BIOS.obj (.text:xdc_runtime_Startup_exec__E)
                  0000f254    0000005a     mqtt_client.a : client_core.obj (.text:singleCtxRxPrep)
                  0000f2ae    00000002     --HOLE-- [fill = 0]
                  0000f2b0    00000058     drivers_msp432p401x.aem4f : UDMAMSP432.oem4f (.text:UDMAMSP432_open)
                  0000f308    00000058     boot.aem4f : boot.oem4f (.text)
                  0000f360    00000058     mqtt_client.a : client_core.obj (.text:doNetCloseTx)
                  0000f3b8    00000058     drivers_msp432p401x.aem4f : UARTMSP432.oem4f (.text:readIsrBinaryBlocking)
                  0000f410    00000058     simplelink.a : sl_socket.obj (.text:sl_Listen)
                  0000f468    00000058     sysbios.aem4f : m3_Hwi_asm_switch.obj (.text:ti_sysbios_family_arm_m3_Hwi_initStacks__E)
                  0000f4c0    00000056     mqtt_client.a : mqtt_common.obj (.text:MQTT_clCtxRemove)
                  0000f516    00000002     --HOLE-- [fill = 0]
                  0000f518    00000054     drivers_msp432p401x.aem4f : GPIOMSP432.oem4f (.text:GPIO_setCallback)
                  0000f56c    00000054     uart_term.obj (.text:InitTerm)
                  0000f5c0    00000054     mqtt_client.a : client_core.obj (.text:MQTTClientCore_registerNetSvc)
                  0000f614    00000054     simplelink.a : cc_pal.obj (.text:NwpRegisterInterruptHandler)
                  0000f668    00000054     drivers_msp432p401x.aem4f : PowerMSP432.oem4f (.text:Power_init)
                  0000f6bc    00000054                               : PowerMSP432.oem4f (.text:restartHFXT)
                  0000f710    00000054     rtsv7M4_T_le_v4SPD16_eabi.lib : ltoa.obj (.text)
                  0000f764    00000054     release_pem4f.oem4f (.text:ti_sysbios_family_arm_m3_Hwi_create)
                  0000f7b8    00000054     sysbios.aem4f : BIOS.obj (.text:ti_sysbios_family_arm_msp432_Timer_initDevice__I)
                  0000f80c    00000054     release_pem4f.oem4f (.text:ti_sysbios_knl_Mailbox_create)
                  0000f860    00000054     sysbios.aem4f : BIOS.obj (.text:timer_gettime)
                  0000f8b4    00000004     --HOLE-- [fill = 0]
                  0000f8b8    00000054                   : BIOS.obj (.text:xdc_runtime_Core_assignLabel__I)
                  0000f90c    00000053     mqtt_client.a : client_core.obj (.text:ack1WlRmfree)
                  0000f95f    00000001     --HOLE-- [fill = 0]
                  0000f960    00000052                   : client_core.obj (.text:_procPubRecRx)
                  0000f9b2    00000052                   : client_core.obj (.text:clCtxSeg1Send)
                  0000fa04    00000050                   : mqtt_client.obj (.text:MQTTClient_disconnect)
                  0000fa54    00000050     dpl_msp432p401x.aem4f : PowerMSP432_tirtos.oem4f (.text:PowerMSP432_sleepPolicy)
                  0000faa4    00000050     simplelink.a : eventreg.obj (.text:_SlNetAppHttpServerHdlr)
                  0000faf4    00000050                  : eventreg.obj (.text:_SlNetAppRequestHdlr)
                  0000fb44    00000050     mqtt_client.a : client_core.obj (.text:loopbTrigger)
                  0000fb94    00000050                   : client_core.obj (.text:mqpAllocAtomic)
                  0000fbe4    00000004     --HOLE-- [fill = 0]
                  0000fbe8    00000050     sysbios.aem4f : BIOS.obj (.text:ti_sysbios_family_arm_m3_Hwi_Module_startup__E)
                  0000fc38    00000050     release_pem4f.oem4f (.text:ti_sysbios_knl_Task_create)
                  0000fc88    0000004f     mqtt_client.a : client_core.obj (.text:sessionResume)
                  0000fcd7    00000001     --HOLE-- [fill = 0]
                  0000fcd8    0000004e                   : client_core.obj (.text:ack2MsgIdUnlog)
                  0000fd26    00000002     --HOLE-- [fill = 0]
                  0000fd28    0000004d                   : client_core.obj (.text:sessionDelete)
                  0000fd75    00000003     --HOLE-- [fill = 0]
                  0000fd78    0000004c                   : mqtt_client.obj (.text:MqttClientCtxDelete)
                  0000fdc4    0000004c     simplelink.a : driver.obj (.text:_SlDrvProtectAsyncRespSetting)
                  0000fe10    0000004c                  : driver.obj (.text:_SlDrvRxIrqHandler)
                  0000fe5c    0000004c     mqtt_client.a : mqtt_client.obj (.text:_sl_ExtLib_ServerAckLockedWait)
                  0000fea8    0000004c     drivers_msp432p401x.aem4f : UARTMSP432.oem4f (.text:readIsrBinaryCallback)
                  0000fef4    0000004c     rtsv7M4_T_le_v4SPD16_eabi.lib : atoi.obj (.text)
                  0000ff40    0000004c                                   : cpy_tbl.obj (.text)
                  0000ff8c    0000004c     mqtt_client.a : client_core.obj (.text:singleCtxAdjWaitSecsGet)
                  0000ffd8    0000004c     simplelink.a : wlan.obj (.text:sl_WlanSetMode)
                  00010024    00000004     --HOLE-- [fill = 0]
                  00010028    0000004c     sysbios.aem4f : BIOS.obj (.text:ti_sysbios_family_arm_msp432_Timer_postInit__I)
                  00010074    00000004     --HOLE-- [fill = 0]
                  00010078    0000004c                   : BIOS.obj (.text:ti_sysbios_family_arm_msp432_Timer_start__E)
                  000100c4    00000004     --HOLE-- [fill = 0]
                  000100c8    0000004c                   : BIOS.obj (.text:ti_sysbios_heaps_HeapMem_getStats__E)
                  00010114    00000004     --HOLE-- [fill = 0]
                  00010118    0000004c                   : BIOS.obj (.text:ti_sysbios_knl_Swi_runLoop__I)
                  00010164    00000004     --HOLE-- [fill = 0]
                  00010168    0000004c                   : BIOS.obj (.text:ti_sysbios_knl_Task_allBlockedFunction__I)
                  000101b4    00000004     --HOLE-- [fill = 0]
                  000101b8    0000004c                   : BIOS.obj (.text:ti_sysbios_knl_Task_schedule__I)
                  00010204    0000004a     mqtt_client.a : client_core.obj (.text:recvHvecLoad)
                  0001024e    00000002     --HOLE-- [fill = 0]
                  00010250    00000048     dpl_msp432p401x.aem4f : ClockP_tirtos.oem4f (.text:ClockP_create)
                  00010298    00000048     mqtt_client_app.obj (.text:LedTimerConfigNStart)
                  000102e0    00000048     mqtt_client_app.obj (.text:MQTT_SendMsgToQueue)
                  00010328    00000048     drivers_msp432p401x.aem4f : PowerMSP432.oem4f (.text:Power_releaseConstraint)
                  00010370    00000048                               : SPIMSP432DMA.oem4f (.text:SPIMSP432DMA_hwiFxn)
                  000103b8    00000048     simplelink.a : eventreg.obj (.text:_SlDeviceFatalErrorEvtHdlr)
                  00010400    00000048                  : eventreg.obj (.text:_SlDeviceGeneralEvtHdlr)
                  00010448    00000048                  : driver.obj (.text:_SlDrvBasicCmd)
                  00010490    00000048                  : driver.obj (.text:_SlDrvSyncObjWaitTimeout)
                  000104d8    00000048                  : eventreg.obj (.text:_SlNetAppEvtHdlr)
                  00010520    00000048                  : eventreg.obj (.text:_SlNetAppRequestMemFree)
                  00010568    00000048                  : eventreg.obj (.text:_SlSockEvtHdlr)
                  000105b0    00000048                  : eventreg.obj (.text:_SlWlanEvtHdlr)
                  000105f8    00000048     mqtt_client.a : client_core.obj (.text:procLoopbackRecv)
                  00010640    00000048                   : mqtt_client.obj (.text:processDisconnCB)
                  00010688    00000048     rtsv7M4_T_le_v4SPD16_eabi.lib : fd_toi_t2.obj (.text)
                  000106d0    00000048     sysbios.aem4f : BIOS.obj (.text:ti_sysbios_family_arm_m3_Hwi_disableInterrupt__E)
                  00010718    00000048                   : BIOS.obj (.text:ti_sysbios_family_arm_m3_Hwi_enableInterrupt__E)
                  00010760    00000048                   : BIOS.obj (.text:ti_sysbios_knl_Mailbox_Module_startup__E)
                  000107a8    00000046     drivers_msp432p401x.aem4f : RingBuf.oem4f (.text:RingBuf_put)
                  000107ee    00000046     mqtt_client.a : mqtt_common.obj (.text:mqpProcVhMsgIdRx)
                  00010834    00000004     --HOLE-- [fill = 0]
                  00010838    00000046     sysbios.aem4f : BIOS.obj (.text:xdc_runtime_Core_assignParams__I)
                  0001087e    00000044     mqtt_client.a : mqtt_common.obj (.text:MQTT_qos2PubCqUnlog)
                  000108c2    00000002     --HOLE-- [fill = 0]
                  000108c4    00000044     drivers_msp432p401x.aem4f : SPI.oem4f (.text:SPI_init)
                  00010908    00000044                               : UART.oem4f (.text:UART_init)
                  0001094c    00000044     mqtt_client.a : client_core.obj (.text:singleCtxRxPrepLocked)
                  00010990    00000044                   : client_core.obj (.text:tailIncorpMsgID)
                  000109d4    00000004     --HOLE-- [fill = 0]
                  000109d8    00000044     sysbios.aem4f : BIOS.obj (.text:ti_sysbios_family_arm_m3_Hwi_getStackInfo__E)
                  00010a1c    00000004     --HOLE-- [fill = 0]
                  00010a20    00000044                   : BIOS.obj (.text:ti_sysbios_family_arm_msp432_Seconds_Module_startup__E)
                  00010a64    00000004     --HOLE-- [fill = 0]
                  00010a68    00000044                   : BIOS.obj (.text:ti_sysbios_knl_Swi_post__E)
                  00010aac    00000042     mqtt_client.a : client_core.obj (.text:pingReqSend)
                  00010aee    00000042     simplelink.a : sl_socket.obj (.text:sl_Htonl)
                  00010b30    00000042     mqtt_client.a : client_core.obj (.text:txPartSetup)
                  00010b72    00000002     --HOLE-- [fill = 0]
                  00010b74    00000040     dpl_msp432p401x.aem4f : HwiP_tirtos.oem4f (.text:HwiP_create)
                  00010bb4    00000040     network_if.obj (.text:InitializeAppVariables)
                  00010bf4    00000040     mqtt_client.a : mqtt_common.obj (.text:MQTT_clCtxTimeoutUpdate)
                  00010c34    00000040     drivers_msp432p401x.aem4f : RingBuf.oem4f (.text:RingBuf_get)
                  00010c74    00000040     network_if.obj (.text:SimpleLinkGeneralEventHandler)
                  00010cb4    00000040     drivers_msp432p401x.aem4f : UARTMSP432.oem4f (.text:UARTMSP432_read)
                  00010cf4    00000040                               : UDMAMSP432.oem4f (.text:UDMAMSP432_init)
                  00010d34    00000040     simplelink.a : driver.obj (.text:_SlDrvGlobalObjUnLock)
                  00010d74    00000040                  : eventreg.obj (.text:_SlIsEventRegistered)
                  00010db4    00000040                  : eventreg.obj (.text:_SlSocketTriggerEventHandler)
                  00010df4    00000040     mqtt_client.a : client_core.obj (.text:groupCtxsKaSequence)
                  00010e34    00000040     drivers_msp432p401x.aem4f : PowerMSP432.oem4f (.text:notify)
                  00010e74    00000040                               : UARTMSP432.oem4f (.text:perfChangeNotifyFxn)
                  00010eb4    00000040     mqtt_client_app.obj (.text:pushButtonInterruptHandler2)
                  00010ef4    00000040     rtsv7M4_T_le_v4SPD16_eabi.lib : strtok.obj (.text)
                  00010f34    00000004     --HOLE-- [fill = 0]
                  00010f38    00000040     sysbios.aem4f : BIOS.obj (.text:ti_sysbios_family_arm_msp432_Timer_Module_startup__E)
                  00010f78    00000040                   : BIOS.obj (.text:ti_sysbios_family_arm_msp432_Timer_startup__E)
                  00010fb8    00000040                   : BIOS.obj (.text:ti_sysbios_heaps_HeapMem_Instance_init__E)
                  00010ff8    0000003e     mqtt_client.a : mqtt_common.obj (.text:MQTT_qos2PubCqLogup)
                  00011036    0000003e     simplelink.a : sl_socket.obj (.text:_SlSocketBuildAddress)
                  00011074    0000003e     release_pem4f.oem4f (.text:realloc)
                  000110b2    0000003e     mqtt_client.a : client_core.obj (.text:session311fix)
                  000110f0    0000003c     network_if.obj (.text:Network_IF_DisconnectFromAP)
                  0001112c    0000003c     drivers_msp432p401x.aem4f : SPI.oem4f (.text:SPI_open)
                  00011168    0000003c     dpl_msp432p401x.aem4f : SemaphoreP_tirtos.oem4f (.text:SemaphoreP_create)
                  000111a4    0000003c     drivers_msp432p401x.aem4f : UART.oem4f (.text:UART_open)
                  000111e0    0000003c     simplelink.a : netapp.obj (.text:_SlNetAppCopyPingResultsToReport)
                  0001121c    0000003c     mqtt_client.a : client_core.obj (.text:mqpFreeLocked)
                  00011258    0000003c     sysbios.aem4f : BIOS.obj (.text:pthread_mutex_unlock)
                  00011294    0000003c     simplelink.a : sl_socket.obj (.text:sl_Htons)
                  000112d0    0000003c     sysbios.aem4f : BIOS.obj (.text:ti_sysbios_family_arm_m3_Hwi_Instance_finalize__E)
                  0001130c    00000004     --HOLE-- [fill = 0]
                  00011310    0000003c                   : BIOS.obj (.text:ti_sysbios_knl_Clock_Instance_init__E)
                  0001134c    0000003c     release_pem4f.oem4f (.text:ti_sysbios_knl_Clock_create)
                  00011388    0000003c     sysbios.aem4f : BIOS.obj (.text:ti_sysbios_knl_Swi_restore__E)
                  000113c4    00000038     drivers_msp432p401x.aem4f : GPIOMSP432.oem4f (.text:GPIO_toggle)
                  000113fc    00000038     mqtt_client.a : client_core.obj (.text:MQTT_bufWrNbytes)
                  00011434    00000038                   : mqtt_common.obj (.text:MQTT_bufWrNbytes)
                  0001146c    00000038     drivers_msp432p401x.aem4f : PowerMSP432.oem4f (.text:Power_setConstraint)
                  000114a4    00000038     mqtt_client.a : client_core.obj (.text:netSend)
                  000114dc    00000004     --HOLE-- [fill = 0]
                  000114e0    00000038     sysbios.aem4f : BIOS.obj (.text:pthread_setschedparam)
                  00011518    00000038                   : BIOS.obj (.text:xdc_runtime_System_atexit__E)
                  00011550    00000036     mqtt_client.a : mqtt_common.obj (.text:MQTT_bufSet)
                  00011586    00000036                   : mqtt_common.obj (.text:MQTT_packetAckWlistAppend)
                  000115bc    00000036                   : mqtt_common.obj (.text:MQTT_packetBufWrUtf8)
                  000115f2    00000036                   : mqtt_common.obj (.text:MQTT_packetProcMsgIdAckRx)
                  00011628    00000036     drivers_msp432p401x.aem4f : UARTMSP432.oem4f (.text:UARTMSP432_readCancel)
                  0001165e    00000002     --HOLE-- [fill = 0]
                  00011660    00000036     sysbios.aem4f : BIOS.obj (.text:mq_timedsend)
                  00011696    00000036     rtsv7M4_T_le_v4SPD16_eabi.lib : strncpy.obj (.text)
                  000116cc    00000034     mqtt_client.a : mqtt_common.obj (.text:MQTT_packetReset)
                  00011700    00000034                   : mqtt_client.obj (.text:SetCondAwaitedAckLocked)
                  00011734    00000034                   : client_core.obj (.text:_procPubRelRx)
                  00011768    00000034                   : client_core.obj (.text:conn2usedCtxs)
                  0001179c    00000034     simplelink.a : cc_pal.obj (.text:spi_Open)
                  000117d0    00000034     release_pem4f.oem4f (.text:ti_sysbios_knl_Semaphore_create)
                  00011804    00000032     mqtt_client.a : mqtt_common.obj (.text:MQTT_packetAckWlistPurge)
                  00011836    00000032                   : client_core.obj (.text:awaitsPkts)
                  00011868    00000032                   : client_core.obj (.text:procNetDataRecv)
                  0001189a    00000006     dpl_msp432p401x.aem4f : MutexP_tirtos.oem4f (.text:MutexP_Params_init)
                  000118a0    00000032     sysbios.aem4f : BIOS.obj (.text:ti_sysbios_hal_Hwi_initStack)
                  000118d2    00000002     --HOLE-- [fill = 0]
                  000118d4    00000030     drivers_msp432p401x.aem4f : GPIOMSP432.oem4f (.text:GPIO_clearInt)
                  00011904    00000030                               : GPIOMSP432.oem4f (.text:GPIO_disableInt)
                  00011934    00000030                               : GPIOMSP432.oem4f (.text:GPIO_enableInt)
                  00011964    00000030     mqtt_client.a : mqtt_common.obj (.text:MQTT_clCtxReset)
                  00011994    00000030     simplelink.a : driver.obj (.text:_SlDrvSyncObjWaitForever)
                  000119c4    00000004     --HOLE-- [fill = 0]
                  000119c8    00000030     sysbios.aem4f : BIOS.obj (.text:findInList$26)
                  000119f8    00000030     msp432p4xx_driverlib.lib : spi.obj (.text:is_A_Module)
                  00011a28    00000030     drivers_msp432p401x.aem4f : SPIMSP432DMA.oem4f (.text:mapPin)
                  00011a58    00000030                               : UARTMSP432.oem4f (.text:mapPin)
                  00011a88    00000030     sysbios.aem4f : BIOS.obj (.text:mq_close)
                  00011ab8    00000030     mqtt_client_app.obj (.text:printBorder)
                  00011ae8    00000030     release_pem4f.oem4f (.text:ti_sysbios_BIOS_atExitFunc__I)
                  00011b18    00000030     release_pem4f.oem4f (.text:ti_sysbios_BIOS_startFunc__I)
                  00011b48    00000030     sysbios.aem4f : BIOS.obj (.text:ti_sysbios_family_arm_m3_TaskSupport_start__E)
                  00011b78    00000030     release_pem4f.oem4f (.text:ti_sysbios_gates_GateHwi_Object__create__S)
                  00011ba8    00000030     release_pem4f.oem4f (.text:ti_sysbios_gates_GateMutex_Object__create__S)
                  00011bd8    00000030     release_pem4f.oem4f (.text:ti_sysbios_gates_GateMutex_create)
                  00011c08    00000030     sysbios.aem4f : BIOS.obj (.text:ti_sysbios_gates_GateMutex_enter__E)
                  00011c38    00000030     release_pem4f.oem4f (.text:ti_sysbios_heaps_HeapMem_Object__create__S)
                  00011c68    00000030     release_pem4f.oem4f (.text:ti_sysbios_knl_Clock_construct)
                  00011c98    00000030     sysbios.aem4f : BIOS.obj (.text:ti_sysbios_knl_Mailbox_postInit__I)
                  00011cc8    00000030     release_pem4f.oem4f (.text:ti_sysbios_knl_Semaphore_construct)
                  00011cf8    00000030     sysbios.aem4f : BIOS.obj (.text:ti_sysbios_knl_Semaphore_pendTimeout__I)
                  00011d28    00000030                   : BIOS.obj (.text:ti_sysbios_knl_Task_processVitalTaskFlag__I)
                  00011d58    00000030                   : BIOS.obj (.text:ti_sysbios_knl_Task_unblockI__E)
                  00011d88    00000030                   : BIOS.obj (.text:timer_delete)
                  00011db8    00000030                   : BIOS.obj (.text:xdc_runtime_System_processAtExit__E)
                  00011de8    0000002e     mqtt_client.a : mqtt_client.obj (.text:MQTTClient_publish)
                  00011e16    0000002e                   : mqtt_client.obj (.text:_sl_ExtLib_AwaitedAckSet)
                  00011e44    0000002e     rtsv7M4_T_le_v4SPD16_eabi.lib : i_tofd_t2.obj (.text)
                  00011e72    0000002e     release_pem4f.oem4f (.text:ti_sysbios_rts_gnu_MemAlloc_alloc)
                  00011ea0    0000002c     dpl_msp432p401x.aem4f : PowerMSP432_tirtos.oem4f (.text:PowerMSP432_updateFreqs)
                  00011ecc    0000002c                           : SemaphoreP_tirtos.oem4f (.text:SemaphoreP_createBinary)
                  00011ef8    0000002c     mqtt_client_app.obj (.text:TimerPeriodicIntHandler)
                  00011f24    0000002c     mqtt_client.a : mqtt_client.obj (.text:_sl_ExtLib_AwaitedAckLockedSet)
                  00011f50    0000002c                   : client_core.obj (.text:mqpDoNotReportCor)
                  00011f7c    0000002c                   : client_core.obj (.text:netClCtxFind)
                  00011fa8    0000002c     rtsv7M4_T_le_v4SPD16_eabi.lib : strncmp.obj (.text)
                  00011fd4    0000002c     release_pem4f.oem4f (.text:ti_sysbios_knl_Clock_doTick__I)
                  00012000    0000002c     sysbios.aem4f : BIOS.obj (.text:ti_sysbios_knl_Clock_getTimeout__E)
                  0001202c    0000002c     release_pem4f.oem4f (.text:ti_sysbios_knl_Queue_construct)
                  00012058    0000002c     sysbios.aem4f : BIOS.obj (.text:ti_sysbios_knl_Task_restore__E)
                  00012084    0000002c     mqtt_client.a : client_core.obj (.text:txPartBufP)
                  000120b0    0000002c     sysbios.aem4f : BIOS.obj (.text:usleep)
                  000120dc    0000002a     mqtt_client.a : client_core.obj (.text:connSentStateRx)
                  00012106    0000002a     drivers_msp432p401x.aem4f : SPIMSP432DMA.oem4f (.text:perfChangeNotifyFxn)
                  00012130    0000002a     rtsv7M4_T_le_v4SPD16_eabi.lib : strspn.obj (.text)
                  0001215a    00000028     mqtt_client.a : client_core.obj (.text:MQTT_bufWrNbo2B)
                  00012182    00000028                   : mqtt_common.obj (.text:MQTT_bufWrNbo2B)
                  000121aa    00000002     --HOLE-- [fill = 0]
                  000121ac    00000028     drivers_msp432p401x.aem4f : PowerMSP432.oem4f (.text:Power_registerNotify)
                  000121d4    00000028     simplelink.a : sl_socket.obj (.text:SL_SOCKET_FD_ISSET)
                  000121fc    00000028                  : driver.obj (.text:_SlDrvProtectionObjLockWaitForever)
                  00012224    00000028                  : driver.obj (.text:_SlDrvProtectionObjUnLock)
                  0001224c    00000028                  : driver.obj (.text:_SlDrvUpdateApiInProgress)
                  00012274    00000028                  : flowcont.obj (.text:_SlFlowContSet)
                  0001229c    00000028     drivers_msp432p401x.aem4f : PowerMSP432.oem4f (.text:disableHFXT)
                  000122c4    00000028                               : UARTMSP432.oem4f (.text:findBaudDividerIndex)
                  000122ec    00000004     --HOLE-- [fill = 0]
                  000122f0    00000028     sysbios.aem4f : BIOS.obj (.text:mq_receive)
                  00012318    00000028                   : BIOS.obj (.text:ti_sysbios_knl_Clock_addI__E)
                  00012340    00000028                   : BIOS.obj (.text:ti_sysbios_knl_Swi_Module_startup__E)
                  00012368    00000026     drivers_msp432p401x.aem4f : List.oem4f (.text:List_put)
                  0001238e    00000026     mqtt_client.a : client_core.obj (.text:MQTTClientCore_ctxRun)
                  000123b4    00000026                   : client_core.obj (.text:MQTTClientCore_sendConnectMsg)
                  000123da    00000026     simplelink.a : cc_pal.obj (.text:Semaphore_create_handle)
                  00012400    00000026     mqtt_client.a : client_core.obj (.text:isConnected)
                  00012426    00000026                   : cc32xx_sl_net.obj (.text:tcpSend)
                  0001244c    00000026     sysbios.aem4f : m3_Hwi_asm.obj (.text:ti_sysbios_family_arm_m3_Hwi_pendSV__I)
                  00012472    00000002     --HOLE-- [fill = 0]
                  00012474    00000024     simplelink.a : cc_pal.obj (.text:HostIrqGPIO_callback)
                  00012498    00000024     mqtt_client.a : mqtt_common.obj (.text:MQTT_packetInit)
                  000124bc    00000024     simplelink.a : cc_pal.obj (.text:Mutex_create_handle)
                  000124e0    00000024     drivers_msp432p401x.aem4f : SPIMSP432DMA.oem4f (.text:SPIMSP432DMA_transferCancel)
                  00012504    00000024     simplelink.a : driver.obj (.text:_SlDrvIsApiInProgress)
                  00012528    00000024                  : driver.obj (.text:_SlDrvStartMeasureTimeout)
                  0001254c    00000004     --HOLE-- [fill = 0]
                  00012550    00000024     sysbios.aem4f : BIOS.obj (.text:pthread_attr_init)
                  00012574    00000004     --HOLE-- [fill = 0]
                  00012578    00000024                   : BIOS.obj (.text:pthread_mutex_destroy)
                  0001259c    00000024     rtsv7M4_T_le_v4SPD16_eabi.lib : memmov.obj (.text)
                  000125c0    00000024                                   : strcspn.obj (.text)
                  000125e4    00000024     simplelink.a : wlan.obj (.text:sl_WlanDisconnect)
                  00012608    00000024     release_pem4f.oem4f (.text:ti_sysbios_BIOS_registerRTSLock__I)
                  0001262c    00000024     release_pem4f.oem4f (.text:ti_sysbios_BIOS_removeRTSLock__I)
                  00012650    00000024     sysbios.aem4f : BIOS.obj (.text:ti_sysbios_family_arm_msp432_ClockFreqs_setFrequency__E)
                  00012674    00000024     release_pem4f.oem4f (.text:ti_sysbios_gates_GateMutex_Object__delete__S)
                  00012698    00000024     sysbios.aem4f : BIOS.obj (.text:ti_sysbios_knl_Clock_Module_startup__E)
                  000126bc    00000024     release_pem4f.oem4f (.text:ti_sysbios_knl_Clock_Object__delete__S)
                  000126e0    00000024     sysbios.aem4f : BIOS.obj (.text:ti_sysbios_knl_Clock_start__E)
                  00012704    00000004     --HOLE-- [fill = 0]
                  00012708    00000024                   : BIOS.obj (.text:ti_sysbios_knl_Semaphore_Instance_init__E)
                  0001272c    00000024     release_pem4f.oem4f (.text:ti_sysbios_knl_Semaphore_Object__delete__S)
                  00012750    00000024     sysbios.aem4f : BIOS.obj (.text:ti_sysbios_knl_Task_restoreHwi__E)
                  00012774    00000004     --HOLE-- [fill = 0]
                  00012778    00000024                   : BIOS.obj (.text:xdc_runtime_Error_policyMin__E)
                  0001279c    00000022     mqtt_client.a : mqtt_common.obj (.text:MQTT_packetFree)
                  000127be    00000022                   : mqtt_common.obj (.text:MQTT_qos2PubCqReset)
                  000127e0    00000022     simplelink.a : sl_socket.obj (.text:SL_SOCKET_FD_SET)
                  00012802    00000022     mqtt_client.a : client_core.obj (.text:_txPartReset)
                  00012824    00000020                   : mqtt_common.obj (.text:MQTT_secureConnStructInit)
                  00012844    00000020     drivers_msp432p401x.aem4f : PowerMSP432.oem4f (.text:Power_unregisterNotify)
                  00012864    00000020                               : RingBuf.oem4f (.text:RingBuf_peek)
                  00012884    00000020                               : UDMAMSP432.oem4f (.text:UDMAMSP432_close)
                  000128a4    00000020     simplelink.a : driver.obj (.text:_SlDrvObjLockWaitForever)
                  000128c4    00000020                  : driver.obj (.text:_SlDrvObjUnLock)
                  000128e4    00000020     mqtt_client.a : client_core.obj (.text:groupCtxsAdjWaitSecsGet)
                  00012904    00000004     --HOLE-- [fill = 0]
                  00012908    00000020     sysbios.aem4f : BIOS.obj (.text:sleep)
                  00012928    00000020     release_pem4f.oem4f (.text:ti_sysbios_BIOS_rtsLock__I)
                  00012948    00000020     release_pem4f.oem4f (.text:ti_sysbios_family_arm_m3_Hwi_Object__delete__S)
                  00012968    00000020     sysbios.aem4f : m3_Hwi_asm.obj (.text:ti_sysbios_family_arm_m3_Hwi_excHandlerAsm__I)
                  00012988    00000020                   : BIOS.obj (.text:ti_sysbios_family_arm_m3_Hwi_excHandler__I)
                  000129a8    00000020     release_pem4f.oem4f (.text:ti_sysbios_gates_GateHwi_Object__delete__S)
                  000129c8    00000020     release_pem4f.oem4f (.text:ti_sysbios_heaps_HeapMem_Object__delete__S)
                  000129e8    00000020     release_pem4f.oem4f (.text:ti_sysbios_knl_Clock_destruct)
                  00012a08    00000020     sysbios.aem4f : BIOS.obj (.text:ti_sysbios_knl_Idle_run__E)
                  00012a28    00000020     release_pem4f.oem4f (.text:ti_sysbios_knl_Semaphore_destruct)
                  00012a48    00000020     release_pem4f.oem4f (.text:ti_sysbios_knl_Task_Object__delete__S)
                  00012a68    0000001e     mqtt_client.a : mqtt_common.obj (.text:MQTT_bufRdNbo2B)
                  00012a86    0000001e     simplelink.a : driver.obj (.text:_SlDrvSyncObjSignal)
                  00012aa4    0000001e     mqtt_client.a : client_core.obj (.text:isValidUTF8String)
                  00012ac2    0000001e     sysbios.aem4f : m3_Hwi_asm_switch.obj (.text:ti_sysbios_family_xxx_Hwi_switchAndRunFunc)
                  00012ae0    0000001c     uart_term.obj (.text:Message)
                  00012afc    0000001c     simplelink.a : device.obj (.text:_SlDeviceGetStartResponseConvert)
                  00012b18    0000001c     mqtt_client.a : client_core.obj (.text:clCtxFreeup)
                  00012b34    0000001c     MSP_EXP432P401R.obj (.text:dmaErrorHwi)
                  00012b50    0000001c     mqtt_client.a : client_core.obj (.text:getConnectVhLen)
                  00012b6c    0000001c                   : client_core.obj (.text:mqpFree)
                  00012b88    0000001c     rtsv7M4_T_le_v4SPD16_eabi.lib : memccpy.obj (.text)
                  00012ba4    00000004     --HOLE-- [fill = 0]
                  00012ba8    0000001c     sysbios.aem4f : BIOS.obj (.text:ti_sysbios_gates_GateMutex_Instance_init__E)
                  00012bc4    00000004     --HOLE-- [fill = 0]
                  00012bc8    0000001c                   : BIOS.obj (.text:ti_sysbios_knl_Clock_Instance_finalize__E)
                  00012be4    0000001c     release_pem4f.oem4f (.text:ti_sysbios_knl_Queue_destruct)
                  00012c00    0000001c     sysbios.aem4f : BIOS.obj (.text:ti_sysbios_knl_Queue_get__E)
                  00012c1c    00000004     --HOLE-- [fill = 0]
                  00012c20    0000001c                   : BIOS.obj (.text:ti_sysbios_knl_Queue_put__E)
                  00012c3c    00000004     --HOLE-- [fill = 0]
                  00012c40    0000001c                   : BIOS.obj (.text:ti_sysbios_knl_Task_enter__I)
                  00012c5c    00000004     --HOLE-- [fill = 0]
                  00012c60    0000001c                   : BIOS.obj (.text:timerThreadFxn$30)
                  00012c7c    0000001c     mqtt_client.a : client_core.obj (.text:txPartReset)
                  00012c98    0000001c                   : client_core.obj (.text:usedCtxsTOSort)
                  00012cb4    00000004     --HOLE-- [fill = 0]
                  00012cb8    0000001c     sysbios.aem4f : BIOS.obj (.text:xdc_runtime_Memory_valloc__E)
                  00012cd4    00000004     --HOLE-- [fill = 0]
                  00012cd8    0000001c                   : BIOS.obj (.text:xdc_runtime_System_abort__E)
                  00012cf4    0000001a     mqtt_client.a : cc32xx_sl_net.obj (.text:commClose)
                  00012d0e    00000002     --HOLE-- [fill = 0]
                  00012d10    00000018     release_pem4f.oem4f (.text:.bootCodeSection:ti_sysbios_family_arm_msp432_init_Boot_init__I)
                  00012d28    00000018     mqtt_client.a : mqtt_client.obj (.text:MQTTClient_subscribe)
                  00012d40    00000018                   : mqtt_client.obj (.text:MQTTClient_unsubscribe)
                  00012d58    00000018     drivers_msp432p401x.aem4f : PowerMSP432.oem4f (.text:Power_idleFunc)
                  00012d70    00000018                               : UART.oem4f (.text:UART_Params_init)
                  00012d88    00000018     release_pem4f.oem4f (.text:free)
                  00012da0    00000018     sysbios.aem4f : BIOS.obj (.text:pthread_attr_setschedparam)
                  00012db8    00000018     uart_term.obj (.text:putch)
                  00012dd0    00000018     rtsv7M4_T_le_v4SPD16_eabi.lib : args_main.obj (.text)
                  00012de8    00000018                                   : strcmp.obj (.text)
                  00012e00    00000018     release_pem4f.oem4f (.text:ti_sysbios_BIOS_rtsUnlock__I)
                  00012e18    00000018     release_pem4f.oem4f (.text:ti_sysbios_family_arm_m3_Hwi_Module__startupDone__F)
                  00012e30    00000018     sysbios.aem4f : m3_TaskSupport_asm.obj (.text:ti_sysbios_family_arm_m3_TaskSupport_swap__E)
                  00012e48    00000018     release_pem4f.oem4f (.text:ti_sysbios_family_arm_msp432_Timer_Module__startupDone__F)
                  00012e60    00000018     release_pem4f.oem4f (.text:ti_sysbios_gates_GateHwi_Handle__label__S)
                  00012e78    00000018     release_pem4f.oem4f (.text:ti_sysbios_gates_GateMutex_Handle__label__S)
                  00012e90    00000018     sysbios.aem4f : BIOS.obj (.text:ti_sysbios_gates_GateMutex_leave__E)
                  00012ea8    00000018     release_pem4f.oem4f (.text:ti_sysbios_heaps_HeapMem_Handle__label__S)
                  00012ec0    00000018     sysbios.aem4f : BIOS.obj (.text:ti_sysbios_knl_Task_sleepTimeout__I)
                  00012ed8    00000018                   : BIOS.obj (.text:xdc_runtime_Error_init__E)
                  00012ef0    00000018                   : BIOS.obj (.text:xdc_runtime_System_exit__E)
                  00012f08    00000016     drivers_msp432p401x.aem4f : List.oem4f (.text:List_remove)
                  00012f1e    00000016     mqtt_client.a : client_core.obj (.text:MQTTClientCore_sendSubMsg)
                  00012f34    00000016                   : client_core.obj (.text:MQTTClientCore_sendUnsubMsg)
                  00012f4a    00000016     simplelink.a : driver.obj (.text:_SlDrvMemZero)
                  00012f60    00000016     mqtt_client.a : client_core.obj (.text:ack2MsgIdLogup)
                  00012f76    00000016                   : client_core.obj (.text:qos2PubRxIsDone)
                  00012f8c    00000016                   : client_core.obj (.text:qos2PubRxLogup)
                  00012fa2    00000016                   : client_core.obj (.text:qos2PubRxUnlog)
                  00012fb8    00000016                   : cc32xx_sl_net.obj (.text:rtcSecs)
                  00012fce    00000016     rtsv7M4_T_le_v4SPD16_eabi.lib : strchr.obj (.text)
                  00012fe4    00000016     release_pem4f.oem4f (.text:ti_sysbios_BIOS_exitFunc__I)
                  00012ffa    00000006     drivers_msp432p401x.aem4f : SPIMSP432DMA.oem4f (.text:SPIMSP432DMA_control)
                  00013000    00000016     sysbios.aem4f : BIOS.obj (.text:ti_sysbios_knl_Task_unblock__E)
                  00013016    00000002     --HOLE-- [fill = 0]
                  00013018    00000016                   : BIOS.obj (.text:timerFxn$30)
                  0001302e    00000016     mqtt_client.a : client_core.obj (.text:txPartAddup)
                  00013044    00000014     dpl_msp432p401x.aem4f : ClockP_tirtos.oem4f (.text:ClockP_usleep)
                  00013058    00000014     simplelink.a : cc_pal.obj (.text:NwpPowerOff)
                  0001306c    00000014                  : cc_pal.obj (.text:NwpPowerOn)
                  00013080    00000014     drivers_msp432p401x.aem4f : SPI.oem4f (.text:SPI_Params_init)
                  00013094    00000014                               : UARTMSP432.oem4f (.text:clearTXCPTIFG)
                  000130a8    00000014     rtsv7M4_T_le_v4SPD16_eabi.lib : _lock.obj (.text)
                  000130bc    00000014                                   : s_copysign.obj (.text)
                  000130d0    00000014                                   : strcpy.obj (.text)
                  000130e4    00000014                                   : strlen.obj (.text)
                  000130f8    00000014     sysbios.aem4f : BIOS.obj (.text:sem_init)
                  0001310c    00000004     --HOLE-- [fill = 0]
                  00013110    00000014                   : BIOS.obj (.text:sem_trywait)
                  00013124    00000014     release_pem4f.oem4f (.text:ti_sysbios_family_arm_m3_Hwi_Object__get__S)
                  00013138    00000014     sysbios.aem4f : BIOS.obj (.text:ti_sysbios_family_arm_m3_Hwi_switchFromBootStack__E)
                  0001314c    00000014     release_pem4f.oem4f (.text:ti_sysbios_heaps_HeapMem_Object__get__S)
                  00013160    00000014     release_pem4f.oem4f (.text:ti_sysbios_knl_Swi_Object__get__S)
                  00013174    00000012     mqtt_client.a : client_core.obj (.text:MQTTClientCore_allocRecv)
                  00013186    00000012                   : client_core.obj (.text:MQTTClientCore_allocSend)
                  00013198    00000012                   : client_core.obj (.text:MQTT_qos2PubCqCount)
                  000131aa    00000012     drivers_msp432p401x.aem4f : RingBuf.oem4f (.text:RingBuf_construct)
                  000131bc    00000012     dpl_msp432p401x.aem4f : SemaphoreP_tirtos.oem4f (.text:SemaphoreP_pend)
                  000131ce    00000002     --HOLE-- [fill = 0]
                  000131d0    00000012     sysbios.aem4f : BIOS.obj (.text:_pthread_cleanup_pop)
                  000131e2    00000006     --HOLE-- [fill = 0]
                  000131e8    00000012                   : BIOS.obj (.text:ti_sysbios_family_arm_msp432_Seconds_getTime__E)
                  000131fa    00000006     --HOLE-- [fill = 0]
                  00013200    00000012                   : BIOS.obj (.text:ti_sysbios_hal_Hwi_Module_startup__E)
                  00013212    00000012     release_pem4f.oem4f (.text:xdc_runtime_Startup_exec__I)
                  00013224    00000010     dpl_msp432p401x.aem4f : HwiP_tirtos.oem4f (.text:HwiP_Params_init)
                  00013234    00000010     mqtt_client_app.obj (.text:LedTimerDeinitStop)
                  00013244    00000010     simplelink.a : cc_pal.obj (.text:MutexP_delete_handle)
                  00013254    00000010                  : cc_pal.obj (.text:Mutex_unlock)
                  00013264    00000010     drivers_msp432p401x.aem4f : PowerMSP432.oem4f (.text:PowerMSP432_getNumPerfLevels)
                  00013274    00000010     simplelink.a : sl_socket.obj (.text:SL_SOCKET_FD_ZERO)
                  00013284    00000010                  : cc_pal.obj (.text:SemaphoreP_delete_handle)
                  00013294    00000010                  : cc_pal.obj (.text:SemaphoreP_post_handle)
                  000132a4    00000010     msp432p4xx_driverlib.lib : sysctl.obj (.text:SysCtl_getNMISourceStatus)
                  000132b4    00000010     simplelink.a : driver.obj (.text:_SlDrvDispatchHttpServerEvents)
                  000132c4    00000010                  : driver.obj (.text:_SlDrvDispatchNetAppRequestEvents)
                  000132d4    00000010     mqtt_client.a : client_core.obj (.text:assignNewMsgID)
                  000132e4    00000010                   : client_core.obj (.text:lenErrFreeMqp)
                  000132f4    00000010     drivers_msp432p401x.aem4f : UARTMSP432.oem4f (.text:readBlockingTimeout)
                  00013304    00000004     --HOLE-- [fill = 0]
                  00013308    00000010     sysbios.aem4f : BIOS.obj (.text:ti_sysbios_BIOS_exit__E)
                  00013318    00000010                   : BIOS.obj (.text:ti_sysbios_BIOS_setCpuFreq__E)
                  00013328    00000010                   : BIOS.obj (.text:ti_sysbios_BIOS_setThreadType__E)
                  00013338    00000010                   : BIOS.obj (.text:ti_sysbios_BIOS_start__E)
                  00013348    00000010                   : m3_TaskSupport_asm.obj (.text:ti_sysbios_family_arm_m3_TaskSupport_glue)
                  00013358    00000010                   : BIOS.obj (.text:ti_sysbios_family_arm_msp432_init_Boot_disableWatchdog)
                  00013368    00000010                   : BIOS.obj (.text:ti_sysbios_gates_GateMutex_Instance_finalize__E)
                  00013378    00000010     release_pem4f.oem4f (.text:ti_sysbios_knl_Mailbox_Object__get__S)
                  00013388    00000010     sysbios.aem4f : BIOS.obj (.text:ti_sysbios_knl_Semaphore_Instance_finalize__E)
                  00013398    00000010                   : BIOS.obj (.text:ti_sysbios_knl_Swi_disable__E)
                  000133a8    00000010     release_pem4f.oem4f (.text:ti_sysbios_knl_Task_Object__get__S)
                  000133b8    00000010     sysbios.aem4f : BIOS.obj (.text:ti_sysbios_knl_Task_disable__E)
                  000133c8    00000010                   : BIOS.obj (.text:xdc_runtime_Gate_leaveSystem__E)
                  000133d8    00000010                   : BIOS.obj (.text:xdc_runtime_Memory_free__E)
                  000133e8    00000010                   : BIOS.obj (.text:xdc_runtime_SysCallback_abort__E)
                  000133f8    00000010                   : BIOS.obj (.text:xdc_runtime_SysCallback_exit__E)
                  00013408    0000000e     simplelink.a : cc_pal.obj (.text:Mutex_lock)
                  00013416    0000000e                  : driver.obj (.text:_SlDrvResetCmdExt)
                  00013424    0000000e     rtsv7M4_T_le_v4SPD16_eabi.lib : copy_decompress_none.obj (.text:decompress:none)
                  00013432    00000006     --HOLE-- [fill = 0]
                  00013438    0000000e     sysbios.aem4f : BIOS.obj (.text:pthread_attr_setdetachstate)
                  00013446    00000002     --HOLE-- [fill = 0]
                  00013448    0000000e                   : BIOS.obj (.text:sem_wait)
                  00013456    0000000e     simplelink.a : cc_pal.obj (.text:spi_Close)
                  00013464    00000004     --HOLE-- [fill = 0]
                  00013468    0000000e     sysbios.aem4f : BIOS.obj (.text:ti_sysbios_knl_Idle_loop__E)
                  00013476    00000002     --HOLE-- [fill = 0]
                  00013478    0000000e                   : BIOS.obj (.text:ti_sysbios_knl_Queue_empty__E)
                  00013486    0000000c     msp432p4xx_driverlib.lib : cpu.obj (.text:CPU_cpsid)
                  00013492    0000000c                              : cpu.obj (.text:CPU_cpsie)
                  0001349e    0000000c     dpl_msp432p401x.aem4f : ClockP_tirtos.oem4f (.text:ClockP_delete)
                  000134aa    0000000c                           : HwiP_tirtos.oem4f (.text:HwiP_delete)
                  000134b6    00000002     --HOLE-- [fill = 0]
                  000134b8    0000000c                           : MutexP_tirtos.oem4f (.text:MutexP_create)
                  000134c4    0000000c                           : MutexP_tirtos.oem4f (.text:MutexP_delete)
                  000134d0    0000000c     network_if.obj (.text:Network_IF_ResetMCUStateMachine)
                  000134dc    0000000c     drivers_msp432p401x.aem4f : PowerMSP432.oem4f (.text:Power_getConstraintMask)
                  000134e8    0000000c                               : PowerMSP432.oem4f (.text:Power_getPerformanceLevel)
                  000134f4    0000000c     dpl_msp432p401x.aem4f : SemaphoreP_tirtos.oem4f (.text:SemaphoreP_delete)
                  00013500    0000000c     network_if.obj (.text:SimpleLinkHttpServerEventHandler)
                  0001350c    0000000c     network_if.obj (.text:SimpleLinkNetAppRequestEventHandler)
                  00013518    0000000c     simplelink.a : device.obj (.text:_SlDeviceResetRequestInitCompletedCB)
                  00013524    0000000c     rtsv7M4_T_le_v4SPD16_eabi.lib : copy_zero_init.obj (.text:decompress:ZI)
                  00013530    0000000c     mqtt_client.a : mqtt_client.obj (.text:mutexLockup)
                  0001353c    0000000c                   : mqtt_client.obj (.text:mutexUnlock)
                  00013548    0000000c     sysbios.aem4f : BIOS.obj (.text:pthread_self)
                  00013554    0000000c     release_pem4f.oem4f (.text:ti_sysbios_family_arm_m3_Hwi_Params__init__S)
                  00013560    0000000c     sysbios.aem4f : BIOS.obj (.text:ti_sysbios_family_arm_m3_Hwi_disableFxn__E)
                  0001356c    00000004     --HOLE-- [fill = 0]
                  00013570    0000000c                   : BIOS.obj (.text:ti_sysbios_family_arm_m3_TaskSupport_getStackAlignment__E)
                  0001357c    00000004     --HOLE-- [fill = 0]
                  00013580    0000000c                   : BIOS.obj (.text:ti_sysbios_family_arm_msp432_Timer_getMaxTicks__E)
                  0001358c    00000004     --HOLE-- [fill = 0]
                  00013590    0000000c                   : BIOS.obj (.text:ti_sysbios_gates_GateHwi_enter__E)
                  0001359c    0000000c     release_pem4f.oem4f (.text:ti_sysbios_knl_Clock_Params__init__S)
                  000135a8    0000000c     sysbios.aem4f : BIOS.obj (.text:ti_sysbios_knl_Clock_getTicks__E)
                  000135b4    0000000c     release_pem4f.oem4f (.text:ti_sysbios_knl_Queue_Object__get__S)
                  000135c0    0000000c     release_pem4f.oem4f (.text:ti_sysbios_knl_Semaphore_Params__init__S)
                  000135cc    0000000c     release_pem4f.oem4f (.text:ti_sysbios_knl_Task_Params__init__S)
                  000135d8    0000000c     sysbios.aem4f : BIOS.obj (.text:xdc_runtime_Gate_enterSystem__E)
                  000135e4    00000004     --HOLE-- [fill = 0]
                  000135e8    0000000c                   : BIOS.obj (.text:xdc_runtime_Startup_rtsDone__E)
                  000135f4    0000000a     drivers_msp432p401x.aem4f : SPI.oem4f (.text:SPI_close)
                  000135fe    0000000a                               : SPI.oem4f (.text:SPI_transfer)
                  00013608    0000000a     network_if.obj (.text:SimpleLinkNetAppRequestMemFreeEventHandler)
                  00013612    0000000a     drivers_msp432p401x.aem4f : UART.oem4f (.text:UART_control)
                  0001361c    0000000a                               : UART.oem4f (.text:UART_readPolling)
                  00013626    0000000a                               : UART.oem4f (.text:UART_writePolling)
                  00013630    0000000a     sysbios.aem4f : BIOS.obj (.text:pthread_mutex_lock)
                  0001363a    00000006     --HOLE-- [fill = 0]
                  00013640    0000000a                   : BIOS.obj (.text:sem_destroy)
                  0001364a    00000006     --HOLE-- [fill = 0]
                  00013650    0000000a                   : BIOS.obj (.text:sem_post)
                  0001365a    0000000a     simplelink.a : device.obj (.text:sl_Task)
                  00013664    0000000a     release_pem4f.oem4f (.text:xdc_runtime_IHeap_alloc)
                  0001366e    0000000a     release_pem4f.oem4f (.text:xdc_runtime_IHeap_free)
                  00013678    00000008     MSP_EXP432P401R.obj (.text:MSP_EXP432P401R_initGeneral)
                  00013680    00000008     dpl_msp432p401x.aem4f : SemaphoreP_tirtos.oem4f (.text:SemaphoreP_Params_init)
                  00013688    00000008     simplelink.a : cc_pal.obj (.text:TimerGetCurrentTimestamp)
                  00013690    00000008     drivers_msp432p401x.aem4f : SPIMSP432DMA.oem4f (.text:blockingTransferCallback)
[...]
00013711  ti_sysbios_BIOS_RtsGateProxy_query__E                           
00013711  ti_sysbios_gates_GateMutex_query__E                             
00013711  ti_sysbios_heaps_HeapMem_Module_GateProxy_query__E              
00013719  ti_sysbios_knl_Clock_setTimeout__E                              
00013721  ti_sysbios_knl_Task_startup__E                                  
00013729  ti_sysbios_BIOS_linkedWithIncorrectBootLibrary__E               
00013731  ti_sysbios_gates_GateHwi_Instance_init__E                       
00013739  ti_sysbios_knl_Clock_logTick__E                                 
00013741  xdc_runtime_SysCallback_defaultAbort                            
00013749  xdc_runtime_SysCallback_defaultExit                             
00013751  xdc_runtime_System_abortSpin__E                                 
00013759  xdc_runtime_System_exitSpin__E                                  
0001375c  _ctypes_                                                        
00013948  spiMSP432DMAHWAttrs                                             
000139d8  uartMSP432Baudrates                                             
00013ac8  OpcodeTranslateTable                                            
00013b28  _SlActionLookupTable                                            
00013b78  uartMSP432HWAttrs                                               
00013c10  ti_sysbios_knl_Task_Object__PARAMS__C                           
00013c4c  ti_sysbios_knl_Mailbox_Object__PARAMS__C                        
00013c80  SPI_config                                                      
00013cb0  ti_sysbios_family_arm_m3_Hwi_Object__PARAMS__C                  
00013ce0  UARTMSP432_fxnTable                                             
00013d08  ti_sysbios_heaps_HeapMem_Module__FXNS__C                        
00013d30  UART_defaultParams                                              
00013d54  ti_sysbios_gates_GateHwi_Module__FXNS__C                        
00013d78  ti_sysbios_gates_GateMutex_Module__FXNS__C                      
00013d9c  ti_sysbios_heaps_HeapMem_Object__PARAMS__C                      
00013dc0  ti_sysbios_knl_Clock_Object__PARAMS__C                          
00013de4  ti_sysbios_knl_Semaphore_Object__PARAMS__C                      
00013e08  xdc_runtime_Startup_sfxnTab__A                                  
00013e4c  SPI_defaultParams                                               
00013eac  ti_sysbios_family_arm_m3_Hwi_Object__DESC__C                    
00013ecc  ti_sysbios_gates_GateHwi_Object__DESC__C                        
00013eec  ti_sysbios_gates_GateMutex_Object__DESC__C                      
00013f0c  ti_sysbios_heaps_HeapMem_Object__DESC__C                        
00013f2c  ti_sysbios_knl_Clock_Object__DESC__C                            
00013f4c  ti_sysbios_knl_Mailbox_Object__DESC__C                          
00013f6c  ti_sysbios_knl_Queue_Object__DESC__C                            
00013f8c  ti_sysbios_knl_Semaphore_Object__DESC__C                        
00013fac  ti_sysbios_knl_Task_Object__DESC__C                             
00013fcc  PowerMSP432_config                                              
00013fe4  SPIMSP432DMA_fxnTable                                           
00013ffc  UART_config                                                     
00014014  ti_sysbios_gates_GateHwi_Object__PARAMS__C                      
0001402c  ti_sysbios_gates_GateMutex_Object__PARAMS__C                    
00014044  ti_sysbios_knl_Queue_Object__PARAMS__C                          
000140dc  GPIOMSP432_config                                               
000140f0  xdc_runtime_Startup_sfxnRts__A                                  
00014102  ti_sysbios_family_arm_m3_Hwi_Module__id__C                      
00014134  ADC_count                                                       
00014135  ADCBuf_count                                                    
00014136  Capture_count                                                   
00014137  Display_count                                                   
00014138  I2C_count                                                       
00014139  I2CSlave_count                                                  
0001413a  NVS_count                                                       
0001413b  PWM_count                                                       
0001413c  SDSPI_count                                                     
0001413d  SPI_count                                                       
0001413e  Timer_count                                                     
0001413f  UART_count                                                      
00014140  Watchdog_count                                                  
00014141  xdc_runtime_Error_policy__C                                     
0001414e  ti_sysbios_family_arm_msp432_init_Boot_bypassHFXT__C            
00014150  udmaMSP432HWAttrs                                               
0001415c  xdc_runtime_Startup_firstFxns__A                                
00014170  UDMAMSP432_config                                               
00014188  ti_sysbios_knl_Idle_funcList__C                                 
00014190  xdc_runtime_Startup_firstFxns__C                                
00014198  xdc_runtime_Startup_lastFxns__C                                 
000141da  _SlNetAppSendResponseCmdCtrl                                    
000141de  _SlNetAppSendTokenValueCmdCtrl                                  
0001420e  ti_sysbios_family_arm_msp432_init_Boot_bypassLFXT__C            
00014210  ti_sysbios_family_arm_m3_Hwi_E_alreadyDefined__C                
00014214  ti_sysbios_family_arm_m3_Hwi_NUM_INTERRUPTS__C                  
00014218  ti_sysbios_family_arm_m3_Hwi_Object__count__C                   
0001421c  ti_sysbios_family_arm_m3_Hwi_ccr__C                             
00014220  ti_sysbios_family_arm_m3_Hwi_excHandlerFunc__C                  
00014224  ti_sysbios_family_arm_m3_Hwi_nullIsrFunc__C                     
00014228  ti_sysbios_family_arm_m3_Hwi_priGroup__C                        
0001422c  ti_sysbios_family_arm_m3_Hwi_swiDisable__C                      
00014230  ti_sysbios_family_arm_m3_Hwi_swiRestoreHwi__C                   
00014234  ti_sysbios_family_arm_m3_TaskSupport_stackAlignment__C          
00014238  ti_sysbios_family_arm_msp432_Timer_numTimerDevices__C           
0001423c  ti_sysbios_family_arm_msp432_Timer_startupNeeded__C             
00014240  ti_sysbios_gates_GateMutex_Instance_State_sem__O                
00014244  ti_sysbios_heaps_HeapMem_E_memory__C                            
00014248  ti_sysbios_heaps_HeapMem_Module__gateObj__C                     
0001424c  ti_sysbios_heaps_HeapMem_Object__count__C                       
00014250  ti_sysbios_heaps_HeapMem_primaryHeapBaseAddr__C                 
00014254  ti_sysbios_heaps_HeapMem_primaryHeapEndAddr__C                  
00014258  ti_sysbios_heaps_HeapMem_reqAlign__C                            
0001425c  ti_sysbios_knl_Clock_Module_State_clockQ__O                     
00014260  ti_sysbios_knl_Clock_tickPeriod__C                              
00014264  ti_sysbios_knl_Idle_funcList__A                                 
00014268  ti_sysbios_knl_Mailbox_Instance_State_dataQue__O                
0001426c  ti_sysbios_knl_Mailbox_Instance_State_dataSem__O                
00014270  ti_sysbios_knl_Mailbox_Instance_State_freeQue__O                
00014274  ti_sysbios_knl_Mailbox_Instance_State_freeSem__O                
00014278  ti_sysbios_knl_Mailbox_Object__count__C                         
0001427c  ti_sysbios_knl_Mailbox_maxTypeAlign__C                          
00014280  ti_sysbios_knl_Semaphore_Instance_State_pendQ__O                
00014284  ti_sysbios_knl_Swi_Object__count__C                             
00014288  ti_sysbios_knl_Task_Module_State_inactiveQ__O                   
0001428c  ti_sysbios_knl_Task_Object__count__C                            
00014290  ti_sysbios_knl_Task_Object__heap__C                             
00014294  ti_sysbios_knl_Task_allBlockedFunc__C                           
00014298  ti_sysbios_knl_Task_defaultStackHeap__C                         
0001429c  ti_sysbios_knl_Task_defaultStackSize__C                         
000142a0  ti_sysbios_knl_Task_numConstructedTasks__C                      
000142a4  xdc_runtime_Error_E_memory__C                                   
000142a8  xdc_runtime_Error_policyFxn__C                                  
000142ac  xdc_runtime_IGateProvider_Interface__BASE__C                    
000142b0  xdc_runtime_IHeap_Interface__BASE__C                            
000142b4  xdc_runtime_IModule_Interface__BASE__C                          
000142b8  xdc_runtime_Memory_defaultHeapInstance__C                       
000142bc  xdc_runtime_Startup_execImpl__C                                 
000142c0  xdc_runtime_Startup_maxPasses__C                                
000142c4  xdc_runtime_Startup_sfxnRts__C                                  
000142c8  xdc_runtime_Startup_sfxnTab__C                                  
000142cc  xdc_runtime_SysCallback_abortFxn__C                             
000142d0  xdc_runtime_SysCallback_exitFxn__C                              
000142d4  xdc_runtime_System_Module__gateObj__C                           
000142d8  xdc_runtime_System_abortFxn__C                                  
000142dc  xdc_runtime_System_exitFxn__C                                   
000142e0  xdc_runtime_System_maxAtexitHandlers__C                         
000142e4  xdc_runtime_Text_charTab__C                                     
000142e8  xdc_runtime_Text_nameEmpty__C                                   
000142ec  xdc_runtime_Text_nameStatic__C                                  
000142f0  xdc_runtime_Text_nameUnknown__C                                 
000142f7  xdc_runtime_Text_charTab__A                                     
000142f8  ti_sysbios_family_arm_msp432_init_Boot_enableHFXT__C            
000142fa  ti_sysbios_family_arm_msp432_init_Boot_enableLFXT__C            
000142fc  ti_sysbios_heaps_HeapMem_Module__id__C                          
000142fe  xdc_runtime_Memory_Module__id__C                                
00014300  xdc_runtime_Text_charCnt__C                                     
00014302  xdc_runtime_Text_isLoaded__C                                    
00014308  __TI_static_base__                                              
000145e8  __TI_Handler_Table_Base                                         
000145f4  __TI_Handler_Table_Limit                                        
00014600  __TI_CINIT_Base                                                 
00014610  __TI_CINIT_Limit                                                
20000000  ti_sysbios_family_arm_m3_Hwi_ramVectors                         
20000140  __primary_heap_start__                                          
20008140  __primary_heap_end__                                            
200091a4  clients                                                         
20009478  ti_sysbios_knl_Task_Instance_State_0_stack__A                   
20009678  ti_sysbios_family_arm_m3_Hwi_dispatchTable                      
200098e8  uartMSP432Objects                                               
200099e8  spiMSP432DMAObjects                                             
20009ac8  g_SlInternalSpawnCB                                             
20009ba4  MQTTClient_Lib_CB                                               
20009c80  uartMSP432RingBuffer                                            
20009cf0  g_ucConnectionSSID                                              
20009d14  DeviceCB                                                        
20009d20  MqttClientExmple_params                                         
20009d2c  g_ucConnectionBSSID                                             
20009d34  udmaMSP432Object                                                
20009d44  ClockP_tickPeriod                                               
20009d48  GlobalLockObj                                                   
20009d4c  g_PBQueue                                                       
20009d50  g_timer                                                         
20009d54  MQTTClient_waitSecs                                             
20009d56  g_usConnectIndex                                                
20009d58  g_usTimerInts                                                   
20009d5a  RxIrqCnt                                                        
20009d5c  PowerMSP432_perfLevels                                          
20009e2c  ti_sysbios_knl_Swi_Module_State_0_readyQ__A                     
20009eac  ti_sysbios_knl_Task_Module_State_0_readyQ__A                    
20009f7c  ti_sysbios_family_arm_msp432_Timer_Object__table__V             
20009fc8  ti_sysbios_knl_Task_Object__table__V                            
2000a014  ti_sysbios_knl_Task_Module__state__V                            
2000a068  debugPrintf                                                     
2000a091  lineBreak                                                       
2000a094  ti_sysbios_gates_GateMutex_Object__table__V                     
2000a0cc  ti_sysbios_family_arm_m3_Hwi_Module__state__V                   
2000a100  gApConnectionState                                              
2000a104  gInitState                                                      
2000a108  memPtrCounterfree                                               
2000a10c  gResetApplication                                               
2000a110  g_rx_task_hndl                                                  
2000a114  gUiConnFlag                                                     
2000a118  ClientUsername                                                  
2000a11c  ClientPassword                                                  
2000a120  publish_topic                                                   
2000a124  publish_data                                                    
2000a128  mqttThread                                                      
2000a12c  appThread                                                       
2000a130  ti_sysbios_knl_Swi_Object__table__V                             
2000a160  PowerMSP432_module                                              
2000a18c  ti_sysbios_knl_Clock_Module__state__V                           
2000a1b8  MQTTClient_net                                                  
2000a1e0  g_LibsEvents                                                    
2000a204  g_UserEvents                                                    
2000a228  gpioPinConfigs                                                  
2000a24c  ti_sysbios_BIOS_Module__state__V                                
2000a270  ti_sysbios_family_arm_msp432_Timer_Module_State_0_device__A     
2000a290  xdc_runtime_Error_IgnoreBlock                                   
2000a2b0  ti_sysbios_knl_Swi_Module__state__V                             
2000a2cc  Mqtt_ClientCtx                                                  
2000a2e4  ti_sysbios_family_arm_m3_Hwi_Object__table__V                   
2000a2fc  ti_sysbios_heaps_HeapMem_Object__table__V                       
2000a314  _tz                                                             
2000a324  ti_sysbios_family_arm_msp432_Timer_Module_State_0_handles__A    
2000a334  topic                                                           
2000a344  ClientId                                                        
2000a354  SecurityParams                                                  
2000a360  SlMQTTClient_clientCfg                                          
2000a36c  gpioCallbackFunctions                                           
2000a378  g_ulStaIp                                                       
2000a37c  g_ulGatewayIP                                                   
2000a380  g_ulStatus                                                      
2000a384  gGlobalLockCntRequested                                         
2000a385  gGlobalLockCntReleased                                          
2000a386  g_SlDeviceStatus                                                
2000a388  g_pCB                                                           
2000a38c  pPingCallBackFunc                                               
2000a390  ti_sysbios_family_arm_msp432_ClockFreqs_Module__state__V        
2000a39c  ti_sysbios_family_arm_msp432_Timer_Module__state__V             
2000a3a8  will_param                                                      
2000a3be  ti_sysbios_family_arm_m3_Hwi_Module_State_0_excActive__A        
2000a3c0  MQTTClient_closeContext                                         
2000a3c4  MQTTClient_clientContext                                        
2000a3c8  MQTTClient_multiSrvConn                                         
2000a3cc  _lock                                                           
2000a3d0  _unlock                                                         
2000a3dc  g_SpiFd                                                         
2000a3e0  g_Host_irq_Hndlr                                                
2000a3e4  ti_sysbios_family_arm_m3_Hwi_Module__root__V                    
2000a3ec  ti_sysbios_gates_GateHwi_Module__root__V                        
2000a3f4  ti_sysbios_gates_GateMutex_Module__root__V                      
2000a3fc  ti_sysbios_heaps_HeapMem_Module__root__V                        
2000a404  ti_sysbios_knl_Clock_Module__root__V                            
2000a40c  ti_sysbios_knl_Mailbox_Module__root__V                          
2000a414  ti_sysbios_knl_Queue_Module__root__V                            
2000a41c  ti_sysbios_knl_Semaphore_Module__root__V                        
2000a424  ti_sysbios_knl_Task_Module__root__V                             
2000a42c  xdc_runtime_Startup_Module__state__V                            
2000a434  xdc_runtime_System_Module_State_0_atexitHandlers__A             
2000a43c  xdc_runtime_System_Module__state__V                             
2000a44c  MQTTClient_connectCfg                                           
2000a450  qos                                                             
2000a454  errno                                                           
2000a458  main_func_sp                                                    
2000a460  ti_sysbios_family_arm_m3_Hwi_Module_State_0_excContext__A       
2000a464  ti_sysbios_family_arm_m3_Hwi_Module_State_0_excStack__A         
2000a468  ti_sysbios_gates_GateHwi_Object__table__V                       
2000a46c  ti_sysbios_knl_Task_Module_State_0_idleTask__A                  
2000a470  xdc_runtime_Memory_Module__state__V                             
2000fc00  __stack                                                         
20010000  __STACK_END                                                     
4000480c  WDTCTL_SYM                                                      
e000e000  ti_sysbios_family_arm_m3_Hwi_nvic                               
ffffffff  __TI_pprof_out_hndl                                             
ffffffff  __TI_prof_data_size                                             
ffffffff  __TI_prof_data_start                                            
ffffffff  __binit__                                                       
ffffffff  __c_args__                                                      
ffffffff  binit                                                           
UNDEFED   SHT$$INIT_ARRAY$$Base                                           
UNDEFED   SHT$$INIT_ARRAY$$Limit                                          

[899 symbols]
