******************************************************************************
                  TI ARM Linker PC v16.9.3                     
******************************************************************************
>> Linked Wed Jul 19 14:41:44 2017

OUTPUT FILE NAME:   <IOT_Lock_MSP_EXP432P401R_tirtos_ccs.out>
ENTRY POINT SYMBOL: "_c_int00"  address: 0000edd9


MEMORY CONFIGURATION

         name            origin    length      used     unused   attr    fill
----------------------  --------  ---------  --------  --------  ----  --------
  MAIN                  00000000   00040000  00013fbe  0002c042  R  X
  INFO                  00200000   00004000  00000000  00004000  R  X
  SRAM_CODE             01000000   00010000  0000a7bb  00005845  RW X
  SRAM_DATA             20000000   00010000  0000a7bb  00005845  RW  


SEGMENT ALLOCATION MAP

run origin  load origin   length   init length attrs members
----------  ----------- ---------- ----------- ----- -------
00000000    00000000    00013fc8   00013fc8    r-x
  00000000    00000000    0000003c   0000003c    r-- .resetVecs
  00000040    00000040    00013142   00013142    r-x .text
  00013184    00013184    00000b40   00000b40    r-- .const
  00013cc8    00013cc8    00000300   00000300    r-- .cinit
20000140    20000140    00008000   00000000    r--
  20000140    20000140    00008000   00000000    r-- .priheap
20008200    20008200    0000227c   00000000    rw-
  20008200    20008200    00001b63   00000000    rw- .bss
  20009d64    20009d64    00000718   00000000    rw- .data
2000fc00    2000fc00    00000400   00000000    rw-
  2000fc00    2000fc00    00000400   00000000    rw- .stack


SECTION ALLOCATION MAP

 output                                  attributes/
section   page    origin      length       input sections
--------  ----  ----------  ----------   ----------------
.text      0    00000040    00013142     
                  00000040    0000113e     rtsv7M4_T_le_v4SPD16_eabi.lib : _printfi.obj (.text)
                  0000117e    00000002     dpl_msp432p401x.aem4f : PowerMSP432_tirtos.oem4f (.text:PowerMSP432_initPolicy)
                  00001180    0000067c     simplelink.a : driver.obj (.text:_SlDrvMsgRead)
                  000017fc    00000380                  : driver.obj (.text:_SlDrvMsgWrite)
                  00001b7c    00000320     network_if.obj (.text:Network_IF_ConnectAP)
                  00001e9c    00000314     client_cbs.obj (.text:MqttClientCallback)
                  000021b0    000002dc     simplelink.a : driver.obj (.text:_SlDrvRxHdrRead)
                  0000248c    000002d0     drivers_msp432p401x.aem4f : PowerMSP432.oem4f (.text:Power_sleep)
                  0000275c    000002cc                               : UARTMSP432.oem4f (.text:UARTMSP432_open)
                  00002a28    000002bc     simplelink.a : sl_socket.obj (.text:sl_Select)
                  00002ce4    000002a0     rtsv7M4_T_le_v4SPD16_eabi.lib : mktime.obj (.text)
                  00002f84    00000274     simplelink.a : wlan.obj (.text:sl_WlanConnect)
                  000031f8    0000026c     drivers_msp432p401x.aem4f : SPIMSP432DMA.oem4f (.text:SPIMSP432DMA_open)
                  00003464    00000264     network_if.obj (.text:Network_IF_InitDriver)
                  000036c8    0000024c     mqtt_client.a : mqtt_client.obj (.text:MqttClientCtxCreate)
                  00003914    00000238     mqtt_client_app.obj (.text:DisplayAppBanner)
                  00003b4c    00000230     mqtt_client_app.obj (.text:mainThread)
                  00003d7c    0000021e     rtsv7M4_T_le_v4SPD16_eabi.lib : ll_div_t2.obj (.text)
                  00003f9a    00000002     drivers_msp432p401x.aem4f : UARTMSP432.oem4f (.text:UARTMSP432_init)
                  00003f9c    000001fc     simplelink.a : driver.obj (.text:_SlDrvDataReadOp)
                  00004198    000001f4     rtsv7M4_T_le_v4SPD16_eabi.lib : ull_div_t2.obj (.text)
                  0000438c    000001f2     simplelink.a : netapp.obj (.text:_SlNetAppEventHandler)
                  0000457e    00000002     rtsv7M4_T_le_v4SPD16_eabi.lib : i_div0.obj (.text)
                  00004580    000001e4     mqtt_client.a : mqtt_client.obj (.text:MQTTClient_connect)
                  00004764    000001e1     network_if.obj (.text:SimpleLinkFatalErrorEventHandler)
                  00004945    00000001     --HOLE-- [fill = 0]
                  00004946    000001da     mqtt_client.a : cc32xx_sl_net.obj (.text:createSocket)
                  00004b20    000001d8     network_if.obj (.text:SimpleLinkWlanEventHandler)
                  00004cf8    000001d8     simplelink.a : driver.obj (.text:_SlDrvReleasePoolObj)
                  00004ed0    000001bc                  : driver.obj (.text:_SlDrvDriverCBInit)
                  0000508c    000001b6     rtsv7M4_T_le_v4SPD16_eabi.lib : fd_add_t2.obj (.text)
                  00005242    00000002                                   : l_div0.obj (.text)
                  00005244    000001b4     mqtt_client_app.obj (.text:MqttClient)
                  000053f8    000001b4     simplelink.a : sl_socket.obj (.text:sl_Accept)
                  000055ac    000001a4                  : driver.obj (.text:_SlDrvMsgReadCmdCtx)
                  00005750    00000198                  : driver.obj (.text:_SlDrvWaitForPoolObj)
                  000058e8    0000018c                  : sl_socket.obj (.text:sl_Connect)
                  00005a74    00000004     dpl_msp432p401x.aem4f : ClockP_tirtos.oem4f (.text:ClockP_setTimeout)
                  00005a78    00000188     sysbios.aem4f : BIOS.obj (.text:mq_open)
                  00005c00    00000180     mqtt_client.a : mqtt_common.obj (.text:MQTT_PacketRecv)
                  00005d80    00000180     network_if.obj (.text:SimpleLinkNetAppEventHandler)
                  00005f00    0000017c     mqtt_client_app.obj (.text:MqttClient_start)
                  0000607c    0000017c     simplelink.a : driver.obj (.text:_SlDrvDataWriteOp)
                  000061f8    0000017c                  : spawn.obj (.text:_SlInternalSpawnTaskEntry)
                  00006374    00000174                  : driver.obj (.text:_SlDrvFindAndSetActiveObj)
                  000064e8    00000168                  : device.obj (.text:sl_Stop)
                  00006650    00000164     drivers_msp432p401x.aem4f : PowerMSP432.oem4f (.text:initPerfControl)
                  000067b4    0000015c                               : GPIOMSP432.oem4f (.text:GPIO_setConfig)
                  00006910    00000154     simplelink.a : sl_socket.obj (.text:sl_RecvFrom)
                  00006a64    00000150     mqtt_client.a : mqtt_client.obj (.text:MqttClientConfig)
                  00006bb4    00000148     mqtt_client_app.obj (.text:Mqtt_IF_Connect)
                  00006cfc    00000140     mqtt_client_app.obj (.text:Mqtt_start)
                  00006e3c    0000013c     mqtt_client.a : mqtt_client.obj (.text:processNotifyAckCB)
                  00006f78    00000138     simplelink.a : driver.obj (.text:_SlDrvAsyncEventGenericHandler)
                  000070b0    00000136     rtsv7M4_T_le_v4SPD16_eabi.lib : fd_div_t2.obj (.text)
                  000071e6    00000002     release_pem4f.oem4f (.text:ti_sysbios_BIOS_nullFunc__I)
                  000071e8    00000134     sysbios.aem4f : BIOS.obj (.text:setPowerState_AM_LDO_VCORE1$14)
                  0000731c    00000134     simplelink.a : netapp.obj (.text:sl_NetAppDnsGetHostByName)
                  00007450    00000130     sysbios.aem4f : BIOS.obj (.text:ti_sysbios_knl_Semaphore_pend__E)
                  00007580    0000012c     mqtt_client.a : client_core.obj (.text:MQTTClientCore_initLib)
                  000076ac    00000124                   : client_core.obj (.text:clCtxPartSend)
                  000077d0    00000124                   : client_core.obj (.text:connectMsgSend)
                  000078f4    00000124     simplelink.a : device.obj (.text:sl_Start)
                  00007a18    0000011c                  : driver.obj (.text:_SlDrvDriverCBDeinit)
                  00007b34    00000114                  : netapp.obj (.text:_SlNetAppHandleAsync_DnsGetHostByService)
                  00007c48    00000110     mqtt_client.a : cc32xx_sl_net.obj (.text:commOpen)
                  00007d58    00000110     sysbios.aem4f : BIOS.obj (.text:ti_sysbios_family_arm_msp432_init_Boot_configureClocksHigh)
                  00007e68    00000110                   : BIOS.obj (.text:timer_create)
                  00007f78    0000010c     mqtt_client.a : mqtt_client.obj (.text:MQTTClient_create)
                  00008084    0000010c     simplelink.a : sl_socket.obj (.text:sl_Close)
                  00008190    00000108     sysbios.aem4f : BIOS.obj (.text:xdc_runtime_Startup_startMods__I)
                  00008298    00000104     simplelink.a : driver.obj (.text:_SlDrvCmdOp)
                  0000839c    00000104                  : driver.obj (.text:_SlDrvObjGlobalLockWaitForever)
                  000084a0    00000102     mqtt_client.a : client_core.obj (.text:procPubMsgRx)
                  000085a2    00000002     --HOLE-- [fill = 0]
                  000085a4    00000100     simplelink.a : device.obj (.text:_SlDeviceEventHandler)
                  000086a4    00000100                  : driver.obj (.text:_SlDrvClassifyRxMsg)
                  000087a4    000000fd     network_if.obj (.text:SimpleLinkSockEventHandler)
                  000088a1    00000003     --HOLE-- [fill = 0]
                  000088a4    000000fc     simplelink.a : driver.obj (.text:_SlDrvMsgReadSpawnCtx)
                  000089a0    000000fc     rtsv7M4_T_le_v4SPD16_eabi.lib : fd_mul_t2.obj (.text)
                  00008a9c    000000fc                                   : s_scalbn.obj (.text)
                  00008b98    000000f4     simplelink.a : sl_socket.obj (.text:sl_SendTo)
                  00008c8c    000000f0     sysbios.aem4f : m3_Hwi_asm.obj (.text:ti_sysbios_family_arm_m3_Hwi_dispatch__I)
                  00008d7c    000000ec     mqtt_client.a : client_core.obj (.text:_msgDispatch)
                  00008e68    000000ec                   : client_core.obj (.text:clCtxConnStateTryLocked)
                  00008f54    00000004     dpl_msp432p401x.aem4f : ClockP_tirtos.oem4f (.text:ClockP_start)
                  00008f58    000000ec     sysbios.aem4f : BIOS.obj (.text:pthread_create)
                  00009044    000000e8     drivers_msp432p401x.aem4f : SPIMSP432DMA.oem4f (.text:configDMA)
                  0000912c    000000e6     mqtt_client.a : cc32xx_sl_net.obj (.text:tcpSelect)
                  00009212    00000002     --HOLE-- [fill = 0]
                  00009214    000000dc                   : mqtt_client.obj (.text:MqttClient_send)
                  000092f0    000000dc                   : client_core.obj (.text:processRecv)
                  000093cc    000000d8     uart_term.obj (.text:GetCmd)
                  000094a4    000000d8     drivers_msp432p401x.aem4f : UARTMSP432.oem4f (.text:UARTMSP432_readPolling)
                  0000957c    000000d8     simplelink.a : netapp.obj (.text:_SlNetAppHandleAsync_NetAppReceive)
                  00009654    00000004     dpl_msp432p401x.aem4f : ClockP_tirtos.oem4f (.text:ClockP_stop)
                  00009658    000000d4     sysbios.aem4f : BIOS.obj (.text:ti_sysbios_knl_Mailbox_Instance_init__E)
                  0000972c    000000d0     mqtt_client_app.obj (.text:Mqtt_Stop)
                  000097fc    00000004     dpl_msp432p401x.aem4f : HwiP_tirtos.oem4f (.text:HwiP_disable)
                  00009800    000000d0     sysbios.aem4f : BIOS.obj (.text:ti_sysbios_heaps_HeapMem_alloc__E)
                  000098d0    000000d0     mqtt_client.a : client_core.obj (.text:wrConnectPayload)
                  000099a0    000000c8                   : client_core.obj (.text:MQTTClientCore_createCtx)
                  00009a68    000000c8     sysbios.aem4f : BIOS.obj (.text:timer_settime)
                  00009b30    000000c4     simplelink.a : driver.obj (.text:_SlDrvRemoveFromList)
                  00009bf4    00000004     drivers_msp432p401x.aem4f : List.oem4f (.text:List_head)
                  00009bf8    000000c4     sysbios.aem4f : BIOS.obj (.text:ti_sysbios_knl_Task_sleep__E)
                  00009cbc    000000c0     simplelink.a : spawn.obj (.text:_SlInternalSpawn)
                  00009d7c    000000c0                  : netcfg.obj (.text:sl_NetCfgGet)
                  00009e3c    00000004     drivers_msp432p401x.aem4f : List.oem4f (.text:List_next)
                  00009e40    000000c0     sysbios.aem4f : BIOS.obj (.text:ti_sysbios_knl_Task_Instance_init__E)
                  00009f00    000000bc     simplelink.a : netapp.obj (.text:_SlNetAppSendResponse)
                  00009fbc    000000bc                  : sl_socket.obj (.text:sl_Send)
                  0000a078    000000bc     sysbios.aem4f : BIOS.obj (.text:ti_sysbios_knl_Task_Instance_finalize__E)
                  0000a134    000000b8     simplelink.a : device.obj (.text:sl_DeviceGet)
                  0000a1ec    000000b6     drivers_msp432p401x.aem4f : UARTMSP432.oem4f (.text:UARTMSP432_hwiIntFxn)
                  0000a2a2    00000002     --HOLE-- [fill = 0]
                  0000a2a4    000000b4     mqtt_client_app.obj (.text:SetClientIdNamefromMacAddress)
                  0000a358    000000b4     drivers_msp432p401x.aem4f : UARTMSP432.oem4f (.text:UARTMSP432_control)
                  0000a40c    000000b4                               : UARTMSP432.oem4f (.text:UARTMSP432_writePolling)
                  0000a4c0    000000b4     mqtt_client.a : client_core.obj (.text:procAckMsgRx)
                  0000a574    000000b4                   : mqtt_client.obj (.text:processPublishRxCB)
                  0000a628    000000b2                   : mqtt_common.obj (.text:MQTT_packetPubAppendTopic)
                  0000a6da    00000002     --HOLE-- [fill = 0]
                  0000a6dc    000000b0                   : mqtt_client.obj (.text:MQTTClient_delete)
                  0000a78c    000000b0     simplelink.a : device.obj (.text:_SlDeviceHandleAsync_InitComplete)
                  0000a83c    000000b0                  : driver.obj (.text:_SlDrvHandleFatalError)
                  0000a8ec    000000b0     mqtt_client.a : client_core.obj (.text:procConnackRx)
                  0000a99c    000000b0                   : client_core.obj (.text:procCtxDataRecv)
                  0000aa4c    000000ae                   : cc32xx_sl_net.obj (.text:svrAddrNBOrderIPV4)
                  0000aafa    00000002     --HOLE-- [fill = 0]
                  0000aafc    000000ac     drivers_msp432p401x.aem4f : GPIOMSP432.oem4f (.text:GPIO_init)
                  0000aba8    000000ac     simplelink.a : sl_socket.obj (.text:_SlSocketHandleAsync_Select)
                  0000ac54    000000ac     drivers_msp432p401x.aem4f : UARTMSP432.oem4f (.text:initHw)
                  0000ad00    000000aa     uart_term.obj (.text:Report)
                  0000adaa    00000002     --HOLE-- [fill = 0]
                  0000adac    000000a8     network_if.obj (.text:Network_IF_IpConfigGet)
                  0000ae54    000000a8     drivers_msp432p401x.aem4f : UARTMSP432.oem4f (.text:readTaskBlocking)
                  0000aefc    00000004     dpl_msp432p401x.aem4f : MutexP_tirtos.oem4f (.text:MutexP_lock)
                  0000af00    000000a8     sysbios.aem4f : BIOS.obj (.text:ti_sysbios_family_arm_msp432_Timer_periodicStub__E)
                  0000afa8    000000a8                   : BIOS.obj (.text:xdc_runtime_Core_createObject__I)
                  0000b050    000000a4     simplelink.a : sl_socket.obj (.text:sl_Bind)
                  0000b0f4    00000004     dpl_msp432p401x.aem4f : MutexP_tirtos.oem4f (.text:MutexP_unlock)
                  0000b0f8    000000a4     sysbios.aem4f : BIOS.obj (.text:ti_sysbios_knl_Task_setPri__E)
                  0000b19c    000000a2     mqtt_client.a : mqtt_common.obj (.text:MQTT_packetProcPubRx)
                  0000b23e    000000a2                   : client_core.obj (.text:clientReset)
                  0000b2e0    000000a0     auto_init.aem4f : auto_init.oem4f (.text)
                  0000b380    000000a0     mqtt_client.a : client_core.obj (.text:mqpSetupProcCtxDataRecv)
                  0000b420    000000a0     drivers_msp432p401x.aem4f : UARTMSP432.oem4f (.text:readIsrTextCallback)
                  0000b4c0    000000a0     mqtt_client.a : client_core.obj (.text:singleCtxKaSequence)
                  0000b560    0000009e     drivers_msp432p401x.aem4f : UARTMSP432.oem4f (.text:UARTMSP432_close)
                  0000b5fe    00000002     --HOLE-- [fill = 0]
                  0000b600    0000009c     mqtt_client.a : client_core.obj (.text:doNetClose)
                  0000b69c    0000009c                   : cc32xx_sl_net.obj (.text:recvFrom)
                  0000b738    0000009c     rtsv7M4_T_le_v4SPD16_eabi.lib : memcpy_t2.obj (.text)
                  0000b7d4    00000098     uart_term.obj (.text:TrimSpace)
                  0000b86c    00000098     simplelink.a : netutil.obj (.text:_SlNetUtilHandleAsync_Cmd)
                  0000b904    00000098     mqtt_client.a : client_core.obj (.text:netRecv)
                  0000b99c    00000098     simplelink.a : cc_pal.obj (.text:spi_Read)
                  0000ba34    00000098                  : cc_pal.obj (.text:spi_Write)
                  0000bacc    00000004     drivers_msp432p401x.aem4f : SPIMSP432DMA.oem4f (.text:SPIMSP432DMA_init)
                  0000bad0    00000098     sysbios.aem4f : BIOS.obj (.text:ti_sysbios_family_arm_m3_Hwi_Instance_init__E)
                  0000bb68    00000096     drivers_msp432p401x.aem4f : UARTMSP432.oem4f (.text:writeData)
                  0000bbfe    00000002     --HOLE-- [fill = 0]
                  0000bc00    00000094     sysbios.aem4f : BIOS.obj (.text:_pthread_removeThreadKeys)
                  0000bc94    00000004     dpl_msp432p401x.aem4f : SemaphoreP_tirtos.oem4f (.text:SemaphoreP_post)
                  0000bc98    00000094     sysbios.aem4f : BIOS.obj (.text:clock_gettime)
                  0000bd2c    00000094     mqtt_client.a : client_core.obj (.text:groupCtxsRxPrep)
                  0000bdc0    00000094     rtsv7M4_T_le_v4SPD16_eabi.lib : snprintf.obj (.text)
                  0000be54    00000004     release_pem4f.oem4f (.text:ti_sysbios_BIOS_RtsGateProxy_enter__E)
                  0000be58    00000094     sysbios.aem4f : BIOS.obj (.text:ti_sysbios_family_arm_m3_Hwi_initNVIC__E)
                  0000beec    00000090     drivers_msp432p401x.aem4f : UARTMSP432.oem4f (.text:UARTMSP432_write)
                  0000bf7c    00000090     simplelink.a : netapp.obj (.text:_SlNetAppHandleAsync_DnsGetHostByName)
                  0000c00c    00000090                  : netapp.obj (.text:_SlNetAppHandleAsync_PingResponse)
                  0000c09c    0000008e     mqtt_client.a : client_core.obj (.text:MQTTClientCore_sendPubMsg)
                  0000c12a    00000002     --HOLE-- [fill = 0]
                  0000c12c    0000008d     mqtt_client_app.obj (.text:DisplayBanner)
                  0000c1b9    00000003     --HOLE-- [fill = 0]
                  0000c1bc    0000008c     mqtt_client.a : client_core.obj (.text:MQTTClientCore_exitLib)
                  0000c248    0000008c     simplelink.a : driver.obj (.text:_SlDrvDriverIsApiAllowed)
                  0000c2d4    0000008c     mqtt_client.a : client_core.obj (.text:ack1WlMqpDispatch)
                  0000c360    0000008c                   : client_core.obj (.text:clRecv)
                  0000c3ec    0000008c     simplelink.a : sl_socket.obj (.text:sl_Recv)
                  0000c478    0000008c     sysbios.aem4f : m3_TaskSupport_asm.obj (.text:ti_sysbios_family_arm_m3_TaskSupport_buildTaskStack)
                  0000c504    00000004     release_pem4f.oem4f (.text:ti_sysbios_BIOS_RtsGateProxy_leave__E)
                  0000c508    0000008c     sysbios.aem4f : BIOS.obj (.text:ti_sysbios_knl_Task_postInit__I)
                  0000c594    0000008a     mqtt_client.a : mqtt_common.obj (.text:MQTT_packetPubAppendData)
                  0000c61e    0000008a     drivers_msp432p401x.aem4f : UARTMSP432.oem4f (.text:readIsrTextBlocking)
                  0000c6a8    0000008a     mqtt_client.a : cc32xx_sl_net.obj (.text:tcpListen)
                  0000c732    00000002     --HOLE-- [fill = 0]
                  0000c734    00000088                   : client_core.obj (.text:MQTTClientCore_registerBuffers)
                  0000c7bc    00000088                   : mqtt_client.obj (.text:MQTTClient_run)
                  0000c844    00000088     rtsv7M4_T_le_v4SPD16_eabi.lib : vsnprintf.obj (.text)
                  0000c8cc    00000004     release_pem4f.oem4f (.text:ti_sysbios_family_arm_m3_Hwi_delete)
                  0000c8d0    00000088     sysbios.aem4f : BIOS.obj (.text:ti_sysbios_knl_Mailbox_post__E)
                  0000c958    00000088                   : BIOS.obj (.text:xdc_runtime_Memory_alloc__E)
                  0000c9e0    00000086     simplelink.a : driver.obj (.text:_SlDrvIsTimeoutExpired)
                  0000ca66    00000086     rtsv7M4_T_le_v4SPD16_eabi.lib : fd_cmp_t2.obj (.text:__aeabi_cdcmple)
                  0000caec    00000086                                   : fd_cmp_t2.obj (.text:__aeabi_cdrcmple)
                  0000cb72    00000084     mqtt_client.a : client_core.obj (.text:MQTTClientCore_registerWillInfo)
                  0000cbf6    00000002     --HOLE-- [fill = 0]
                  0000cbf8    00000084                   : mqtt_client.obj (.text:MQTTClient_set)
                  0000cc7c    00000084     mqtt_client_app.obj (.text:MqttClientThread)
                  0000cd00    00000084     simplelink.a : sl_socket.obj (.text:_SlSocketHandleAsync_Close)
                  0000cd84    00000084                  : sl_socket.obj (.text:_SlSocketHandleAsync_Connect)
                  0000ce08    00000084                  : sl_socket.obj (.text:sl_SetSockOpt)
                  0000ce8c    00000004     release_pem4f.oem4f (.text:ti_sysbios_family_arm_m3_TaskSupport_Module__startupDone__S)
                  0000ce90    00000084     sysbios.aem4f : BIOS.obj (.text:ti_sysbios_family_arm_m3_Hwi_postInit__I)
                  0000cf14    00000004     release_pem4f.oem4f (.text:ti_sysbios_gates_GateMutex_delete)
                  0000cf18    00000084     sysbios.aem4f : BIOS.obj (.text:ti_sysbios_heaps_HeapMem_free__E)
                  0000cf9c    00000004     release_pem4f.oem4f (.text:ti_sysbios_heaps_HeapMem_Module_GateProxy_enter__E)
                  0000cfa0    00000084     sysbios.aem4f : BIOS.obj (.text:xdc_runtime_Core_constructObject__I)
                  0000d024    00000082     mqtt_client.a : client_core.obj (.text:connectedStateRx)
                  0000d0a6    00000080                   : client_core.obj (.text:ack2MsgIdDispatch)
                  0000d126    00000002     --HOLE-- [fill = 0]
                  0000d128    00000080     sysbios.aem4f : BIOS.obj (.text:pthread_cancel)
                  0000d1a8    00000080     mqtt_client.a : cc32xx_sl_net.obj (.text:sendTo)
                  0000d228    0000007c     msp432p4xx_driverlib.lib : spi.obj (.text:SPI_initMaster)
                  0000d2a4    0000007c     mqtt_client.a : client_core.obj (.text:_procAckMsgRx)
                  0000d320    0000007c     sysbios.aem4f : BIOS.obj (.text:_pthread_abstime2ticks)
                  0000d39c    00000004     release_pem4f.oem4f (.text:ti_sysbios_heaps_HeapMem_Module_GateProxy_leave__E)
                  0000d3a0    0000007c     sysbios.aem4f : BIOS.obj (.text:_pthread_runStub)
                  0000d41c    0000007a     mqtt_client.a : client_core.obj (.text:clCtxSetup)
                  0000d496    0000007a     drivers_msp432p401x.aem4f : UARTMSP432.oem4f (.text:readTaskCallback)
                  0000d510    0000007a     rtsv7M4_T_le_v4SPD16_eabi.lib : memset_t2.obj (.text)
                  0000d58a    00000002     --HOLE-- [fill = 0]
                  0000d58c    00000078     mqtt_client_app.obj (.text:pushButtonInterruptHandler3)
                  0000d604    00000078     simplelink.a : sl_socket.obj (.text:sl_Socket)
                  0000d67c    00000076     mqtt_client.a : mqtt_common.obj (.text:MQTT_packetPrepFh)
                  0000d6f2    00000002     --HOLE-- [fill = 0]
                  0000d6f4    00000074                   : cc32xx_sl_net.obj (.text:tcpAccept)
                  0000d768    00000074     sysbios.aem4f : BIOS.obj (.text:ti_sysbios_knl_Mailbox_pend__E)
                  0000d7dc    00000070     mqtt_client.a : mqtt_common.obj (.text:MQTT_clCtxTimeoutInsert)
                  0000d84c    00000070                   : mqtt_common.obj (.text:MQTT_packetAckWlistRemove)
                  0000d8bc    00000070                   : mqtt_common.obj (.text:MQTT_qos2PubCqCheck)
                  0000d92c    00000004     release_pem4f.oem4f (.text:ti_sysbios_knl_Clock_TimerProxy_getMaxTicks__E)
                  0000d930    00000070     sysbios.aem4f : BIOS.obj (.text:acquireMutexNone$22)
                  0000d9a0    00000070                   : BIOS.obj (.text:ti_sysbios_heaps_HeapMem_initPrimary__I)
                  0000da10    00000070                   : BIOS.obj (.text:ti_sysbios_knl_Mailbox_Instance_finalize__E)
                  0000da80    00000070                   : BIOS.obj (.text:ti_sysbios_knl_Semaphore_post__E)
                  0000daf0    00000070                   : BIOS.obj (.text:ti_sysbios_knl_Task_exit__E)
                  0000db60    00000070     mqtt_client.a : client_core.obj (.text:wrConnectVh)
                  0000dbd0    0000006e                   : client_core.obj (.text:MQTTClientCore_registerCtxInfo)
                  0000dc3e    00000002     --HOLE-- [fill = 0]
                  0000dc40    0000006c     simplelink.a : device.obj (.text:_SlDeviceHandleResetRequestInternally)
                  0000dcac    0000006c                  : driver.obj (.text:_SlDrvCmdSend_noLock)
                  0000dd18    0000006c                  : netapp.obj (.text:_SlNetAppSendTokenValue)
                  0000dd84    00000004     release_pem4f.oem4f (.text:ti_sysbios_knl_Clock_delete)
                  0000dd88    0000006c     sysbios.aem4f : BIOS.obj (.text:ti_sysbios_family_arm_msp432_Seconds_get__E)
                  0000ddf4    00000004     release_pem4f.oem4f (.text:ti_sysbios_knl_Semaphore_delete)
                  0000ddf8    0000006c     sysbios.aem4f : BIOS.obj (.text:ti_sysbios_knl_Clock_workFunc__E)
                  0000de64    00000004     release_pem4f.oem4f (.text:ti_sysbios_knl_Task_delete)
                  0000de68    0000006c     sysbios.aem4f : BIOS.obj (.text:ti_sysbios_knl_Swi_restoreHwi__E)
                  0000ded4    00000068     mqtt_client.a : client_core.obj (.text:MQTTClientCore_deleteCtx)
                  0000df3c    00000068                   : client_core.obj (.text:MQTTClientCore_sendDisconn)
                  0000dfa4    00000068     drivers_msp432p401x.aem4f : UARTMSP432.oem4f (.text:UARTMSP432_writeCancel)
                  0000e00c    00000068     simplelink.a : device.obj (.text:_SlDeviceHandleAsync_Stop)
                  0000e074    00000068                  : sl_socket.obj (.text:_SlSocketHandleAsync_Accept)
                  0000e0dc    00000068     rtsv7M4_T_le_v4SPD16_eabi.lib : copy_decompress_lzss.obj (.text:decompress:lzss)
                  0000e144    00000068     mqtt_client.a : client_core.obj (.text:doNetCloseRx)
                  0000e1ac    00000068     main_tirtos.obj (.text:main)
                  0000e214    00000068     mqtt_client.a : client_core.obj (.text:procPingrspRx)
                  0000e27c    00000066                   : client_core.obj (.text:vhMsgSend)
                  0000e2e2    00000006     dpl_msp432p401x.aem4f : ClockP_tirtos.oem4f (.text:ClockP_Params_init)
                  0000e2e8    00000066     sysbios.aem4f : BIOS.obj (.text:xdc_runtime_Core_deleteObject__I)
                  0000e34e    00000002     --HOLE-- [fill = 0]
                  0000e350    00000064     drivers_msp432p401x.aem4f : GPIOMSP432.oem4f (.text:GPIO_hwiIntFxn)
                  0000e3b4    00000064                               : SPIMSP432DMA.oem4f (.text:SPIMSP432DMA_close)
                  0000e418    00000064                               : SPIMSP432DMA.oem4f (.text:SPIMSP432DMA_transfer)
                  0000e47c    00000064     mqtt_client.a : mqtt_client.obj (.text:getAvailableClictxMem)
                  0000e4e0    00000064     drivers_msp432p401x.aem4f : SPIMSP432DMA.oem4f (.text:initHw)
                  0000e544    00000004     release_pem4f.oem4f (.text:xdc_runtime_System_Module_GateProxy_enter__E)
                  0000e548    00000064     sysbios.aem4f : BIOS.obj (.text:pthread_mutex_init)
                  0000e5ac    00000064     rtsv7M4_T_le_v4SPD16_eabi.lib : s_frexp.obj (.text)
                  0000e610    00000064     sysbios.aem4f : BIOS.obj (.text:ti_sysbios_family_arm_m3_Hwi_dispatchC__I)
                  0000e674    00000062     mqtt_client.a : client_core.obj (.text:MQTTClientCore_alloc)
                  0000e6d6    00000062                   : mqtt_common.obj (.text:MQTT_packetBufTailWrRemlen)
                  0000e738    00000060                   : mqtt_common.obj (.text:MQTT_packetBufRdRemlen)
                  0000e798    00000060                   : client_core.obj (.text:clientDescInit)
                  0000e7f8    00000060                   : client_core.obj (.text:netConnect)
                  0000e858    00000060     sysbios.aem4f : BIOS.obj (.text:pthread_exit)
                  0000e8b8    00000060     mqtt_client.a : cc32xx_sl_net.obj (.text:tcpRecv)
                  0000e918    0000005e                   : client_core.obj (.text:clCtxRecv)
                  0000e976    0000005e     rtsv7M4_T_le_v4SPD16_eabi.lib : i_divt2.obj (.text)
                  0000e9d4    0000005c     drivers_msp432p401x.aem4f : GPIOMSP432.oem4f (.text:GPIO_write)
                  0000ea30    0000005c     mqtt_client.a : client_core.obj (.text:MQTTClientCore_run)
                  0000ea8c    0000005c     drivers_msp432p401x.aem4f : PowerMSP432.oem4f (.text:PowerMSP432_getFreqs)
                  0000eae8    0000005c     mqtt_client.a : client_core.obj (.text:grpNetSetupCreate)
                  0000eb44    00000004     release_pem4f.oem4f (.text:xdc_runtime_System_Module_GateProxy_leave__E)
                  0000eb48    0000005c     sysbios.aem4f : BIOS.obj (.text:ti_sysbios_knl_Swi_run__I)
                  0000eba4    00000004     --HOLE-- [fill = 0]
                  0000eba8    0000005c                   : BIOS.obj (.text:ti_sysbios_knl_Swi_schedule__I)
                  0000ec04    00000004     --HOLE-- [fill = 0]
                  0000ec08    0000005c                   : BIOS.obj (.text:ti_sysbios_knl_Task_Module_startup__E)
                  0000ec64    00000004     --HOLE-- [fill = 0]
                  0000ec68    0000005c                   : BIOS.obj (.text:ti_sysbios_knl_Task_startCore__E)
                  0000ecc4    00000004     --HOLE-- [fill = 0]
                  0000ecc8    0000005c                   : BIOS.obj (.text:xdc_runtime_Startup_exec__E)
                  0000ed24    0000005a     mqtt_client.a : client_core.obj (.text:singleCtxRxPrep)
                  0000ed7e    00000002     --HOLE-- [fill = 0]
                  0000ed80    00000058     drivers_msp432p401x.aem4f : UDMAMSP432.oem4f (.text:UDMAMSP432_open)
                  0000edd8    00000058     boot.aem4f : boot.oem4f (.text)
                  0000ee30    00000058     mqtt_client.a : client_core.obj (.text:doNetCloseTx)
                  0000ee88    00000058     drivers_msp432p401x.aem4f : UARTMSP432.oem4f (.text:readIsrBinaryBlocking)
                  0000eee0    00000058     simplelink.a : sl_socket.obj (.text:sl_Listen)
                  0000ef38    00000058     sysbios.aem4f : m3_Hwi_asm_switch.obj (.text:ti_sysbios_family_arm_m3_Hwi_initStacks__E)
                  0000ef90    00000056     mqtt_client.a : mqtt_common.obj (.text:MQTT_clCtxRemove)
                  0000efe6    00000002     --HOLE-- [fill = 0]
                  0000efe8    00000054     drivers_msp432p401x.aem4f : GPIOMSP432.oem4f (.text:GPIO_setCallback)
                  0000f03c    00000054     uart_term.obj (.text:InitTerm)
                  0000f090    00000054     mqtt_client.a : client_core.obj (.text:MQTTClientCore_registerNetSvc)
                  0000f0e4    00000054     simplelink.a : cc_pal.obj (.text:NwpRegisterInterruptHandler)
                  0000f138    00000054     drivers_msp432p401x.aem4f : PowerMSP432.oem4f (.text:Power_init)
                  0000f18c    00000054                               : PowerMSP432.oem4f (.text:restartHFXT)
                  0000f1e0    00000054     rtsv7M4_T_le_v4SPD16_eabi.lib : ltoa.obj (.text)
                  0000f234    00000054     release_pem4f.oem4f (.text:ti_sysbios_family_arm_m3_Hwi_create)
                  0000f288    00000054     sysbios.aem4f : BIOS.obj (.text:ti_sysbios_family_arm_msp432_Timer_initDevice__I)
                  0000f2dc    00000054     release_pem4f.oem4f (.text:ti_sysbios_knl_Mailbox_create)
                  0000f330    00000054     sysbios.aem4f : BIOS.obj (.text:timer_gettime)
                  0000f384    00000004     --HOLE-- [fill = 0]
                  0000f388    00000054                   : BIOS.obj (.text:xdc_runtime_Core_assignLabel__I)
                  0000f3dc    00000053     mqtt_client.a : client_core.obj (.text:ack1WlRmfree)
                  0000f42f    00000001     --HOLE-- [fill = 0]
                  0000f430    00000052                   : client_core.obj (.text:_procPubRecRx)
                  0000f482    00000052                   : client_core.obj (.text:clCtxSeg1Send)
                  0000f4d4    00000050                   : mqtt_client.obj (.text:MQTTClient_disconnect)
                  0000f524    00000050     dpl_msp432p401x.aem4f : PowerMSP432_tirtos.oem4f (.text:PowerMSP432_sleepPolicy)
                  0000f574    00000050     simplelink.a : eventreg.obj (.text:_SlNetAppHttpServerHdlr)
                  0000f5c4    00000050                  : eventreg.obj (.text:_SlNetAppRequestHdlr)
                  0000f614    00000050     mqtt_client.a : client_core.obj (.text:loopbTrigger)
                  0000f664    00000050                   : client_core.obj (.text:mqpAllocAtomic)
                  0000f6b4    00000004     --HOLE-- [fill = 0]
                  0000f6b8    00000050     sysbios.aem4f : BIOS.obj (.text:ti_sysbios_family_arm_m3_Hwi_Module_startup__E)
                  0000f708    00000050     release_pem4f.oem4f (.text:ti_sysbios_knl_Task_create)
                  0000f758    0000004f     mqtt_client.a : client_core.obj (.text:sessionResume)
                  0000f7a7    00000001     --HOLE-- [fill = 0]
                  0000f7a8    0000004e                   : client_core.obj (.text:ack2MsgIdUnlog)
                  0000f7f6    00000002     --HOLE-- [fill = 0]
                  0000f7f8    0000004d                   : client_core.obj (.text:sessionDelete)
                  0000f845    00000003     --HOLE-- [fill = 0]
                  0000f848    0000004c                   : mqtt_client.obj (.text:MqttClientCtxDelete)
                  0000f894    0000004c     simplelink.a : driver.obj (.text:_SlDrvProtectAsyncRespSetting)
                  0000f8e0    0000004c                  : driver.obj (.text:_SlDrvRxIrqHandler)
                  0000f92c    0000004c     mqtt_client.a : mqtt_client.obj (.text:_sl_ExtLib_ServerAckLockedWait)
                  0000f978    0000004c     drivers_msp432p401x.aem4f : UARTMSP432.oem4f (.text:readIsrBinaryCallback)
                  0000f9c4    0000004c     rtsv7M4_T_le_v4SPD16_eabi.lib : atoi.obj (.text)
                  0000fa10    0000004c                                   : cpy_tbl.obj (.text)
                  0000fa5c    0000004c                                   : rand.obj (.text)
                  0000faa8    0000004c     mqtt_client.a : client_core.obj (.text:singleCtxAdjWaitSecsGet)
                  0000faf4    0000004c     simplelink.a : wlan.obj (.text:sl_WlanSetMode)
                  0000fb40    0000004c     sysbios.aem4f : BIOS.obj (.text:ti_sysbios_family_arm_msp432_Timer_postInit__I)
                  0000fb8c    00000004     --HOLE-- [fill = 0]
                  0000fb90    0000004c                   : BIOS.obj (.text:ti_sysbios_family_arm_msp432_Timer_start__E)
                  0000fbdc    00000004     --HOLE-- [fill = 0]
                  0000fbe0    0000004c                   : BIOS.obj (.text:ti_sysbios_heaps_HeapMem_getStats__E)
                  0000fc2c    00000004     --HOLE-- [fill = 0]
                  0000fc30    0000004c                   : BIOS.obj (.text:ti_sysbios_knl_Swi_runLoop__I)
                  0000fc7c    00000004     --HOLE-- [fill = 0]
                  0000fc80    0000004c                   : BIOS.obj (.text:ti_sysbios_knl_Task_allBlockedFunction__I)
                  0000fccc    00000004     --HOLE-- [fill = 0]
                  0000fcd0    0000004c                   : BIOS.obj (.text:ti_sysbios_knl_Task_schedule__I)
                  0000fd1c    0000004a     mqtt_client.a : client_core.obj (.text:recvHvecLoad)
                  0000fd66    00000002     --HOLE-- [fill = 0]
                  0000fd68    00000048     dpl_msp432p401x.aem4f : ClockP_tirtos.oem4f (.text:ClockP_create)
                  0000fdb0    00000048     mqtt_client_app.obj (.text:LedTimerConfigNStart)
                  0000fdf8    00000048     mqtt_client_app.obj (.text:MQTT_SendMsgToQueue)
                  0000fe40    00000048     drivers_msp432p401x.aem4f : PowerMSP432.oem4f (.text:Power_releaseConstraint)
                  0000fe88    00000048                               : SPIMSP432DMA.oem4f (.text:SPIMSP432DMA_hwiFxn)
                  0000fed0    00000048     simplelink.a : eventreg.obj (.text:_SlDeviceFatalErrorEvtHdlr)
                  0000ff18    00000048                  : eventreg.obj (.text:_SlDeviceGeneralEvtHdlr)
                  0000ff60    00000048                  : driver.obj (.text:_SlDrvBasicCmd)
                  0000ffa8    00000048                  : driver.obj (.text:_SlDrvSyncObjWaitTimeout)
                  0000fff0    00000048                  : eventreg.obj (.text:_SlNetAppEvtHdlr)
                  00010038    00000048                  : eventreg.obj (.text:_SlNetAppRequestMemFree)
                  00010080    00000048                  : eventreg.obj (.text:_SlSockEvtHdlr)
                  000100c8    00000048                  : eventreg.obj (.text:_SlWlanEvtHdlr)
                  00010110    00000048     mqtt_client.a : client_core.obj (.text:procLoopbackRecv)
                  00010158    00000048                   : mqtt_client.obj (.text:processDisconnCB)
                  000101a0    00000048     rtsv7M4_T_le_v4SPD16_eabi.lib : fd_toi_t2.obj (.text)
                  000101e8    00000048     sysbios.aem4f : BIOS.obj (.text:ti_sysbios_family_arm_m3_Hwi_disableInterrupt__E)
                  00010230    00000048                   : BIOS.obj (.text:ti_sysbios_family_arm_m3_Hwi_enableInterrupt__E)
                  00010278    00000048                   : BIOS.obj (.text:ti_sysbios_knl_Mailbox_Module_startup__E)
                  000102c0    00000046     drivers_msp432p401x.aem4f : RingBuf.oem4f (.text:RingBuf_put)
                  00010306    00000046     mqtt_client.a : mqtt_common.obj (.text:mqpProcVhMsgIdRx)
                  0001034c    00000004     --HOLE-- [fill = 0]
                  00010350    00000046     sysbios.aem4f : BIOS.obj (.text:xdc_runtime_Core_assignParams__I)
                  00010396    00000044     mqtt_client.a : mqtt_common.obj (.text:MQTT_qos2PubCqUnlog)
                  000103da    00000002     --HOLE-- [fill = 0]
                  000103dc    00000044     drivers_msp432p401x.aem4f : SPI.oem4f (.text:SPI_init)
                  00010420    00000044                               : UART.oem4f (.text:UART_init)
                  00010464    00000044     mqtt_client.a : client_core.obj (.text:singleCtxRxPrepLocked)
                  000104a8    00000044     sysbios.aem4f : BIOS.obj (.text:ti_sysbios_family_arm_m3_Hwi_getStackInfo__E)
                  000104ec    00000004     --HOLE-- [fill = 0]
                  000104f0    00000044                   : BIOS.obj (.text:ti_sysbios_family_arm_msp432_Seconds_Module_startup__E)
                  00010534    00000004     --HOLE-- [fill = 0]
                  00010538    00000044                   : BIOS.obj (.text:ti_sysbios_knl_Swi_post__E)
                  0001057c    00000042     mqtt_client.a : client_core.obj (.text:pingReqSend)
                  000105be    00000042     simplelink.a : sl_socket.obj (.text:sl_Htonl)
                  00010600    00000042     mqtt_client.a : client_core.obj (.text:txPartSetup)
                  00010642    00000002     --HOLE-- [fill = 0]
                  00010644    00000040     dpl_msp432p401x.aem4f : HwiP_tirtos.oem4f (.text:HwiP_create)
                  00010684    00000040     network_if.obj (.text:InitializeAppVariables)
                  000106c4    00000040     mqtt_client.a : mqtt_common.obj (.text:MQTT_clCtxTimeoutUpdate)
                  00010704    00000040     drivers_msp432p401x.aem4f : RingBuf.oem4f (.text:RingBuf_get)
                  00010744    00000040     network_if.obj (.text:SimpleLinkGeneralEventHandler)
                  00010784    00000040     drivers_msp432p401x.aem4f : UARTMSP432.oem4f (.text:UARTMSP432_read)
                  000107c4    00000040                               : UDMAMSP432.oem4f (.text:UDMAMSP432_init)
                  00010804    00000040     simplelink.a : driver.obj (.text:_SlDrvGlobalObjUnLock)
                  00010844    00000040                  : eventreg.obj (.text:_SlIsEventRegistered)
                  00010884    00000040                  : eventreg.obj (.text:_SlSocketTriggerEventHandler)
                  000108c4    00000040     mqtt_client.a : client_core.obj (.text:groupCtxsKaSequence)
                  00010904    00000040     drivers_msp432p401x.aem4f : PowerMSP432.oem4f (.text:notify)
                  00010944    00000040                               : UARTMSP432.oem4f (.text:perfChangeNotifyFxn)
                  00010984    00000040     mqtt_client_app.obj (.text:pushButtonInterruptHandler2)
                  000109c4    00000040     rtsv7M4_T_le_v4SPD16_eabi.lib : strtok.obj (.text)
                  00010a04    00000004     --HOLE-- [fill = 0]
                  00010a08    00000040     sysbios.aem4f : BIOS.obj (.text:ti_sysbios_family_arm_msp432_Timer_Module_startup__E)
                  00010a48    00000040                   : BIOS.obj (.text:ti_sysbios_family_arm_msp432_Timer_startup__E)
                  00010a88    00000040                   : BIOS.obj (.text:ti_sysbios_heaps_HeapMem_Instance_init__E)
                  00010ac8    0000003e     mqtt_client.a : mqtt_common.obj (.text:MQTT_qos2PubCqLogup)
                  00010b06    0000003e     simplelink.a : sl_socket.obj (.text:_SlSocketBuildAddress)
                  00010b44    0000003e     release_pem4f.oem4f (.text:realloc)
                  00010b82    0000003e     mqtt_client.a : client_core.obj (.text:session311fix)
                  00010bc0    0000003c     network_if.obj (.text:Network_IF_DisconnectFromAP)
                  00010bfc    0000003c     drivers_msp432p401x.aem4f : SPI.oem4f (.text:SPI_open)
                  00010c38    0000003c     dpl_msp432p401x.aem4f : SemaphoreP_tirtos.oem4f (.text:SemaphoreP_create)
                  00010c74    0000003c     drivers_msp432p401x.aem4f : UART.oem4f (.text:UART_open)
                  00010cb0    0000003c     simplelink.a : netapp.obj (.text:_SlNetAppCopyPingResultsToReport)
                  00010cec    0000003c     mqtt_client.a : client_core.obj (.text:mqpFreeLocked)
                  00010d28    0000003c     sysbios.aem4f : BIOS.obj (.text:pthread_mutex_unlock)
                  00010d64    0000003c     simplelink.a : sl_socket.obj (.text:sl_Htons)
                  00010da0    0000003c     sysbios.aem4f : BIOS.obj (.text:ti_sysbios_family_arm_m3_Hwi_Instance_finalize__E)
                  00010ddc    00000004     --HOLE-- [fill = 0]
                  00010de0    0000003c                   : BIOS.obj (.text:ti_sysbios_knl_Clock_Instance_init__E)
                  00010e1c    0000003c     release_pem4f.oem4f (.text:ti_sysbios_knl_Clock_create)
                  00010e58    0000003c     sysbios.aem4f : BIOS.obj (.text:ti_sysbios_knl_Swi_restore__E)
                  00010e94    00000038     mqtt_client.a : client_core.obj (.text:MQTT_bufWrNbytes)
                  00010ecc    00000038                   : mqtt_common.obj (.text:MQTT_bufWrNbytes)
                  00010f04    00000038     drivers_msp432p401x.aem4f : PowerMSP432.oem4f (.text:Power_setConstraint)
                  00010f3c    00000038     mqtt_client.a : client_core.obj (.text:netSend)
                  00010f74    00000004     --HOLE-- [fill = 0]
                  00010f78    00000038     sysbios.aem4f : BIOS.obj (.text:pthread_setschedparam)
                  00010fb0    00000038                   : BIOS.obj (.text:xdc_runtime_System_atexit__E)
                  00010fe8    00000036     mqtt_client.a : mqtt_common.obj (.text:MQTT_bufSet)
                  0001101e    00000036                   : mqtt_common.obj (.text:MQTT_packetAckWlistAppend)
                  00011054    00000036                   : mqtt_common.obj (.text:MQTT_packetBufWrUtf8)
                  0001108a    00000036                   : mqtt_common.obj (.text:MQTT_packetProcMsgIdAckRx)
                  000110c0    00000036     drivers_msp432p401x.aem4f : UARTMSP432.oem4f (.text:UARTMSP432_readCancel)
                  000110f6    00000002     --HOLE-- [fill = 0]
                  000110f8    00000036     sysbios.aem4f : BIOS.obj (.text:mq_timedsend)
                  0001112e    00000036     rtsv7M4_T_le_v4SPD16_eabi.lib : strncpy.obj (.text)
                  00011164    00000034     mqtt_client.a : mqtt_common.obj (.text:MQTT_packetReset)
                  00011198    00000034                   : mqtt_client.obj (.text:SetCondAwaitedAckLocked)
                  000111cc    00000034                   : client_core.obj (.text:_procPubRelRx)
                  00011200    00000034                   : client_core.obj (.text:conn2usedCtxs)
                  00011234    00000034     simplelink.a : cc_pal.obj (.text:spi_Open)
                  00011268    00000034     release_pem4f.oem4f (.text:ti_sysbios_knl_Semaphore_create)
                  0001129c    00000032     mqtt_client.a : mqtt_common.obj (.text:MQTT_packetAckWlistPurge)
                  000112ce    00000032                   : client_core.obj (.text:awaitsPkts)
                  00011300    00000032                   : client_core.obj (.text:procNetDataRecv)
                  00011332    00000006     dpl_msp432p401x.aem4f : MutexP_tirtos.oem4f (.text:MutexP_Params_init)
                  00011338    00000032     sysbios.aem4f : BIOS.obj (.text:ti_sysbios_hal_Hwi_initStack)
                  0001136a    00000002     --HOLE-- [fill = 0]
                  0001136c    00000030     drivers_msp432p401x.aem4f : GPIOMSP432.oem4f (.text:GPIO_clearInt)
                  0001139c    00000030                               : GPIOMSP432.oem4f (.text:GPIO_disableInt)
                  000113cc    00000030                               : GPIOMSP432.oem4f (.text:GPIO_enableInt)
                  000113fc    00000030     mqtt_client.a : mqtt_common.obj (.text:MQTT_clCtxReset)
                  0001142c    00000030     simplelink.a : driver.obj (.text:_SlDrvSyncObjWaitForever)
                  0001145c    00000004     --HOLE-- [fill = 0]
                  00011460    00000030     sysbios.aem4f : BIOS.obj (.text:findInList$26)
                  00011490    00000030     msp432p4xx_driverlib.lib : spi.obj (.text:is_A_Module)
                  000114c0    00000030     drivers_msp432p401x.aem4f : SPIMSP432DMA.oem4f (.text:mapPin)
                  000114f0    00000030                               : UARTMSP432.oem4f (.text:mapPin)
                  00011520    00000030     sysbios.aem4f : BIOS.obj (.text:mq_close)
                  00011550    00000030     mqtt_client_app.obj (.text:printBorder)
                  00011580    00000030     release_pem4f.oem4f (.text:ti_sysbios_BIOS_atExitFunc__I)
                  000115b0    00000030     release_pem4f.oem4f (.text:ti_sysbios_BIOS_startFunc__I)
                  000115e0    00000030     sysbios.aem4f : BIOS.obj (.text:ti_sysbios_family_arm_m3_TaskSupport_start__E)
                  00011610    00000030     release_pem4f.oem4f (.text:ti_sysbios_gates_GateHwi_Object__create__S)
                  00011640    00000030     release_pem4f.oem4f (.text:ti_sysbios_gates_GateMutex_Object__create__S)
                  00011670    00000030     release_pem4f.oem4f (.text:ti_sysbios_gates_GateMutex_create)
                  000116a0    00000030     sysbios.aem4f : BIOS.obj (.text:ti_sysbios_gates_GateMutex_enter__E)
                  000116d0    00000030     release_pem4f.oem4f (.text:ti_sysbios_heaps_HeapMem_Object__create__S)
                  00011700    00000030     release_pem4f.oem4f (.text:ti_sysbios_knl_Clock_construct)
                  00011730    00000030     sysbios.aem4f : BIOS.obj (.text:ti_sysbios_knl_Mailbox_postInit__I)
                  00011760    00000030     release_pem4f.oem4f (.text:ti_sysbios_knl_Semaphore_construct)
                  00011790    00000030     sysbios.aem4f : BIOS.obj (.text:ti_sysbios_knl_Semaphore_pendTimeout__I)
                  000117c0    00000030                   : BIOS.obj (.text:ti_sysbios_knl_Task_processVitalTaskFlag__I)
                  000117f0    00000030                   : BIOS.obj (.text:ti_sysbios_knl_Task_unblockI__E)
                  00011820    00000030                   : BIOS.obj (.text:timer_delete)
                  00011850    00000030                   : BIOS.obj (.text:xdc_runtime_System_processAtExit__E)
                  00011880    0000002e     mqtt_client.a : mqtt_client.obj (.text:MQTTClient_publish)
                  000118ae    0000002e                   : mqtt_client.obj (.text:_sl_ExtLib_AwaitedAckSet)
                  000118dc    0000002e     rtsv7M4_T_le_v4SPD16_eabi.lib : i_tofd_t2.obj (.text)
                  0001190a    0000002e     release_pem4f.oem4f (.text:ti_sysbios_rts_gnu_MemAlloc_alloc)
                  00011938    0000002c     dpl_msp432p401x.aem4f : PowerMSP432_tirtos.oem4f (.text:PowerMSP432_updateFreqs)
                  00011964    0000002c                           : SemaphoreP_tirtos.oem4f (.text:SemaphoreP_createBinary)
                  00011990    0000002c     mqtt_client_app.obj (.text:TimerPeriodicIntHandler)
                  000119bc    0000002c     mqtt_client.a : mqtt_client.obj (.text:_sl_ExtLib_AwaitedAckLockedSet)
                  000119e8    0000002c                   : client_core.obj (.text:mqpDoNotReportCor)
                  00011a14    0000002c                   : client_core.obj (.text:netClCtxFind)
                  00011a40    0000002c     release_pem4f.oem4f (.text:ti_sysbios_knl_Clock_doTick__I)
                  00011a6c    00000004     --HOLE-- [fill = 0]
                  00011a70    0000002c     sysbios.aem4f : BIOS.obj (.text:ti_sysbios_knl_Clock_getTimeout__E)
                  00011a9c    0000002c     release_pem4f.oem4f (.text:ti_sysbios_knl_Queue_construct)
                  00011ac8    0000002c     sysbios.aem4f : BIOS.obj (.text:ti_sysbios_knl_Task_restore__E)
                  00011af4    0000002c     mqtt_client.a : client_core.obj (.text:txPartBufP)
                  00011b20    0000002c     sysbios.aem4f : BIOS.obj (.text:usleep)
                  00011b4c    0000002a     mqtt_client.a : client_core.obj (.text:connSentStateRx)
                  00011b76    0000002a     drivers_msp432p401x.aem4f : SPIMSP432DMA.oem4f (.text:perfChangeNotifyFxn)
                  00011ba0    0000002a     rtsv7M4_T_le_v4SPD16_eabi.lib : strspn.obj (.text)
                  00011bca    00000028     mqtt_client.a : client_core.obj (.text:MQTT_bufWrNbo2B)
                  00011bf2    00000028                   : mqtt_common.obj (.text:MQTT_bufWrNbo2B)
                  00011c1a    00000002     --HOLE-- [fill = 0]
                  00011c1c    00000028     drivers_msp432p401x.aem4f : PowerMSP432.oem4f (.text:Power_registerNotify)
                  00011c44    00000028     simplelink.a : sl_socket.obj (.text:SL_SOCKET_FD_ISSET)
                  00011c6c    00000028                  : driver.obj (.text:_SlDrvProtectionObjLockWaitForever)
                  00011c94    00000028                  : driver.obj (.text:_SlDrvProtectionObjUnLock)
                  00011cbc    00000028                  : driver.obj (.text:_SlDrvUpdateApiInProgress)
                  00011ce4    00000028                  : flowcont.obj (.text:_SlFlowContSet)
                  00011d0c    00000028     drivers_msp432p401x.aem4f : PowerMSP432.oem4f (.text:disableHFXT)
                  00011d34    00000028                               : UARTMSP432.oem4f (.text:findBaudDividerIndex)
                  00011d5c    00000004     --HOLE-- [fill = 0]
                  00011d60    00000028     sysbios.aem4f : BIOS.obj (.text:mq_receive)
                  00011d88    00000028                   : BIOS.obj (.text:ti_sysbios_knl_Clock_addI__E)
                  00011db0    00000028                   : BIOS.obj (.text:ti_sysbios_knl_Swi_Module_startup__E)
                  00011dd8    00000026     drivers_msp432p401x.aem4f : List.oem4f (.text:List_put)
                  00011dfe    00000026     mqtt_client.a : client_core.obj (.text:MQTTClientCore_ctxRun)
                  00011e24    00000026                   : client_core.obj (.text:MQTTClientCore_sendConnectMsg)
                  00011e4a    00000026     simplelink.a : cc_pal.obj (.text:Semaphore_create_handle)
                  00011e70    00000026     mqtt_client.a : client_core.obj (.text:isConnected)
                  00011e96    00000026                   : cc32xx_sl_net.obj (.text:tcpSend)
                  00011ebc    00000026     sysbios.aem4f : m3_Hwi_asm.obj (.text:ti_sysbios_family_arm_m3_Hwi_pendSV__I)
                  00011ee2    00000002     --HOLE-- [fill = 0]
                  00011ee4    00000024     simplelink.a : cc_pal.obj (.text:HostIrqGPIO_callback)
                  00011f08    00000024     mqtt_client.a : mqtt_common.obj (.text:MQTT_packetInit)
                  00011f2c    00000024     simplelink.a : cc_pal.obj (.text:Mutex_create_handle)
                  00011f50    00000024     drivers_msp432p401x.aem4f : SPIMSP432DMA.oem4f (.text:SPIMSP432DMA_transferCancel)
                  00011f74    00000024     simplelink.a : driver.obj (.text:_SlDrvIsApiInProgress)
                  00011f98    00000024                  : driver.obj (.text:_SlDrvStartMeasureTimeout)
                  00011fbc    00000004     --HOLE-- [fill = 0]
                  00011fc0    00000024     sysbios.aem4f : BIOS.obj (.text:pthread_attr_init)
                  00011fe4    00000004     --HOLE-- [fill = 0]
                  00011fe8    00000024                   : BIOS.obj (.text:pthread_mutex_destroy)
                  0001200c    00000024     rtsv7M4_T_le_v4SPD16_eabi.lib : memmov.obj (.text)
                  00012030    00000024                                   : strcspn.obj (.text)
                  00012054    00000024     simplelink.a : wlan.obj (.text:sl_WlanDisconnect)
                  00012078    00000024     release_pem4f.oem4f (.text:ti_sysbios_BIOS_registerRTSLock__I)
                  0001209c    00000024     release_pem4f.oem4f (.text:ti_sysbios_BIOS_removeRTSLock__I)
                  000120c0    00000024     sysbios.aem4f : BIOS.obj (.text:ti_sysbios_family_arm_msp432_ClockFreqs_setFrequency__E)
                  000120e4    00000024     release_pem4f.oem4f (.text:ti_sysbios_gates_GateMutex_Object__delete__S)
                  00012108    00000024     sysbios.aem4f : BIOS.obj (.text:ti_sysbios_knl_Clock_Module_startup__E)
                  0001212c    00000024     release_pem4f.oem4f (.text:ti_sysbios_knl_Clock_Object__delete__S)
                  00012150    00000024     sysbios.aem4f : BIOS.obj (.text:ti_sysbios_knl_Clock_start__E)
                  00012174    00000004     --HOLE-- [fill = 0]
                  00012178    00000024                   : BIOS.obj (.text:ti_sysbios_knl_Semaphore_Instance_init__E)
                  0001219c    00000024     release_pem4f.oem4f (.text:ti_sysbios_knl_Semaphore_Object__delete__S)
                  000121c0    00000024     sysbios.aem4f : BIOS.obj (.text:ti_sysbios_knl_Task_restoreHwi__E)
                  000121e4    00000004     --HOLE-- [fill = 0]
                  000121e8    00000024                   : BIOS.obj (.text:xdc_runtime_Error_policyMin__E)
                  0001220c    00000022     mqtt_client.a : mqtt_common.obj (.text:MQTT_packetFree)
                  0001222e    00000022                   : mqtt_common.obj (.text:MQTT_qos2PubCqReset)
                  00012250    00000022     simplelink.a : sl_socket.obj (.text:SL_SOCKET_FD_SET)
                  00012272    00000022     mqtt_client.a : client_core.obj (.text:_txPartReset)
                  00012294    00000020                   : mqtt_common.obj (.text:MQTT_secureConnStructInit)
                  000122b4    00000020     drivers_msp432p401x.aem4f : PowerMSP432.oem4f (.text:Power_unregisterNotify)
                  000122d4    00000020                               : RingBuf.oem4f (.text:RingBuf_peek)
                  000122f4    00000020                               : UDMAMSP432.oem4f (.text:UDMAMSP432_close)
                  00012314    00000020     simplelink.a : driver.obj (.text:_SlDrvObjLockWaitForever)
                  00012334    00000020                  : driver.obj (.text:_SlDrvObjUnLock)
                  00012354    00000020     mqtt_client.a : client_core.obj (.text:groupCtxsAdjWaitSecsGet)
                  00012374    00000004     --HOLE-- [fill = 0]
                  00012378    00000020     sysbios.aem4f : BIOS.obj (.text:sleep)
                  00012398    00000020     release_pem4f.oem4f (.text:ti_sysbios_BIOS_rtsLock__I)
                  000123b8    00000020     release_pem4f.oem4f (.text:ti_sysbios_family_arm_m3_Hwi_Object__delete__S)
                  000123d8    00000020     sysbios.aem4f : m3_Hwi_asm.obj (.text:ti_sysbios_family_arm_m3_Hwi_excHandlerAsm__I)
                  000123f8    00000020                   : BIOS.obj (.text:ti_sysbios_family_arm_m3_Hwi_excHandler__I)
                  00012418    00000020     release_pem4f.oem4f (.text:ti_sysbios_gates_GateHwi_Object__delete__S)
                  00012438    00000020     release_pem4f.oem4f (.text:ti_sysbios_heaps_HeapMem_Object__delete__S)
                  00012458    00000020     release_pem4f.oem4f (.text:ti_sysbios_knl_Clock_destruct)
                  00012478    00000020     sysbios.aem4f : BIOS.obj (.text:ti_sysbios_knl_Idle_run__E)
                  00012498    00000020     release_pem4f.oem4f (.text:ti_sysbios_knl_Semaphore_destruct)
                  000124b8    00000020     release_pem4f.oem4f (.text:ti_sysbios_knl_Task_Object__delete__S)
                  000124d8    0000001e     mqtt_client.a : mqtt_common.obj (.text:MQTT_bufRdNbo2B)
                  000124f6    0000001e     simplelink.a : driver.obj (.text:_SlDrvSyncObjSignal)
                  00012514    0000001e     mqtt_client.a : client_core.obj (.text:isValidUTF8String)
                  00012532    0000001e     sysbios.aem4f : m3_Hwi_asm_switch.obj (.text:ti_sysbios_family_xxx_Hwi_switchAndRunFunc)
                  00012550    0000001c     uart_term.obj (.text:Message)
                  0001256c    0000001c     simplelink.a : device.obj (.text:_SlDeviceGetStartResponseConvert)
                  00012588    0000001c     mqtt_client.a : client_core.obj (.text:clCtxFreeup)
                  000125a4    0000001c     MSP_EXP432P401R.obj (.text:dmaErrorHwi)
                  000125c0    0000001c     mqtt_client.a : client_core.obj (.text:getConnectVhLen)
                  000125dc    0000001c                   : client_core.obj (.text:mqpFree)
                  000125f8    0000001c     rtsv7M4_T_le_v4SPD16_eabi.lib : memccpy.obj (.text)
                  00012614    00000004     --HOLE-- [fill = 0]
                  00012618    0000001c     sysbios.aem4f : BIOS.obj (.text:ti_sysbios_gates_GateMutex_Instance_init__E)
                  00012634    00000004     --HOLE-- [fill = 0]
                  00012638    0000001c                   : BIOS.obj (.text:ti_sysbios_knl_Clock_Instance_finalize__E)
                  00012654    0000001c     release_pem4f.oem4f (.text:ti_sysbios_knl_Queue_destruct)
                  00012670    0000001c     sysbios.aem4f : BIOS.obj (.text:ti_sysbios_knl_Queue_get__E)
                  0001268c    00000004     --HOLE-- [fill = 0]
                  00012690    0000001c                   : BIOS.obj (.text:ti_sysbios_knl_Queue_put__E)
                  000126ac    00000004     --HOLE-- [fill = 0]
                  000126b0    0000001c                   : BIOS.obj (.text:ti_sysbios_knl_Task_enter__I)
                  000126cc    00000004     --HOLE-- [fill = 0]
                  000126d0    0000001c                   : BIOS.obj (.text:timerThreadFxn$30)
                  000126ec    0000001c     mqtt_client.a : client_core.obj (.text:txPartReset)
                  00012708    0000001c                   : client_core.obj (.text:usedCtxsTOSort)
                  00012724    00000004     --HOLE-- [fill = 0]
                  00012728    0000001c     sysbios.aem4f : BIOS.obj (.text:xdc_runtime_Memory_valloc__E)
                  00012744    00000004     --HOLE-- [fill = 0]
                  00012748    0000001c                   : BIOS.obj (.text:xdc_runtime_System_abort__E)
                  00012764    0000001a     mqtt_client.a : cc32xx_sl_net.obj (.text:commClose)
                  0001277e    00000002     --HOLE-- [fill = 0]
                  00012780    00000018     release_pem4f.oem4f (.text:.bootCodeSection:ti_sysbios_family_arm_msp432_init_Boot_init__I)
                  00012798    00000018     drivers_msp432p401x.aem4f : PowerMSP432.oem4f (.text:Power_idleFunc)
                  000127b0    00000018                               : UART.oem4f (.text:UART_Params_init)
                  000127c8    00000018     release_pem4f.oem4f (.text:free)
                  000127e0    00000018     sysbios.aem4f : BIOS.obj (.text:pthread_attr_setschedparam)
                  000127f8    00000018     uart_term.obj (.text:putch)
                  00012810    00000018     rtsv7M4_T_le_v4SPD16_eabi.lib : args_main.obj (.text)
                  00012828    00000018                                   : strcmp.obj (.text)
                  00012840    00000018     release_pem4f.oem4f (.text:ti_sysbios_BIOS_rtsUnlock__I)
                  00012858    00000018     release_pem4f.oem4f (.text:ti_sysbios_family_arm_m3_Hwi_Module__startupDone__F)
                  00012870    00000018     sysbios.aem4f : m3_TaskSupport_asm.obj (.text:ti_sysbios_family_arm_m3_TaskSupport_swap__E)
                  00012888    00000018     release_pem4f.oem4f (.text:ti_sysbios_family_arm_msp432_Timer_Module__startupDone__F)
                  000128a0    00000018     release_pem4f.oem4f (.text:ti_sysbios_gates_GateHwi_Handle__label__S)
                  000128b8    00000018     release_pem4f.oem4f (.text:ti_sysbios_gates_GateMutex_Handle__label__S)
                  000128d0    00000018     sysbios.aem4f : BIOS.obj (.text:ti_sysbios_gates_GateMutex_leave__E)
                  000128e8    00000018     release_pem4f.oem4f (.text:ti_sysbios_heaps_HeapMem_Handle__label__S)
                  00012900    00000018     sysbios.aem4f : BIOS.obj (.text:ti_sysbios_knl_Task_sleepTimeout__I)
                  00012918    00000018                   : BIOS.obj (.text:xdc_runtime_Error_init__E)
                  00012930    00000018                   : BIOS.obj (.text:xdc_runtime_System_exit__E)
                  00012948    00000016     drivers_msp432p401x.aem4f : List.oem4f (.text:List_remove)
                  0001295e    00000016     simplelink.a : driver.obj (.text:_SlDrvMemZero)
                  00012974    00000016     mqtt_client.a : client_core.obj (.text:ack2MsgIdLogup)
                  0001298a    00000016                   : client_core.obj (.text:qos2PubRxIsDone)
                  000129a0    00000016                   : client_core.obj (.text:qos2PubRxLogup)
                  000129b6    00000016                   : client_core.obj (.text:qos2PubRxUnlog)
                  000129cc    00000016                   : cc32xx_sl_net.obj (.text:rtcSecs)
                  000129e2    00000016     rtsv7M4_T_le_v4SPD16_eabi.lib : strchr.obj (.text)
                  000129f8    00000016     release_pem4f.oem4f (.text:ti_sysbios_BIOS_exitFunc__I)
                  00012a0e    00000002     --HOLE-- [fill = 0]
                  00012a10    00000016     sysbios.aem4f : BIOS.obj (.text:ti_sysbios_knl_Task_unblock__E)
                  00012a26    00000002     --HOLE-- [fill = 0]
                  00012a28    00000016                   : BIOS.obj (.text:timerFxn$30)
                  00012a3e    00000016     mqtt_client.a : client_core.obj (.text:txPartAddup)
                  00012a54    00000014     dpl_msp432p401x.aem4f : ClockP_tirtos.oem4f (.text:ClockP_usleep)
                  00012a68    00000014     mqtt_client_app.obj (.text:Mqtt_ClientStop)
                  00012a7c    00000014     simplelink.a : cc_pal.obj (.text:NwpPowerOff)
                  00012a90    00000014                  : cc_pal.obj (.text:NwpPowerOn)
                  00012aa4    00000014     drivers_msp432p401x.aem4f : SPI.oem4f (.text:SPI_Params_init)
                  00012ab8    00000014                               : UARTMSP432.oem4f (.text:clearTXCPTIFG)
                  00012acc    00000014     rtsv7M4_T_le_v4SPD16_eabi.lib : _lock.obj (.text)
                  00012ae0    00000014                                   : s_copysign.obj (.text)
                  00012af4    00000014                                   : strcpy.obj (.text)
                  00012b08    00000014                                   : strlen.obj (.text)
                  00012b1c    00000004     --HOLE-- [fill = 0]
                  00012b20    00000014     sysbios.aem4f : BIOS.obj (.text:sem_init)
                  00012b34    00000004     --HOLE-- [fill = 0]
                  00012b38    00000014                   : BIOS.obj (.text:sem_trywait)
                  00012b4c    00000014     release_pem4f.oem4f (.text:ti_sysbios_family_arm_m3_Hwi_Object__get__S)
                  00012b60    00000014     sysbios.aem4f : BIOS.obj (.text:ti_sysbios_family_arm_m3_Hwi_switchFromBootStack__E)
                  00012b74    00000014     release_pem4f.oem4f (.text:ti_sysbios_heaps_HeapMem_Object__get__S)
                  00012b88    00000014     release_pem4f.oem4f (.text:ti_sysbios_knl_Swi_Object__get__S)
                  00012b9c    00000012     mqtt_client.a : client_core.obj (.text:MQTTClientCore_allocRecv)
                  00012bae    00000012                   : client_core.obj (.text:MQTTClientCore_allocSend)
                  00012bc0    00000012                   : client_core.obj (.text:MQTT_qos2PubCqCount)
                  00012bd2    00000012     drivers_msp432p401x.aem4f : RingBuf.oem4f (.text:RingBuf_construct)
                  00012be4    00000012     dpl_msp432p401x.aem4f : SemaphoreP_tirtos.oem4f (.text:SemaphoreP_pend)
                  00012bf6    00000002     --HOLE-- [fill = 0]
                  00012bf8    00000012     sysbios.aem4f : BIOS.obj (.text:_pthread_cleanup_pop)
                  00012c0a    00000006     drivers_msp432p401x.aem4f : SPIMSP432DMA.oem4f (.text:SPIMSP432DMA_control)
                  00012c10    00000012     sysbios.aem4f : BIOS.obj (.text:ti_sysbios_family_arm_msp432_Seconds_getTime__E)
                  00012c22    00000006     --HOLE-- [fill = 0]
                  00012c28    00000012                   : BIOS.obj (.text:ti_sysbios_hal_Hwi_Module_startup__E)
                  00012c3a    00000012     release_pem4f.oem4f (.text:xdc_runtime_Startup_exec__I)
                  00012c4c    00000010     dpl_msp432p401x.aem4f : HwiP_tirtos.oem4f (.text:HwiP_Params_init)
                  00012c5c    00000010     mqtt_client_app.obj (.text:LedTimerDeinitStop)
                  00012c6c    00000010     simplelink.a : cc_pal.obj (.text:MutexP_delete_handle)
                  00012c7c    00000010                  : cc_pal.obj (.text:Mutex_unlock)
                  00012c8c    00000010     drivers_msp432p401x.aem4f : PowerMSP432.oem4f (.text:PowerMSP432_getNumPerfLevels)
                  00012c9c    00000010     simplelink.a : sl_socket.obj (.text:SL_SOCKET_FD_ZERO)
                  00012cac    00000010                  : cc_pal.obj (.text:SemaphoreP_delete_handle)
                  00012cbc    00000010                  : cc_pal.obj (.text:SemaphoreP_post_handle)
                  00012ccc    00000010     msp432p4xx_driverlib.lib : sysctl.obj (.text:SysCtl_getNMISourceStatus)
                  00012cdc    00000010     simplelink.a : driver.obj (.text:_SlDrvDispatchHttpServerEvents)
                  00012cec    00000010                  : driver.obj (.text:_SlDrvDispatchNetAppRequestEvents)
                  00012cfc    00000010     mqtt_client.a : client_core.obj (.text:assignNewMsgID)
                  00012d0c    00000010                   : client_core.obj (.text:lenErrFreeMqp)
                  00012d1c    00000010     drivers_msp432p401x.aem4f : UARTMSP432.oem4f (.text:readBlockingTimeout)
                  00012d2c    00000004     --HOLE-- [fill = 0]
                  00012d30    00000010     sysbios.aem4f : BIOS.obj (.text:ti_sysbios_BIOS_exit__E)
                  00012d40    00000010                   : BIOS.obj (.text:ti_sysbios_BIOS_setCpuFreq__E)
                  00012d50    00000010                   : BIOS.obj (.text:ti_sysbios_BIOS_setThreadType__E)
                  00012d60    00000010                   : BIOS.obj (.text:ti_sysbios_BIOS_start__E)
                  00012d70    00000010                   : m3_TaskSupport_asm.obj (.text:ti_sysbios_family_arm_m3_TaskSupport_glue)
                  00012d80    00000010                   : BIOS.obj (.text:ti_sysbios_family_arm_msp432_init_Boot_disableWatchdog)
                  00012d90    00000010                   : BIOS.obj (.text:ti_sysbios_gates_GateMutex_Instance_finalize__E)
                  00012da0    00000010     release_pem4f.oem4f (.text:ti_sysbios_knl_Mailbox_Object__get__S)
                  00012db0    00000010     sysbios.aem4f : BIOS.obj (.text:ti_sysbios_knl_Semaphore_Instance_finalize__E)
                  00012dc0    00000010                   : BIOS.obj (.text:ti_sysbios_knl_Swi_disable__E)
                  00012dd0    00000010     release_pem4f.oem4f (.text:ti_sysbios_knl_Task_Object__get__S)
                  00012de0    00000010     sysbios.aem4f : BIOS.obj (.text:ti_sysbios_knl_Task_disable__E)
                  00012df0    00000010                   : BIOS.obj (.text:xdc_runtime_Gate_leaveSystem__E)
                  00012e00    00000010                   : BIOS.obj (.text:xdc_runtime_Memory_free__E)
                  00012e10    00000010                   : BIOS.obj (.text:xdc_runtime_SysCallback_abort__E)
                  00012e20    00000010                   : BIOS.obj (.text:xdc_runtime_SysCallback_exit__E)
                  00012e30    0000000e     simplelink.a : cc_pal.obj (.text:Mutex_lock)
                  00012e3e    0000000e                  : driver.obj (.text:_SlDrvResetCmdExt)
                  00012e4c    0000000e     rtsv7M4_T_le_v4SPD16_eabi.lib : copy_decompress_none.obj (.text:decompress:none)
                  00012e5a    00000006     --HOLE-- [fill = 0]
                  00012e60    0000000e     sysbios.aem4f : BIOS.obj (.text:pthread_attr_setdetachstate)
                  00012e6e    00000002     --HOLE-- [fill = 0]
                  00012e70    0000000e                   : BIOS.obj (.text:sem_wait)
                  00012e7e    0000000e     simplelink.a : cc_pal.obj (.text:spi_Close)
                  00012e8c    00000004     --HOLE-- [fill = 0]
                  00012e90    0000000e     sysbios.aem4f : BIOS.obj (.text:ti_sysbios_knl_Idle_loop__E)
                  00012e9e    00000002     --HOLE-- [fill = 0]
                  00012ea0    0000000e                   : BIOS.obj (.text:ti_sysbios_knl_Queue_empty__E)
                  00012eae    0000000c     msp432p4xx_driverlib.lib : cpu.obj (.text:CPU_cpsid)
                  00012eba    0000000c                              : cpu.obj (.text:CPU_cpsie)
                  00012ec6    0000000c     dpl_msp432p401x.aem4f : ClockP_tirtos.oem4f (.text:ClockP_delete)
                  00012ed2    0000000c                           : HwiP_tirtos.oem4f (.text:HwiP_delete)
                  00012ede    00000002     --HOLE-- [fill = 0]
                  00012ee0    0000000c                           : MutexP_tirtos.oem4f (.text:MutexP_create)
                  00012eec    0000000c                           : MutexP_tirtos.oem4f (.text:MutexP_delete)
                  00012ef8    0000000c     network_if.obj (.text:Network_IF_ResetMCUStateMachine)
                  00012f04    0000000c     drivers_msp432p401x.aem4f : PowerMSP432.oem4f (.text:Power_getConstraintMask)
                  00012f10    0000000c                               : PowerMSP432.oem4f (.text:Power_getPerformanceLevel)
                  00012f1c    0000000c     dpl_msp432p401x.aem4f : SemaphoreP_tirtos.oem4f (.text:SemaphoreP_delete)
                  00012f28    0000000c     network_if.obj (.text:SimpleLinkHttpServerEventHandler)
                  00012f34    0000000c     network_if.obj (.text:SimpleLinkNetAppRequestEventHandler)
                  00012f40    0000000c     simplelink.a : device.obj (.text:_SlDeviceResetRequestInitCompletedCB)
                  00012f4c    0000000c     rtsv7M4_T_le_v4SPD16_eabi.lib : copy_zero_init.obj (.text:decompress:ZI)
                  00012f58    0000000c     mqtt_client.a : mqtt_client.obj (.text:mutexLockup)
                  00012f64    0000000c                   : mqtt_client.obj (.text:mutexUnlock)
                  00012f70    0000000c     sysbios.aem4f : BIOS.obj (.text:pthread_self)
                  00012f7c    0000000c     release_pem4f.oem4f (.text:ti_sysbios_family_arm_m3_Hwi_Params__init__S)
                  00012f88    0000000c     sysbios.aem4f : BIOS.obj (.text:ti_sysbios_family_arm_m3_Hwi_disableFxn__E)
                  00012f94    00000004     --HOLE-- [fill = 0]
                  00012f98    0000000c                   : BIOS.obj (.text:ti_sysbios_family_arm_m3_TaskSupport_getStackAlignment__E)
                  00012fa4    00000004     --HOLE-- [fill = 0]
                  00012fa8    0000000c                   : BIOS.obj (.text:ti_sysbios_family_arm_msp432_Timer_getMaxTicks__E)
                  00012fb4    00000004     --HOLE-- [fill = 0]
                  00012fb8    0000000c                   : BIOS.obj (.text:ti_sysbios_gates_GateHwi_enter__E)
                  00012fc4    0000000c     release_pem4f.oem4f (.text:ti_sysbios_knl_Clock_Params__init__S)
                  00012fd0    0000000c     sysbios.aem4f : BIOS.obj (.text:ti_sysbios_knl_Clock_getTicks__E)
                  00012fdc    0000000c     release_pem4f.oem4f (.text:ti_sysbios_knl_Queue_Object__get__S)
                  00012fe8    0000000c     release_pem4f.oem4f (.text:ti_sysbios_knl_Semaphore_Params__init__S)
                  00012ff4    0000000c     release_pem4f.oem4f (.text:ti_sysbios_knl_Task_Params__init__S)
                  00013000    0000000c     sysbios.aem4f : BIOS.obj (.text:xdc_runtime_Gate_enterSystem__E)
                  0001300c    00000004     --HOLE-- [fill = 0]
                  00013010    0000000c                   : BIOS.obj (.text:xdc_runtime_Startup_rtsDone__E)
                  0001301c    0000000a     drivers_msp432p401x.aem4f : SPI.oem4f (.text:SPI_close)
                  00013026    0000000a                               : SPI.oem4f (.text:SPI_transfer)
                  00013030    0000000a     network_if.obj (.text:SimpleLinkNetAppRequestMemFreeEventHandler)
                  0001303a    0000000a     drivers_msp432p401x.aem4f : UART.oem4f (.text:UART_control)
                  00013044    0000000a                               : UART.oem4f (.text:UART_readPolling)
                  0001304e    0000000a                               : UART.oem4f (.text:UART_writePolling)
                  00013058    0000000a     sysbios.aem4f : BIOS.obj (.text:pthread_mutex_lock)
                  00013062    00000006     --HOLE-- [fill = 0]
                  00013068    0000000a                   : BIOS.obj (.text:sem_destroy)
                  00013072    00000006     --HOLE-- [fill = 0]
                  00013078    0000000a                   : BIOS.obj (.text:sem_post)
                  00013082    0000000a     simplelink.a : device.obj (.text:sl_Task)
                  0001308c    0000000a     release_pem4f.oem4f (.text:xdc_runtime_IHeap_alloc)
                  00013096    0000000a     release_pem4f.oem4f (.text:xdc_runtime_IHeap_free)
                  000130a0    00000008     MSP_EXP432P401R.obj (.text:MSP_EXP432P401R_initGeneral)
                  000130a8    00000008     dpl_msp432p401x.aem4f : SemaphoreP_tirtos.oem4f (.text:SemaphoreP_Params_init)
                  000130b0    00000008     simplelink.a : cc_pal.obj (.text:TimerGetCurrentTimestamp)
                  000130b8    00000008     drivers_msp432p401x.aem4f : SPIMSP432DMA.oem4f (.text:blockingTransferCallback)
                  000130c0    00000008     sysbios.aem4f : BIOS.obj (.text:pthread_attr_setstacksize)
                  000130c8    00000008     drivers_msp432p401x.aem4f : UARTMSP432.oem4f (.text:readSemCallback)
                  000130d0    00000008     sysbios.aem4f : BIOS.obj (.text:ti_sysbios_family_arm_m3_Hwi_doSwiRestore__I)
                  000130d8    00000008                   : BIOS.obj (.text:ti_sysbios_family_arm_m3_Hwi_startup__E)
                  000130e0    00000008     drivers_msp432p401x.aem4f : UARTMSP432.oem4f (.text:txcptEnabledStatus)
                  000130e8    00000008                               : UARTMSP432.oem4f (.text:writeSemCallback)
[...]
00013141  ti_sysbios_knl_Clock_setTimeout__E                              
00013149  ti_sysbios_knl_Task_startup__E                                  
00013151  ti_sysbios_BIOS_linkedWithIncorrectBootLibrary__E               
00013159  ti_sysbios_gates_GateHwi_Instance_init__E                       
00013161  ti_sysbios_knl_Clock_logTick__E                                 
00013169  xdc_runtime_SysCallback_defaultAbort                            
00013171  xdc_runtime_SysCallback_defaultExit                             
00013179  xdc_runtime_System_abortSpin__E                                 
00013181  xdc_runtime_System_exitSpin__E                                  
00013184  _ctypes_                                                        
00013288  spiMSP432DMAHWAttrs                                             
00013318  uartMSP432Baudrates                                             
00013488  OpcodeTranslateTable                                            
000134e8  _SlActionLookupTable                                            
00013538  uartMSP432HWAttrs                                               
000135d0  ti_sysbios_knl_Task_Object__PARAMS__C                           
0001360c  ti_sysbios_knl_Mailbox_Object__PARAMS__C                        
00013640  SPI_config                                                      
00013670  ti_sysbios_family_arm_m3_Hwi_Object__PARAMS__C                  
000136a0  UARTMSP432_fxnTable                                             
000136c8  ti_sysbios_heaps_HeapMem_Module__FXNS__C                        
000136f0  UART_defaultParams                                              
00013714  ti_sysbios_gates_GateHwi_Module__FXNS__C                        
00013738  ti_sysbios_gates_GateMutex_Module__FXNS__C                      
0001375c  ti_sysbios_heaps_HeapMem_Object__PARAMS__C                      
00013780  ti_sysbios_knl_Clock_Object__PARAMS__C                          
000137a4  ti_sysbios_knl_Semaphore_Object__PARAMS__C                      
000137c8  xdc_runtime_Startup_sfxnTab__A                                  
0001380c  SPI_defaultParams                                               
0001386c  ti_sysbios_family_arm_m3_Hwi_Object__DESC__C                    
0001388c  ti_sysbios_gates_GateHwi_Object__DESC__C                        
000138ac  ti_sysbios_gates_GateMutex_Object__DESC__C                      
000138cc  ti_sysbios_heaps_HeapMem_Object__DESC__C                        
000138ec  ti_sysbios_knl_Clock_Object__DESC__C                            
0001390c  ti_sysbios_knl_Mailbox_Object__DESC__C                          
0001392c  ti_sysbios_knl_Queue_Object__DESC__C                            
0001394c  ti_sysbios_knl_Semaphore_Object__DESC__C                        
0001396c  ti_sysbios_knl_Task_Object__DESC__C                             
0001398c  PowerMSP432_config                                              
000139a4  SPIMSP432DMA_fxnTable                                           
000139bc  UART_config                                                     
000139d4  ti_sysbios_gates_GateHwi_Object__PARAMS__C                      
000139ec  ti_sysbios_gates_GateMutex_Object__PARAMS__C                    
00013a04  ti_sysbios_knl_Queue_Object__PARAMS__C                          
00013a9c  GPIOMSP432_config                                               
00013ab0  xdc_runtime_Startup_sfxnRts__A                                  
00013ac2  ti_sysbios_family_arm_m3_Hwi_Module__id__C                      
00013af4  ADC_count                                                       
00013af5  ADCBuf_count                                                    
00013af6  Capture_count                                                   
00013af7  Display_count                                                   
00013af8  I2C_count                                                       
00013af9  I2CSlave_count                                                  
00013afa  NVS_count                                                       
00013afb  PWM_count                                                       
00013afc  SDSPI_count                                                     
00013afd  SPI_count                                                       
00013afe  Timer_count                                                     
00013aff  UART_count                                                      
00013b00  Watchdog_count                                                  
00013b01  xdc_runtime_Error_policy__C                                     
00013b0e  ti_sysbios_family_arm_msp432_init_Boot_bypassHFXT__C            
00013b10  udmaMSP432HWAttrs                                               
00013b1c  xdc_runtime_Startup_firstFxns__A                                
00013b30  UDMAMSP432_config                                               
00013b48  ti_sysbios_knl_Idle_funcList__C                                 
00013b50  xdc_runtime_Startup_firstFxns__C                                
00013b58  xdc_runtime_Startup_lastFxns__C                                 
00013b9a  _SlNetAppSendResponseCmdCtrl                                    
00013b9e  _SlNetAppSendTokenValueCmdCtrl                                  
00013bce  ti_sysbios_family_arm_msp432_init_Boot_bypassLFXT__C            
00013bd0  ti_sysbios_family_arm_m3_Hwi_E_alreadyDefined__C                
00013bd4  ti_sysbios_family_arm_m3_Hwi_NUM_INTERRUPTS__C                  
00013bd8  ti_sysbios_family_arm_m3_Hwi_Object__count__C                   
00013bdc  ti_sysbios_family_arm_m3_Hwi_ccr__C                             
00013be0  ti_sysbios_family_arm_m3_Hwi_excHandlerFunc__C                  
00013be4  ti_sysbios_family_arm_m3_Hwi_nullIsrFunc__C                     
00013be8  ti_sysbios_family_arm_m3_Hwi_priGroup__C                        
00013bec  ti_sysbios_family_arm_m3_Hwi_swiDisable__C                      
00013bf0  ti_sysbios_family_arm_m3_Hwi_swiRestoreHwi__C                   
00013bf4  ti_sysbios_family_arm_m3_TaskSupport_stackAlignment__C          
00013bf8  ti_sysbios_family_arm_msp432_Timer_numTimerDevices__C           
00013bfc  ti_sysbios_family_arm_msp432_Timer_startupNeeded__C             
00013c00  ti_sysbios_gates_GateMutex_Instance_State_sem__O                
00013c04  ti_sysbios_heaps_HeapMem_E_memory__C                            
00013c08  ti_sysbios_heaps_HeapMem_Module__gateObj__C                     
00013c0c  ti_sysbios_heaps_HeapMem_Object__count__C                       
00013c10  ti_sysbios_heaps_HeapMem_primaryHeapBaseAddr__C                 
00013c14  ti_sysbios_heaps_HeapMem_primaryHeapEndAddr__C                  
00013c18  ti_sysbios_heaps_HeapMem_reqAlign__C                            
00013c1c  ti_sysbios_knl_Clock_Module_State_clockQ__O                     
00013c20  ti_sysbios_knl_Clock_tickPeriod__C                              
00013c24  ti_sysbios_knl_Idle_funcList__A                                 
00013c28  ti_sysbios_knl_Mailbox_Instance_State_dataQue__O                
00013c2c  ti_sysbios_knl_Mailbox_Instance_State_dataSem__O                
00013c30  ti_sysbios_knl_Mailbox_Instance_State_freeQue__O                
00013c34  ti_sysbios_knl_Mailbox_Instance_State_freeSem__O                
00013c38  ti_sysbios_knl_Mailbox_Object__count__C                         
00013c3c  ti_sysbios_knl_Mailbox_maxTypeAlign__C                          
00013c40  ti_sysbios_knl_Semaphore_Instance_State_pendQ__O                
00013c44  ti_sysbios_knl_Swi_Object__count__C                             
00013c48  ti_sysbios_knl_Task_Module_State_inactiveQ__O                   
00013c4c  ti_sysbios_knl_Task_Object__count__C                            
00013c50  ti_sysbios_knl_Task_Object__heap__C                             
00013c54  ti_sysbios_knl_Task_allBlockedFunc__C                           
00013c58  ti_sysbios_knl_Task_defaultStackHeap__C                         
00013c5c  ti_sysbios_knl_Task_defaultStackSize__C                         
00013c60  ti_sysbios_knl_Task_numConstructedTasks__C                      
00013c64  xdc_runtime_Error_E_memory__C                                   
00013c68  xdc_runtime_Error_policyFxn__C                                  
00013c6c  xdc_runtime_IGateProvider_Interface__BASE__C                    
00013c70  xdc_runtime_IHeap_Interface__BASE__C                            
00013c74  xdc_runtime_IModule_Interface__BASE__C                          
00013c78  xdc_runtime_Memory_defaultHeapInstance__C                       
00013c7c  xdc_runtime_Startup_execImpl__C                                 
00013c80  xdc_runtime_Startup_maxPasses__C                                
00013c84  xdc_runtime_Startup_sfxnRts__C                                  
00013c88  xdc_runtime_Startup_sfxnTab__C                                  
00013c8c  xdc_runtime_SysCallback_abortFxn__C                             
00013c90  xdc_runtime_SysCallback_exitFxn__C                              
00013c94  xdc_runtime_System_Module__gateObj__C                           
00013c98  xdc_runtime_System_abortFxn__C                                  
00013c9c  xdc_runtime_System_exitFxn__C                                   
00013ca0  xdc_runtime_System_maxAtexitHandlers__C                         
00013ca4  xdc_runtime_Text_charTab__C                                     
00013ca8  xdc_runtime_Text_nameEmpty__C                                   
00013cac  xdc_runtime_Text_nameStatic__C                                  
00013cb0  xdc_runtime_Text_nameUnknown__C                                 
00013cb7  xdc_runtime_Text_charTab__A                                     
00013cb8  ti_sysbios_family_arm_msp432_init_Boot_enableHFXT__C            
00013cba  ti_sysbios_family_arm_msp432_init_Boot_enableLFXT__C            
00013cbc  ti_sysbios_heaps_HeapMem_Module__id__C                          
00013cbe  xdc_runtime_Memory_Module__id__C                                
00013cc0  xdc_runtime_Text_charCnt__C                                     
00013cc2  xdc_runtime_Text_isLoaded__C                                    
00013cc8  __TI_static_base__                                              
00013fa0  __TI_Handler_Table_Base                                         
00013fac  __TI_Handler_Table_Limit                                        
00013fb8  __TI_CINIT_Base                                                 
00013fc8  __TI_CINIT_Limit                                                
20000000  ti_sysbios_family_arm_m3_Hwi_ramVectors                         
20000140  __primary_heap_start__                                          
20008140  __primary_heap_end__                                            
200091a4  clients                                                         
20009478  ti_sysbios_knl_Task_Instance_State_0_stack__A                   
20009678  ti_sysbios_family_arm_m3_Hwi_dispatchTable                      
200098e8  uartMSP432Objects                                               
200099e8  spiMSP432DMAObjects                                             
20009ac8  g_SlInternalSpawnCB                                             
20009ba4  MQTTClient_Lib_CB                                               
20009c80  uartMSP432RingBuffer                                            
20009cf0  g_ucConnectionSSID                                              
20009d14  DeviceCB                                                        
20009d20  MqttClientExmple_params                                         
20009d2c  g_ucConnectionBSSID                                             
20009d34  randomCode                                                      
20009d3c  udmaMSP432Object                                                
20009d4c  ClockP_tickPeriod                                               
20009d50  GlobalLockObj                                                   
20009d54  g_PBQueue                                                       
20009d58  g_timer                                                         
20009d5c  MQTTClient_waitSecs                                             
20009d5e  g_usConnectIndex                                                
20009d60  g_usTimerInts                                                   
20009d62  RxIrqCnt                                                        
20009d64  PowerMSP432_perfLevels                                          
20009e34  ti_sysbios_knl_Swi_Module_State_0_readyQ__A                     
20009eb4  ti_sysbios_knl_Task_Module_State_0_readyQ__A                    
20009f84  ti_sysbios_family_arm_msp432_Timer_Object__table__V             
20009fd0  ti_sysbios_knl_Task_Object__table__V                            
2000a01c  ti_sysbios_knl_Task_Module__state__V                            
2000a060  gApConnectionState                                              
2000a064  gInitState                                                      
2000a068  memPtrCounterfree                                               
2000a06c  gResetApplication                                               
2000a070  g_rx_task_hndl                                                  
2000a074  gUiConnFlag                                                     
2000a078  ClientUsername                                                  
2000a07c  ClientPassword                                                  
2000a080  publish_topic_sendcode                                          
2000a084  publish_topic_success                                           
2000a088  publish_topic_failure                                           
2000a08c  publish_data_sendcode                                           
2000a090  publish_data_success                                            
2000a094  publish_data_failure                                            
2000a098  mqttThread                                                      
2000a09c  appThread                                                       
2000a0b0  debugPrintf                                                     
2000a0d9  lineBreak                                                       
2000a0dc  ti_sysbios_gates_GateMutex_Object__table__V                     
2000a114  ti_sysbios_family_arm_m3_Hwi_Module__state__V                   
2000a148  ti_sysbios_knl_Swi_Object__table__V                             
2000a178  PowerMSP432_module                                              
2000a1a4  ti_sysbios_knl_Clock_Module__state__V                           
2000a1d0  MQTTClient_net                                                  
2000a1f8  g_LibsEvents                                                    
2000a21c  g_UserEvents                                                    
2000a240  gpioPinConfigs                                                  
2000a264  ti_sysbios_BIOS_Module__state__V                                
2000a288  ti_sysbios_family_arm_msp432_Timer_Module_State_0_device__A     
2000a2a8  xdc_runtime_Error_IgnoreBlock                                   
2000a2c8  ti_sysbios_knl_Swi_Module__state__V                             
2000a2e4  Mqtt_ClientCtx                                                  
2000a2fc  ti_sysbios_family_arm_m3_Hwi_Object__table__V                   
2000a314  ti_sysbios_heaps_HeapMem_Object__table__V                       
2000a32c  _tz                                                             
2000a33c  ti_sysbios_family_arm_msp432_Timer_Module_State_0_handles__A    
2000a34c  ClientId                                                        
2000a35c  SecurityParams                                                  
2000a368  SlMQTTClient_clientCfg                                          
2000a374  gpioCallbackFunctions                                           
2000a380  g_ulStaIp                                                       
2000a384  g_ulGatewayIP                                                   
2000a388  g_ulStatus                                                      
2000a38c  gGlobalLockCntRequested                                         
2000a38d  gGlobalLockCntReleased                                          
2000a38e  g_SlDeviceStatus                                                
2000a390  g_pCB                                                           
2000a394  pPingCallBackFunc                                               
2000a398  ti_sysbios_family_arm_msp432_ClockFreqs_Module__state__V        
2000a3a4  ti_sysbios_family_arm_msp432_Timer_Module__state__V             
2000a3b0  will_param                                                      
2000a3c6  ti_sysbios_family_arm_m3_Hwi_Module_State_0_excActive__A        
2000a3c8  MQTTClient_closeContext                                         
2000a3cc  MQTTClient_clientContext                                        
2000a3d0  MQTTClient_multiSrvConn                                         
2000a3d4  _lock                                                           
2000a3d8  _unlock                                                         
2000a3e4  g_SpiFd                                                         
2000a3e8  g_Host_irq_Hndlr                                                
2000a3ec  ti_sysbios_family_arm_m3_Hwi_Module__root__V                    
2000a3f4  ti_sysbios_gates_GateHwi_Module__root__V                        
2000a3fc  ti_sysbios_gates_GateMutex_Module__root__V                      
2000a404  ti_sysbios_heaps_HeapMem_Module__root__V                        
2000a40c  ti_sysbios_knl_Clock_Module__root__V                            
2000a414  ti_sysbios_knl_Mailbox_Module__root__V                          
2000a41c  ti_sysbios_knl_Queue_Module__root__V                            
2000a424  ti_sysbios_knl_Semaphore_Module__root__V                        
2000a42c  ti_sysbios_knl_Task_Module__root__V                             
2000a434  xdc_runtime_Startup_Module__state__V                            
2000a43c  xdc_runtime_System_Module_State_0_atexitHandlers__A             
2000a444  xdc_runtime_System_Module__state__V                             
2000a454  MQTTClient_connectCfg                                           
2000a458  errno                                                           
2000a460  main_func_sp                                                    
2000a468  ti_sysbios_family_arm_m3_Hwi_Module_State_0_excContext__A       
2000a46c  ti_sysbios_family_arm_m3_Hwi_Module_State_0_excStack__A         
2000a470  ti_sysbios_gates_GateHwi_Object__table__V                       
2000a474  ti_sysbios_knl_Task_Module_State_0_idleTask__A                  
2000a478  xdc_runtime_Memory_Module__state__V                             
2000fc00  __stack                                                         
20010000  __STACK_END                                                     
4000480c  WDTCTL_SYM                                                      
e000e000  ti_sysbios_family_arm_m3_Hwi_nvic                               
ffffffff  __TI_pprof_out_hndl                                             
ffffffff  __TI_prof_data_size                                             
ffffffff  __TI_prof_data_start                                            
ffffffff  __binit__                                                       
ffffffff  __c_args__                                                      
ffffffff  binit                                                           
UNDEFED   SHT$$INIT_ARRAY$$Base                                           
UNDEFED   SHT$$INIT_ARRAY$$Limit                                          

[900 symbols]
