******************************************************************************
                  TI ARM Linker PC v16.9.3                     
******************************************************************************
>> Linked Tue Jul 18 09:47:53 2017

OUTPUT FILE NAME:   <network_terminal_MSP_EXP432P401R_tirtos_ccs.out>
ENTRY POINT SYMBOL: "_c_int00"  address: 0000f2f9


MEMORY CONFIGURATION

         name            origin    length      used     unused   attr    fill
----------------------  --------  ---------  --------  --------  ----  --------
  MAIN                  00000000   00040000  000145ee  0002ba12  R  X
  INFO                  00200000   00004000  00000000  00004000  R  X
  SRAM_CODE             01000000   00010000  0000a7b3  0000584d  RW X
  SRAM_DATA             20000000   00010000  0000a7b3  0000584d  RW  


SEGMENT ALLOCATION MAP

run origin  load origin   length   init length attrs members
----------  ----------- ---------- ----------- ----- -------
00000000    00000000    000145f8   000145f8    r-x
  00000000    00000000    0000003c   0000003c    r-- .resetVecs
  00000040    00000040    0001370a   0001370a    r-x .text
  0001374c    0001374c    00000ba8   00000ba8    r-- .const
  000142f8    000142f8    00000300   00000300    r-- .cinit
20000140    20000140    00008000   00000000    r--
  20000140    20000140    00008000   00000000    r-- .priheap
20008200    20008200    00002274   00000000    rw-
  20008200    20008200    00001b5b   00000000    rw- .bss
  20009d5c    20009d5c    00000718   00000000    rw- .data
2000fc00    2000fc00    00000400   00000000    rw-
  2000fc00    2000fc00    00000400   00000000    rw- .stack


SECTION ALLOCATION MAP

 output                                  attributes/
section   page    origin      length       input sections
--------  ----  ----------  ----------   ----------------
.text      0    00000040    0001370a     
                  00000040    0000113e     rtsv7M4_T_le_v4SPD16_eabi.lib : _printfi.obj (.text)
                  0000117e    00000002     dpl_msp432p401x.aem4f : PowerMSP432_tirtos.oem4f (.text:PowerMSP432_initPolicy)
                  00001180    0000067c     simplelink.a : driver.obj (.text:_SlDrvMsgRead)
                  000017fc    00000380                  : driver.obj (.text:_SlDrvMsgWrite)
                  00001b7c    0000033c     client_cbs.obj (.text:MqttClientCallback)
                  00001eb8    00000320     network_if.obj (.text:Network_IF_ConnectAP)
                  000021d8    000002dc     simplelink.a : driver.obj (.text:_SlDrvRxHdrRead)
                  000024b4    000002d0     drivers_msp432p401x.aem4f : PowerMSP432.oem4f (.text:Power_sleep)
                  00002784    000002cc                               : UARTMSP432.oem4f (.text:UARTMSP432_open)
                  00002a50    000002bc     simplelink.a : sl_socket.obj (.text:sl_Select)
                  00002d0c    000002a8     mqtt_client_app.obj (.text:mainThread)
                  00002fb4    000002a0     rtsv7M4_T_le_v4SPD16_eabi.lib : mktime.obj (.text)
                  00003254    00000274     simplelink.a : wlan.obj (.text:sl_WlanConnect)
                  000034c8    0000026c     drivers_msp432p401x.aem4f : SPIMSP432DMA.oem4f (.text:SPIMSP432DMA_open)
                  00003734    00000268     mqtt_client_app.obj (.text:MqttClient_start)
                  0000399c    00000264     network_if.obj (.text:Network_IF_InitDriver)
                  00003c00    0000024c     mqtt_client.a : mqtt_client.obj (.text:MqttClientCtxCreate)
                  00003e4c    00000238     mqtt_client_app.obj (.text:DisplayAppBanner)
                  00004084    00000224     mqtt_client_app.obj (.text:MqttClient)
                  000042a8    0000021e     rtsv7M4_T_le_v4SPD16_eabi.lib : ll_div_t2.obj (.text)
                  000044c6    00000002     drivers_msp432p401x.aem4f : UARTMSP432.oem4f (.text:UARTMSP432_init)
                  000044c8    000001fc     simplelink.a : driver.obj (.text:_SlDrvDataReadOp)
                  000046c4    000001f4     rtsv7M4_T_le_v4SPD16_eabi.lib : ull_div_t2.obj (.text)
                  000048b8    000001f2     simplelink.a : netapp.obj (.text:_SlNetAppEventHandler)
                  00004aaa    00000002     rtsv7M4_T_le_v4SPD16_eabi.lib : l_div0.obj (.text)
                  00004aac    000001e4     mqtt_client.a : mqtt_client.obj (.text:MQTTClient_connect)
                  00004c90    000001e1     network_if.obj (.text:SimpleLinkFatalErrorEventHandler)
                  00004e71    00000001     --HOLE-- [fill = 0]
                  00004e72    000001da     mqtt_client.a : cc32xx_sl_net.obj (.text:createSocket)
                  0000504c    000001d8     network_if.obj (.text:SimpleLinkWlanEventHandler)
                  00005224    000001d8     simplelink.a : driver.obj (.text:_SlDrvReleasePoolObj)
                  000053fc    000001bc                  : driver.obj (.text:_SlDrvDriverCBInit)
                  000055b8    000001b6     rtsv7M4_T_le_v4SPD16_eabi.lib : fd_add_t2.obj (.text)
                  0000576e    00000002     release_pem4f.oem4f (.text:ti_sysbios_BIOS_nullFunc__I)
                  00005770    000001b4     simplelink.a : sl_socket.obj (.text:sl_Accept)
                  00005924    000001a4                  : driver.obj (.text:_SlDrvMsgReadCmdCtx)
                  00005ac8    00000198                  : driver.obj (.text:_SlDrvWaitForPoolObj)
                  00005c60    0000018c                  : sl_socket.obj (.text:sl_Connect)
                  00005dec    00000004     dpl_msp432p401x.aem4f : ClockP_tirtos.oem4f (.text:ClockP_setTimeout)
                  00005df0    00000188     sysbios.aem4f : BIOS.obj (.text:mq_open)
                  00005f78    00000180     mqtt_client.a : mqtt_common.obj (.text:MQTT_PacketRecv)
                  000060f8    00000180     network_if.obj (.text:SimpleLinkNetAppEventHandler)
                  00006278    0000017c     simplelink.a : driver.obj (.text:_SlDrvDataWriteOp)
                  000063f4    0000017c                  : spawn.obj (.text:_SlInternalSpawnTaskEntry)
                  00006570    00000174                  : driver.obj (.text:_SlDrvFindAndSetActiveObj)
                  000066e4    00000168                  : device.obj (.text:sl_Stop)
                  0000684c    00000164     drivers_msp432p401x.aem4f : PowerMSP432.oem4f (.text:initPerfControl)
                  000069b0    0000015c                               : GPIOMSP432.oem4f (.text:GPIO_setConfig)
                  00006b0c    00000154     simplelink.a : sl_socket.obj (.text:sl_RecvFrom)
                  00006c60    00000154     mqtt_client.a : client_core.obj (.text:utf8ArraySend)
                  00006db4    00000150                   : mqtt_client.obj (.text:MqttClientConfig)
                  00006f04    0000014c     mqtt_client_app.obj (.text:Mqtt_IF_Connect)
                  00007050    00000140     mqtt_client_app.obj (.text:Mqtt_start)
                  00007190    0000013c     mqtt_client.a : mqtt_client.obj (.text:processNotifyAckCB)
                  000072cc    00000138     simplelink.a : driver.obj (.text:_SlDrvAsyncEventGenericHandler)
                  00007404    00000136     rtsv7M4_T_le_v4SPD16_eabi.lib : fd_div_t2.obj (.text)
                  0000753a    00000006     dpl_msp432p401x.aem4f : ClockP_tirtos.oem4f (.text:ClockP_Params_init)
                  00007540    00000134     sysbios.aem4f : BIOS.obj (.text:setPowerState_AM_LDO_VCORE1$14)
                  00007674    00000134     simplelink.a : netapp.obj (.text:sl_NetAppDnsGetHostByName)
                  000077a8    00000130     sysbios.aem4f : BIOS.obj (.text:ti_sysbios_knl_Semaphore_pend__E)
                  000078d8    0000012c     mqtt_client.a : client_core.obj (.text:MQTTClientCore_initLib)
                  00007a04    00000124                   : client_core.obj (.text:clCtxPartSend)
                  00007b28    00000124                   : client_core.obj (.text:connectMsgSend)
                  00007c4c    00000124     simplelink.a : device.obj (.text:sl_Start)
                  00007d70    0000011c                  : driver.obj (.text:_SlDrvDriverCBDeinit)
                  00007e8c    00000114                  : netapp.obj (.text:_SlNetAppHandleAsync_DnsGetHostByService)
                  00007fa0    00000110     mqtt_client.a : cc32xx_sl_net.obj (.text:commOpen)
                  000080b0    00000110     sysbios.aem4f : BIOS.obj (.text:ti_sysbios_family_arm_msp432_init_Boot_configureClocksHigh)
                  000081c0    00000110                   : BIOS.obj (.text:timer_create)
                  000082d0    0000010c     mqtt_client.a : mqtt_client.obj (.text:MQTTClient_create)
                  000083dc    0000010c     simplelink.a : sl_socket.obj (.text:sl_Close)
                  000084e8    00000108     sysbios.aem4f : BIOS.obj (.text:xdc_runtime_Startup_startMods__I)
                  000085f0    00000104     simplelink.a : driver.obj (.text:_SlDrvCmdOp)
                  000086f4    00000104                  : driver.obj (.text:_SlDrvObjGlobalLockWaitForever)
                  000087f8    00000102     mqtt_client.a : client_core.obj (.text:procPubMsgRx)
                  000088fa    00000002     --HOLE-- [fill = 0]
                  000088fc    00000100     simplelink.a : device.obj (.text:_SlDeviceEventHandler)
                  000089fc    00000100                  : driver.obj (.text:_SlDrvClassifyRxMsg)
                  00008afc    000000fd     network_if.obj (.text:SimpleLinkSockEventHandler)
                  00008bf9    00000003     --HOLE-- [fill = 0]
                  00008bfc    000000fc     mqtt_client.a : mqtt_client.obj (.text:MqttClientSub)
                  00008cf8    000000fc     simplelink.a : driver.obj (.text:_SlDrvMsgReadSpawnCtx)
                  00008df4    000000fc     rtsv7M4_T_le_v4SPD16_eabi.lib : fd_mul_t2.obj (.text)
                  00008ef0    000000fc                                   : s_scalbn.obj (.text)
                  00008fec    000000f4     simplelink.a : sl_socket.obj (.text:sl_SendTo)
                  000090e0    000000f0     sysbios.aem4f : m3_Hwi_asm.obj (.text:ti_sysbios_family_arm_m3_Hwi_dispatch__I)
                  000091d0    000000ec     mqtt_client.a : client_core.obj (.text:_msgDispatch)
                  000092bc    000000ec                   : client_core.obj (.text:clCtxConnStateTryLocked)
                  000093a8    000000ec     sysbios.aem4f : BIOS.obj (.text:pthread_create)
                  00009494    000000e8     drivers_msp432p401x.aem4f : SPIMSP432DMA.oem4f (.text:configDMA)
                  0000957c    000000e6     mqtt_client.a : cc32xx_sl_net.obj (.text:tcpSelect)
                  00009662    00000002     --HOLE-- [fill = 0]
                  00009664    000000dc                   : mqtt_client.obj (.text:MqttClient_send)
                  00009740    000000dc                   : client_core.obj (.text:processRecv)
                  0000981c    000000d8     uart_term.obj (.text:GetCmd)
                  000098f4    000000d8     drivers_msp432p401x.aem4f : UARTMSP432.oem4f (.text:UARTMSP432_readPolling)
                  000099cc    000000d8     simplelink.a : netapp.obj (.text:_SlNetAppHandleAsync_NetAppReceive)
                  00009aa4    00000004     dpl_msp432p401x.aem4f : ClockP_tirtos.oem4f (.text:ClockP_start)
                  00009aa8    000000d4     sysbios.aem4f : BIOS.obj (.text:ti_sysbios_knl_Mailbox_Instance_init__E)
                  00009b7c    000000d0     mqtt_client_app.obj (.text:Mqtt_Stop)
                  00009c4c    00000004     dpl_msp432p401x.aem4f : ClockP_tirtos.oem4f (.text:ClockP_stop)
                  00009c50    000000d0     sysbios.aem4f : BIOS.obj (.text:ti_sysbios_heaps_HeapMem_alloc__E)
                  00009d20    000000d0     mqtt_client.a : client_core.obj (.text:wrConnectPayload)
                  00009df0    000000c8                   : client_core.obj (.text:MQTTClientCore_createCtx)
                  00009eb8    000000c8     sysbios.aem4f : BIOS.obj (.text:timer_settime)
                  00009f80    000000c4     simplelink.a : driver.obj (.text:_SlDrvRemoveFromList)
                  0000a044    00000004     dpl_msp432p401x.aem4f : HwiP_tirtos.oem4f (.text:HwiP_disable)
                  0000a048    000000c4     sysbios.aem4f : BIOS.obj (.text:ti_sysbios_knl_Task_sleep__E)
                  0000a10c    000000c0     simplelink.a : spawn.obj (.text:_SlInternalSpawn)
                  0000a1cc    000000c0                  : netcfg.obj (.text:sl_NetCfgGet)
                  0000a28c    00000004     drivers_msp432p401x.aem4f : List.oem4f (.text:List_head)
                  0000a290    000000c0     sysbios.aem4f : BIOS.obj (.text:ti_sysbios_knl_Task_Instance_init__E)
                  0000a350    000000bc     simplelink.a : netapp.obj (.text:_SlNetAppSendResponse)
                  0000a40c    000000bc                  : sl_socket.obj (.text:sl_Send)
                  0000a4c8    000000bc     sysbios.aem4f : BIOS.obj (.text:ti_sysbios_knl_Task_Instance_finalize__E)
                  0000a584    000000b8     simplelink.a : device.obj (.text:sl_DeviceGet)
                  0000a63c    000000b6     drivers_msp432p401x.aem4f : UARTMSP432.oem4f (.text:UARTMSP432_hwiIntFxn)
                  0000a6f2    00000002     --HOLE-- [fill = 0]
                  0000a6f4    000000b4     mqtt_client_app.obj (.text:SetClientIdNamefromMacAddress)
                  0000a7a8    000000b4     drivers_msp432p401x.aem4f : UARTMSP432.oem4f (.text:UARTMSP432_control)
                  0000a85c    000000b4                               : UARTMSP432.oem4f (.text:UARTMSP432_writePolling)
                  0000a910    000000b4     mqtt_client.a : client_core.obj (.text:procAckMsgRx)
                  0000a9c4    000000b4                   : mqtt_client.obj (.text:processPublishRxCB)
                  0000aa78    000000b2                   : mqtt_common.obj (.text:MQTT_packetPubAppendTopic)
                  0000ab2a    00000002     --HOLE-- [fill = 0]
                  0000ab2c    000000b0                   : mqtt_client.obj (.text:MQTTClient_delete)
                  0000abdc    000000b0                   : mqtt_client.obj (.text:MqttClientUnsub)
                  0000ac8c    000000b0     simplelink.a : device.obj (.text:_SlDeviceHandleAsync_InitComplete)
                  0000ad3c    000000b0                  : driver.obj (.text:_SlDrvHandleFatalError)
                  0000adec    000000b0     mqtt_client.a : client_core.obj (.text:procConnackRx)
                  0000ae9c    000000b0                   : client_core.obj (.text:procCtxDataRecv)
                  0000af4c    000000ae                   : cc32xx_sl_net.obj (.text:svrAddrNBOrderIPV4)
                  0000affa    00000002     --HOLE-- [fill = 0]
                  0000affc    000000ac     drivers_msp432p401x.aem4f : GPIOMSP432.oem4f (.text:GPIO_init)
                  0000b0a8    000000ac     simplelink.a : sl_socket.obj (.text:_SlSocketHandleAsync_Select)
                  0000b154    000000ac     drivers_msp432p401x.aem4f : UARTMSP432.oem4f (.text:initHw)
                  0000b200    000000aa     uart_term.obj (.text:Report)
                  0000b2aa    00000002     --HOLE-- [fill = 0]
                  0000b2ac    000000a8     network_if.obj (.text:Network_IF_IpConfigGet)
                  0000b354    000000a8     drivers_msp432p401x.aem4f : UARTMSP432.oem4f (.text:readTaskBlocking)
                  0000b3fc    00000004                               : List.oem4f (.text:List_next)
                  0000b400    000000a8     sysbios.aem4f : BIOS.obj (.text:ti_sysbios_family_arm_msp432_Timer_periodicStub__E)
                  0000b4a8    000000a8                   : BIOS.obj (.text:xdc_runtime_Core_createObject__I)
                  0000b550    000000a4     simplelink.a : sl_socket.obj (.text:sl_Bind)
                  0000b5f4    00000004     dpl_msp432p401x.aem4f : MutexP_tirtos.oem4f (.text:MutexP_lock)
                  0000b5f8    000000a4     sysbios.aem4f : BIOS.obj (.text:ti_sysbios_knl_Task_setPri__E)
                  0000b69c    000000a2     mqtt_client.a : mqtt_common.obj (.text:MQTT_packetProcPubRx)
                  0000b73e    000000a2                   : client_core.obj (.text:clientReset)
                  0000b7e0    000000a0     mqtt_client_app.obj (.text:Mqtt_ClientStop)
                  0000b880    000000a0     auto_init.aem4f : auto_init.oem4f (.text)
                  0000b920    000000a0     mqtt_client.a : client_core.obj (.text:mqpSetupProcCtxDataRecv)
                  0000b9c0    000000a0     drivers_msp432p401x.aem4f : UARTMSP432.oem4f (.text:readIsrTextCallback)
                  0000ba60    000000a0     mqtt_client.a : client_core.obj (.text:singleCtxKaSequence)
                  0000bb00    0000009e     drivers_msp432p401x.aem4f : UARTMSP432.oem4f (.text:UARTMSP432_close)
                  0000bb9e    00000002     --HOLE-- [fill = 0]
                  0000bba0    0000009c     mqtt_client.a : client_core.obj (.text:doNetClose)
                  0000bc3c    0000009c                   : cc32xx_sl_net.obj (.text:recvFrom)
                  0000bcd8    0000009c     rtsv7M4_T_le_v4SPD16_eabi.lib : memcpy_t2.obj (.text)
                  0000bd74    00000098     uart_term.obj (.text:TrimSpace)
                  0000be0c    00000098     simplelink.a : netutil.obj (.text:_SlNetUtilHandleAsync_Cmd)
                  0000bea4    00000098     mqtt_client.a : client_core.obj (.text:netRecv)
                  0000bf3c    00000098     simplelink.a : cc_pal.obj (.text:spi_Read)
                  0000bfd4    00000098                  : cc_pal.obj (.text:spi_Write)
                  0000c06c    00000004     dpl_msp432p401x.aem4f : MutexP_tirtos.oem4f (.text:MutexP_unlock)
                  0000c070    00000098     sysbios.aem4f : BIOS.obj (.text:ti_sysbios_family_arm_m3_Hwi_Instance_init__E)
                  0000c108    00000096     drivers_msp432p401x.aem4f : UARTMSP432.oem4f (.text:writeData)
                  0000c19e    00000002     --HOLE-- [fill = 0]
                  0000c1a0    00000094     sysbios.aem4f : BIOS.obj (.text:_pthread_removeThreadKeys)
                  0000c234    00000004     drivers_msp432p401x.aem4f : SPIMSP432DMA.oem4f (.text:SPIMSP432DMA_init)
                  0000c238    00000094     sysbios.aem4f : BIOS.obj (.text:clock_gettime)
                  0000c2cc    00000094     mqtt_client.a : client_core.obj (.text:groupCtxsRxPrep)
                  0000c360    00000094     sysbios.aem4f : BIOS.obj (.text:ti_sysbios_family_arm_m3_Hwi_initNVIC__E)
                  0000c3f4    00000090     drivers_msp432p401x.aem4f : UARTMSP432.oem4f (.text:UARTMSP432_write)
                  0000c484    00000090     simplelink.a : netapp.obj (.text:_SlNetAppHandleAsync_DnsGetHostByName)
                  0000c514    00000090                  : netapp.obj (.text:_SlNetAppHandleAsync_PingResponse)
                  0000c5a4    0000008e     mqtt_client.a : client_core.obj (.text:MQTTClientCore_sendPubMsg)
                  0000c632    00000002     --HOLE-- [fill = 0]
                  0000c634    0000008d     mqtt_client_app.obj (.text:DisplayBanner)
                  0000c6c1    00000003     --HOLE-- [fill = 0]
                  0000c6c4    0000008c     mqtt_client.a : client_core.obj (.text:MQTTClientCore_exitLib)
                  0000c750    0000008c     simplelink.a : driver.obj (.text:_SlDrvDriverIsApiAllowed)
                  0000c7dc    0000008c     mqtt_client.a : client_core.obj (.text:ack1WlMqpDispatch)
                  0000c868    0000008c                   : client_core.obj (.text:clRecv)
                  0000c8f4    0000008c     simplelink.a : sl_socket.obj (.text:sl_Recv)
                  0000c980    0000008c     sysbios.aem4f : m3_TaskSupport_asm.obj (.text:ti_sysbios_family_arm_m3_TaskSupport_buildTaskStack)
                  0000ca0c    00000004     dpl_msp432p401x.aem4f : SemaphoreP_tirtos.oem4f (.text:SemaphoreP_post)
                  0000ca10    0000008c     sysbios.aem4f : BIOS.obj (.text:ti_sysbios_knl_Task_postInit__I)
                  0000ca9c    0000008a     mqtt_client.a : mqtt_common.obj (.text:MQTT_packetPubAppendData)
                  0000cb26    0000008a     drivers_msp432p401x.aem4f : UARTMSP432.oem4f (.text:readIsrTextBlocking)
                  0000cbb0    0000008a     mqtt_client.a : cc32xx_sl_net.obj (.text:tcpListen)
                  0000cc3a    00000002     --HOLE-- [fill = 0]
                  0000cc3c    00000088                   : client_core.obj (.text:MQTTClientCore_registerBuffers)
                  0000ccc4    00000088                   : mqtt_client.obj (.text:MQTTClient_run)
                  0000cd4c    00000088     rtsv7M4_T_le_v4SPD16_eabi.lib : vsnprintf.obj (.text)
                  0000cdd4    00000004     release_pem4f.oem4f (.text:ti_sysbios_BIOS_RtsGateProxy_enter__E)
                  0000cdd8    00000088     sysbios.aem4f : BIOS.obj (.text:ti_sysbios_knl_Mailbox_post__E)
                  0000ce60    00000088                   : BIOS.obj (.text:xdc_runtime_Memory_alloc__E)
                  0000cee8    00000086     simplelink.a : driver.obj (.text:_SlDrvIsTimeoutExpired)
                  0000cf6e    00000086     rtsv7M4_T_le_v4SPD16_eabi.lib : fd_cmp_t2.obj (.text:__aeabi_cdcmple)
                  0000cff4    00000086                                   : fd_cmp_t2.obj (.text:__aeabi_cdrcmple)
                  0000d07a    00000084     mqtt_client.a : client_core.obj (.text:MQTTClientCore_registerWillInfo)
                  0000d0fe    00000002     --HOLE-- [fill = 0]
                  0000d100    00000084                   : mqtt_client.obj (.text:MQTTClient_set)
                  0000d184    00000084     mqtt_client_app.obj (.text:MqttClientThread)
                  0000d208    00000084     simplelink.a : sl_socket.obj (.text:_SlSocketHandleAsync_Close)
                  0000d28c    00000084                  : sl_socket.obj (.text:_SlSocketHandleAsync_Connect)
                  0000d310    00000084                  : sl_socket.obj (.text:sl_SetSockOpt)
                  0000d394    00000004     release_pem4f.oem4f (.text:ti_sysbios_BIOS_RtsGateProxy_leave__E)
                  0000d398    00000084     sysbios.aem4f : BIOS.obj (.text:ti_sysbios_family_arm_m3_Hwi_postInit__I)
                  0000d41c    00000004     release_pem4f.oem4f (.text:ti_sysbios_family_arm_m3_Hwi_delete)
                  0000d420    00000084     sysbios.aem4f : BIOS.obj (.text:ti_sysbios_heaps_HeapMem_free__E)
                  0000d4a4    00000004     release_pem4f.oem4f (.text:ti_sysbios_family_arm_m3_TaskSupport_Module__startupDone__S)
                  0000d4a8    00000084     sysbios.aem4f : BIOS.obj (.text:xdc_runtime_Core_constructObject__I)
                  0000d52c    00000082     mqtt_client.a : client_core.obj (.text:connectedStateRx)
                  0000d5ae    00000080                   : client_core.obj (.text:ack2MsgIdDispatch)
                  0000d62e    00000002     --HOLE-- [fill = 0]
                  0000d630    00000080     sysbios.aem4f : BIOS.obj (.text:pthread_cancel)
                  0000d6b0    00000080     mqtt_client.a : cc32xx_sl_net.obj (.text:sendTo)
                  0000d730    0000007c     msp432p4xx_driverlib.lib : spi.obj (.text:SPI_initMaster)
                  0000d7ac    0000007c     mqtt_client.a : client_core.obj (.text:_procAckMsgRx)
                  0000d828    0000007c     sysbios.aem4f : BIOS.obj (.text:_pthread_abstime2ticks)
                  0000d8a4    00000004     release_pem4f.oem4f (.text:ti_sysbios_gates_GateMutex_delete)
                  0000d8a8    0000007c     sysbios.aem4f : BIOS.obj (.text:_pthread_runStub)
                  0000d924    0000007a     mqtt_client.a : client_core.obj (.text:clCtxSetup)
                  0000d99e    0000007a     drivers_msp432p401x.aem4f : UARTMSP432.oem4f (.text:readTaskCallback)
                  0000da18    0000007a     rtsv7M4_T_le_v4SPD16_eabi.lib : memset_t2.obj (.text)
                  0000da92    00000002     --HOLE-- [fill = 0]
                  0000da94    00000078     mqtt_client_app.obj (.text:pushButtonInterruptHandler3)
                  0000db0c    00000078     simplelink.a : sl_socket.obj (.text:sl_Socket)
                  0000db84    00000076     mqtt_client.a : mqtt_common.obj (.text:MQTT_packetPrepFh)
                  0000dbfa    00000076                   : client_core.obj (.text:bufUTF8WrTry)
                  0000dc70    00000074                   : cc32xx_sl_net.obj (.text:tcpAccept)
                  0000dce4    00000004     release_pem4f.oem4f (.text:ti_sysbios_heaps_HeapMem_Module_GateProxy_enter__E)
                  0000dce8    00000074     sysbios.aem4f : BIOS.obj (.text:ti_sysbios_knl_Mailbox_pend__E)
                  0000dd5c    00000070     mqtt_client.a : mqtt_common.obj (.text:MQTT_clCtxTimeoutInsert)
                  0000ddcc    00000070                   : mqtt_common.obj (.text:MQTT_packetAckWlistRemove)
                  0000de3c    00000070                   : mqtt_common.obj (.text:MQTT_qos2PubCqCheck)
                  0000deac    00000004     release_pem4f.oem4f (.text:ti_sysbios_heaps_HeapMem_Module_GateProxy_leave__E)
                  0000deb0    00000070     sysbios.aem4f : BIOS.obj (.text:acquireMutexNone$22)
                  0000df20    00000070                   : BIOS.obj (.text:ti_sysbios_heaps_HeapMem_initPrimary__I)
                  0000df90    00000070                   : BIOS.obj (.text:ti_sysbios_knl_Mailbox_Instance_finalize__E)
                  0000e000    00000070                   : BIOS.obj (.text:ti_sysbios_knl_Semaphore_post__E)
                  0000e070    00000070                   : BIOS.obj (.text:ti_sysbios_knl_Task_exit__E)
                  0000e0e0    00000070     mqtt_client.a : client_core.obj (.text:wrConnectVh)
                  0000e150    0000006e                   : client_core.obj (.text:MQTTClientCore_registerCtxInfo)
                  0000e1be    00000002     --HOLE-- [fill = 0]
                  0000e1c0    0000006c     simplelink.a : device.obj (.text:_SlDeviceHandleResetRequestInternally)
                  0000e22c    0000006c                  : driver.obj (.text:_SlDrvCmdSend_noLock)
                  0000e298    0000006c                  : netapp.obj (.text:_SlNetAppSendTokenValue)
                  0000e304    00000004     release_pem4f.oem4f (.text:ti_sysbios_knl_Clock_TimerProxy_getMaxTicks__E)
                  0000e308    0000006c     sysbios.aem4f : BIOS.obj (.text:ti_sysbios_family_arm_msp432_Seconds_get__E)
                  0000e374    00000004     release_pem4f.oem4f (.text:ti_sysbios_knl_Clock_delete)
                  0000e378    0000006c     sysbios.aem4f : BIOS.obj (.text:ti_sysbios_knl_Clock_workFunc__E)
                  0000e3e4    00000004     release_pem4f.oem4f (.text:ti_sysbios_knl_Semaphore_delete)
                  0000e3e8    0000006c     sysbios.aem4f : BIOS.obj (.text:ti_sysbios_knl_Swi_restoreHwi__E)
                  0000e454    00000068     mqtt_client.a : client_core.obj (.text:MQTTClientCore_deleteCtx)
                  0000e4bc    00000068                   : client_core.obj (.text:MQTTClientCore_sendDisconn)
                  0000e524    00000068     drivers_msp432p401x.aem4f : UARTMSP432.oem4f (.text:UARTMSP432_writeCancel)
                  0000e58c    00000068     simplelink.a : device.obj (.text:_SlDeviceHandleAsync_Stop)
                  0000e5f4    00000068                  : sl_socket.obj (.text:_SlSocketHandleAsync_Accept)
                  0000e65c    00000068     rtsv7M4_T_le_v4SPD16_eabi.lib : copy_decompress_lzss.obj (.text:decompress:lzss)
                  0000e6c4    00000068     mqtt_client.a : client_core.obj (.text:doNetCloseRx)
                  0000e72c    00000068     main_tirtos.obj (.text:main)
                  0000e794    00000068     mqtt_client.a : client_core.obj (.text:procPingrspRx)
                  0000e7fc    00000066                   : client_core.obj (.text:vhMsgSend)
                  0000e862    00000006     dpl_msp432p401x.aem4f : MutexP_tirtos.oem4f (.text:MutexP_Params_init)
                  0000e868    00000066     sysbios.aem4f : BIOS.obj (.text:xdc_runtime_Core_deleteObject__I)
                  0000e8ce    00000002     --HOLE-- [fill = 0]
                  0000e8d0    00000064     drivers_msp432p401x.aem4f : GPIOMSP432.oem4f (.text:GPIO_hwiIntFxn)
                  0000e934    00000064                               : SPIMSP432DMA.oem4f (.text:SPIMSP432DMA_close)
                  0000e998    00000064                               : SPIMSP432DMA.oem4f (.text:SPIMSP432DMA_transfer)
                  0000e9fc    00000064     mqtt_client.a : mqtt_client.obj (.text:getAvailableClictxMem)
                  0000ea60    00000064     drivers_msp432p401x.aem4f : SPIMSP432DMA.oem4f (.text:initHw)
                  0000eac4    00000004     release_pem4f.oem4f (.text:ti_sysbios_knl_Task_delete)
                  0000eac8    00000064     sysbios.aem4f : BIOS.obj (.text:pthread_mutex_init)
                  0000eb2c    00000064     rtsv7M4_T_le_v4SPD16_eabi.lib : s_frexp.obj (.text)
                  0000eb90    00000064     sysbios.aem4f : BIOS.obj (.text:ti_sysbios_family_arm_m3_Hwi_dispatchC__I)
                  0000ebf4    00000062     mqtt_client.a : client_core.obj (.text:MQTTClientCore_alloc)
                  0000ec56    00000062                   : mqtt_common.obj (.text:MQTT_packetBufTailWrRemlen)
                  0000ecb8    00000060                   : mqtt_common.obj (.text:MQTT_packetBufRdRemlen)
                  0000ed18    00000060                   : client_core.obj (.text:clientDescInit)
                  0000ed78    00000060                   : client_core.obj (.text:netConnect)
                  0000edd8    00000060     sysbios.aem4f : BIOS.obj (.text:pthread_exit)
                  0000ee38    00000060     mqtt_client.a : cc32xx_sl_net.obj (.text:tcpRecv)
                  0000ee98    0000005e                   : client_core.obj (.text:clCtxRecv)
                  0000eef6    00000002     --HOLE-- [fill = 0]
                  0000eef8    0000005c     drivers_msp432p401x.aem4f : GPIOMSP432.oem4f (.text:GPIO_write)
                  0000ef54    0000005c     mqtt_client.a : client_core.obj (.text:MQTTClientCore_run)
                  0000efb0    0000005c     drivers_msp432p401x.aem4f : PowerMSP432.oem4f (.text:PowerMSP432_getFreqs)
                  0000f00c    0000005c     mqtt_client.a : client_core.obj (.text:grpNetSetupCreate)
                  0000f068    0000005c     sysbios.aem4f : BIOS.obj (.text:ti_sysbios_knl_Swi_run__I)
                  0000f0c4    00000004     release_pem4f.oem4f (.text:xdc_runtime_System_Module_GateProxy_enter__E)
                  0000f0c8    0000005c     sysbios.aem4f : BIOS.obj (.text:ti_sysbios_knl_Swi_schedule__I)
                  0000f124    00000004     release_pem4f.oem4f (.text:xdc_runtime_System_Module_GateProxy_leave__E)
                  0000f128    0000005c     sysbios.aem4f : BIOS.obj (.text:ti_sysbios_knl_Task_Module_startup__E)
                  0000f184    00000004     --HOLE-- [fill = 0]
                  0000f188    0000005c                   : BIOS.obj (.text:ti_sysbios_knl_Task_startCore__E)
                  0000f1e4    00000004     --HOLE-- [fill = 0]
                  0000f1e8    0000005c                   : BIOS.obj (.text:xdc_runtime_Startup_exec__E)
                  0000f244    0000005a     mqtt_client.a : client_core.obj (.text:singleCtxRxPrep)
                  0000f29e    00000002     --HOLE-- [fill = 0]
                  0000f2a0    00000058     drivers_msp432p401x.aem4f : UDMAMSP432.oem4f (.text:UDMAMSP432_open)
                  0000f2f8    00000058     boot.aem4f : boot.oem4f (.text)
                  0000f350    00000058     mqtt_client.a : client_core.obj (.text:doNetCloseTx)
                  0000f3a8    00000058     drivers_msp432p401x.aem4f : UARTMSP432.oem4f (.text:readIsrBinaryBlocking)
                  0000f400    00000058     simplelink.a : sl_socket.obj (.text:sl_Listen)
                  0000f458    00000058     sysbios.aem4f : m3_Hwi_asm_switch.obj (.text:ti_sysbios_family_arm_m3_Hwi_initStacks__E)
                  0000f4b0    00000056     mqtt_client.a : mqtt_common.obj (.text:MQTT_clCtxRemove)
                  0000f506    00000002     --HOLE-- [fill = 0]
                  0000f508    00000054     drivers_msp432p401x.aem4f : GPIOMSP432.oem4f (.text:GPIO_setCallback)
                  0000f55c    00000054     uart_term.obj (.text:InitTerm)
                  0000f5b0    00000054     mqtt_client.a : client_core.obj (.text:MQTTClientCore_registerNetSvc)
                  0000f604    00000054     simplelink.a : cc_pal.obj (.text:NwpRegisterInterruptHandler)
                  0000f658    00000054     drivers_msp432p401x.aem4f : PowerMSP432.oem4f (.text:Power_init)
                  0000f6ac    00000054                               : PowerMSP432.oem4f (.text:restartHFXT)
                  0000f700    00000054     rtsv7M4_T_le_v4SPD16_eabi.lib : ltoa.obj (.text)
                  0000f754    00000054     release_pem4f.oem4f (.text:ti_sysbios_family_arm_m3_Hwi_create)
                  0000f7a8    00000054     sysbios.aem4f : BIOS.obj (.text:ti_sysbios_family_arm_msp432_Timer_initDevice__I)
                  0000f7fc    00000054     release_pem4f.oem4f (.text:ti_sysbios_knl_Mailbox_create)
                  0000f850    00000054     sysbios.aem4f : BIOS.obj (.text:timer_gettime)
                  0000f8a4    00000004     --HOLE-- [fill = 0]
                  0000f8a8    00000054                   : BIOS.obj (.text:xdc_runtime_Core_assignLabel__I)
                  0000f8fc    00000053     mqtt_client.a : client_core.obj (.text:ack1WlRmfree)
                  0000f94f    00000001     --HOLE-- [fill = 0]
                  0000f950    00000052                   : client_core.obj (.text:_procPubRecRx)
                  0000f9a2    00000052                   : client_core.obj (.text:clCtxSeg1Send)
                  0000f9f4    00000050                   : mqtt_client.obj (.text:MQTTClient_disconnect)
                  0000fa44    00000050     dpl_msp432p401x.aem4f : PowerMSP432_tirtos.oem4f (.text:PowerMSP432_sleepPolicy)
                  0000fa94    00000050     simplelink.a : eventreg.obj (.text:_SlNetAppHttpServerHdlr)
                  0000fae4    00000050                  : eventreg.obj (.text:_SlNetAppRequestHdlr)
                  0000fb34    00000050     mqtt_client.a : client_core.obj (.text:loopbTrigger)
                  0000fb84    00000050                   : client_core.obj (.text:mqpAllocAtomic)
                  0000fbd4    00000004     --HOLE-- [fill = 0]
                  0000fbd8    00000050     sysbios.aem4f : BIOS.obj (.text:ti_sysbios_family_arm_m3_Hwi_Module_startup__E)
                  0000fc28    00000050     release_pem4f.oem4f (.text:ti_sysbios_knl_Task_create)
                  0000fc78    0000004f     mqtt_client.a : client_core.obj (.text:sessionResume)
                  0000fcc7    00000001     --HOLE-- [fill = 0]
                  0000fcc8    0000004e                   : client_core.obj (.text:ack2MsgIdUnlog)
                  0000fd16    00000002     --HOLE-- [fill = 0]
                  0000fd18    0000004d                   : client_core.obj (.text:sessionDelete)
                  0000fd65    00000003     --HOLE-- [fill = 0]
                  0000fd68    0000004c                   : mqtt_client.obj (.text:MqttClientCtxDelete)
                  0000fdb4    0000004c     simplelink.a : driver.obj (.text:_SlDrvProtectAsyncRespSetting)
                  0000fe00    0000004c                  : driver.obj (.text:_SlDrvRxIrqHandler)
                  0000fe4c    0000004c     mqtt_client.a : mqtt_client.obj (.text:_sl_ExtLib_ServerAckLockedWait)
                  0000fe98    0000004c     drivers_msp432p401x.aem4f : UARTMSP432.oem4f (.text:readIsrBinaryCallback)
                  0000fee4    0000004c     rtsv7M4_T_le_v4SPD16_eabi.lib : atoi.obj (.text)
                  0000ff30    0000004c                                   : cpy_tbl.obj (.text)
                  0000ff7c    0000004c     mqtt_client.a : client_core.obj (.text:singleCtxAdjWaitSecsGet)
                  0000ffc8    0000004c     simplelink.a : wlan.obj (.text:sl_WlanSetMode)
                  00010014    00000004     --HOLE-- [fill = 0]
                  00010018    0000004c     sysbios.aem4f : BIOS.obj (.text:ti_sysbios_family_arm_msp432_Timer_postInit__I)
                  00010064    00000004     --HOLE-- [fill = 0]
                  00010068    0000004c                   : BIOS.obj (.text:ti_sysbios_family_arm_msp432_Timer_start__E)
                  000100b4    00000004     --HOLE-- [fill = 0]
                  000100b8    0000004c                   : BIOS.obj (.text:ti_sysbios_heaps_HeapMem_getStats__E)
                  00010104    00000004     --HOLE-- [fill = 0]
                  00010108    0000004c                   : BIOS.obj (.text:ti_sysbios_knl_Swi_runLoop__I)
                  00010154    00000004     --HOLE-- [fill = 0]
                  00010158    0000004c                   : BIOS.obj (.text:ti_sysbios_knl_Task_allBlockedFunction__I)
                  000101a4    00000004     --HOLE-- [fill = 0]
                  000101a8    0000004c                   : BIOS.obj (.text:ti_sysbios_knl_Task_schedule__I)
                  000101f4    0000004a     mqtt_client.a : client_core.obj (.text:recvHvecLoad)
                  0001023e    00000002     --HOLE-- [fill = 0]
                  00010240    00000048     dpl_msp432p401x.aem4f : ClockP_tirtos.oem4f (.text:ClockP_create)
                  00010288    00000048     mqtt_client_app.obj (.text:LedTimerConfigNStart)
                  000102d0    00000048     mqtt_client_app.obj (.text:MQTT_SendMsgToQueue)
                  00010318    00000048     drivers_msp432p401x.aem4f : PowerMSP432.oem4f (.text:Power_releaseConstraint)
                  00010360    00000048                               : SPIMSP432DMA.oem4f (.text:SPIMSP432DMA_hwiFxn)
                  000103a8    00000048     simplelink.a : eventreg.obj (.text:_SlDeviceFatalErrorEvtHdlr)
                  000103f0    00000048                  : eventreg.obj (.text:_SlDeviceGeneralEvtHdlr)
                  00010438    00000048                  : driver.obj (.text:_SlDrvBasicCmd)
                  00010480    00000048                  : driver.obj (.text:_SlDrvSyncObjWaitTimeout)
                  000104c8    00000048                  : eventreg.obj (.text:_SlNetAppEvtHdlr)
                  00010510    00000048                  : eventreg.obj (.text:_SlNetAppRequestMemFree)
                  00010558    00000048                  : eventreg.obj (.text:_SlSockEvtHdlr)
                  000105a0    00000048                  : eventreg.obj (.text:_SlWlanEvtHdlr)
                  000105e8    00000048     mqtt_client.a : client_core.obj (.text:procLoopbackRecv)
                  00010630    00000048                   : mqtt_client.obj (.text:processDisconnCB)
                  00010678    00000048     rtsv7M4_T_le_v4SPD16_eabi.lib : fd_toi_t2.obj (.text)
                  000106c0    00000048     sysbios.aem4f : BIOS.obj (.text:ti_sysbios_family_arm_m3_Hwi_disableInterrupt__E)
                  00010708    00000048                   : BIOS.obj (.text:ti_sysbios_family_arm_m3_Hwi_enableInterrupt__E)
                  00010750    00000048                   : BIOS.obj (.text:ti_sysbios_knl_Mailbox_Module_startup__E)
                  00010798    00000046     drivers_msp432p401x.aem4f : RingBuf.oem4f (.text:RingBuf_put)
                  000107de    00000046     mqtt_client.a : mqtt_common.obj (.text:mqpProcVhMsgIdRx)
                  00010824    00000004     --HOLE-- [fill = 0]
                  00010828    00000046     sysbios.aem4f : BIOS.obj (.text:xdc_runtime_Core_assignParams__I)
                  0001086e    00000044     mqtt_client.a : mqtt_common.obj (.text:MQTT_qos2PubCqUnlog)
                  000108b2    00000002     --HOLE-- [fill = 0]
                  000108b4    00000044     drivers_msp432p401x.aem4f : SPI.oem4f (.text:SPI_init)
                  000108f8    00000044                               : UART.oem4f (.text:UART_init)
                  0001093c    00000044     mqtt_client.a : client_core.obj (.text:singleCtxRxPrepLocked)
                  00010980    00000044                   : client_core.obj (.text:tailIncorpMsgID)
                  000109c4    00000004     --HOLE-- [fill = 0]
                  000109c8    00000044     sysbios.aem4f : BIOS.obj (.text:ti_sysbios_family_arm_m3_Hwi_getStackInfo__E)
                  00010a0c    00000004     --HOLE-- [fill = 0]
                  00010a10    00000044                   : BIOS.obj (.text:ti_sysbios_family_arm_msp432_Seconds_Module_startup__E)
                  00010a54    00000004     --HOLE-- [fill = 0]
                  00010a58    00000044                   : BIOS.obj (.text:ti_sysbios_knl_Swi_post__E)
                  00010a9c    00000042     mqtt_client.a : client_core.obj (.text:pingReqSend)
                  00010ade    00000042     simplelink.a : sl_socket.obj (.text:sl_Htonl)
                  00010b20    00000042     mqtt_client.a : client_core.obj (.text:txPartSetup)
                  00010b62    00000002     --HOLE-- [fill = 0]
                  00010b64    00000040     dpl_msp432p401x.aem4f : HwiP_tirtos.oem4f (.text:HwiP_create)
                  00010ba4    00000040     network_if.obj (.text:InitializeAppVariables)
                  00010be4    00000040     mqtt_client.a : mqtt_common.obj (.text:MQTT_clCtxTimeoutUpdate)
                  00010c24    00000040     drivers_msp432p401x.aem4f : RingBuf.oem4f (.text:RingBuf_get)
                  00010c64    00000040     network_if.obj (.text:SimpleLinkGeneralEventHandler)
                  00010ca4    00000040     drivers_msp432p401x.aem4f : UARTMSP432.oem4f (.text:UARTMSP432_read)
                  00010ce4    00000040                               : UDMAMSP432.oem4f (.text:UDMAMSP432_init)
                  00010d24    00000040     simplelink.a : driver.obj (.text:_SlDrvGlobalObjUnLock)
                  00010d64    00000040                  : eventreg.obj (.text:_SlIsEventRegistered)
                  00010da4    00000040                  : eventreg.obj (.text:_SlSocketTriggerEventHandler)
                  00010de4    00000040     mqtt_client.a : client_core.obj (.text:groupCtxsKaSequence)
                  00010e24    00000040     drivers_msp432p401x.aem4f : PowerMSP432.oem4f (.text:notify)
                  00010e64    00000040                               : UARTMSP432.oem4f (.text:perfChangeNotifyFxn)
                  00010ea4    00000040     mqtt_client_app.obj (.text:pushButtonInterruptHandler2)
                  00010ee4    00000040     rtsv7M4_T_le_v4SPD16_eabi.lib : strtok.obj (.text)
                  00010f24    00000004     --HOLE-- [fill = 0]
                  00010f28    00000040     sysbios.aem4f : BIOS.obj (.text:ti_sysbios_family_arm_msp432_Timer_Module_startup__E)
                  00010f68    00000040                   : BIOS.obj (.text:ti_sysbios_family_arm_msp432_Timer_startup__E)
                  00010fa8    00000040                   : BIOS.obj (.text:ti_sysbios_heaps_HeapMem_Instance_init__E)
                  00010fe8    0000003e     mqtt_client.a : mqtt_common.obj (.text:MQTT_qos2PubCqLogup)
                  00011026    0000003e     simplelink.a : sl_socket.obj (.text:_SlSocketBuildAddress)
                  00011064    0000003e     release_pem4f.oem4f (.text:realloc)
                  000110a2    0000003e     mqtt_client.a : client_core.obj (.text:session311fix)
                  000110e0    0000003c     network_if.obj (.text:Network_IF_DisconnectFromAP)
                  0001111c    0000003c     drivers_msp432p401x.aem4f : SPI.oem4f (.text:SPI_open)
                  00011158    0000003c     dpl_msp432p401x.aem4f : SemaphoreP_tirtos.oem4f (.text:SemaphoreP_create)
                  00011194    0000003c     drivers_msp432p401x.aem4f : UART.oem4f (.text:UART_open)
                  000111d0    0000003c     simplelink.a : netapp.obj (.text:_SlNetAppCopyPingResultsToReport)
                  0001120c    0000003c     mqtt_client.a : client_core.obj (.text:mqpFreeLocked)
                  00011248    0000003c     sysbios.aem4f : BIOS.obj (.text:pthread_mutex_unlock)
                  00011284    0000003c     simplelink.a : sl_socket.obj (.text:sl_Htons)
                  000112c0    0000003c     sysbios.aem4f : BIOS.obj (.text:ti_sysbios_family_arm_m3_Hwi_Instance_finalize__E)
                  000112fc    00000004     --HOLE-- [fill = 0]
                  00011300    0000003c                   : BIOS.obj (.text:ti_sysbios_knl_Clock_Instance_init__E)
                  0001133c    0000003c     release_pem4f.oem4f (.text:ti_sysbios_knl_Clock_create)
                  00011378    0000003c     sysbios.aem4f : BIOS.obj (.text:ti_sysbios_knl_Swi_restore__E)
                  000113b4    00000038     drivers_msp432p401x.aem4f : GPIOMSP432.oem4f (.text:GPIO_toggle)
                  000113ec    00000038     mqtt_client.a : client_core.obj (.text:MQTT_bufWrNbytes)
                  00011424    00000038                   : mqtt_common.obj (.text:MQTT_bufWrNbytes)
                  0001145c    00000038     drivers_msp432p401x.aem4f : PowerMSP432.oem4f (.text:Power_setConstraint)
                  00011494    00000038     mqtt_client.a : client_core.obj (.text:netSend)
                  000114cc    00000004     --HOLE-- [fill = 0]
                  000114d0    00000038     sysbios.aem4f : BIOS.obj (.text:pthread_setschedparam)
                  00011508    00000038                   : BIOS.obj (.text:xdc_runtime_System_atexit__E)
                  00011540    00000036     mqtt_client.a : mqtt_common.obj (.text:MQTT_bufSet)
                  00011576    00000036                   : mqtt_common.obj (.text:MQTT_packetAckWlistAppend)
                  000115ac    00000036                   : mqtt_common.obj (.text:MQTT_packetBufWrUtf8)
                  000115e2    00000036                   : mqtt_common.obj (.text:MQTT_packetProcMsgIdAckRx)
                  00011618    00000036     drivers_msp432p401x.aem4f : UARTMSP432.oem4f (.text:UARTMSP432_readCancel)
                  0001164e    00000002     --HOLE-- [fill = 0]
                  00011650    00000036     sysbios.aem4f : BIOS.obj (.text:mq_timedsend)
                  00011686    00000036     rtsv7M4_T_le_v4SPD16_eabi.lib : strncpy.obj (.text)
                  000116bc    00000034     mqtt_client.a : mqtt_common.obj (.text:MQTT_packetReset)
                  000116f0    00000034                   : mqtt_client.obj (.text:SetCondAwaitedAckLocked)
                  00011724    00000034                   : client_core.obj (.text:_procPubRelRx)
                  00011758    00000034                   : client_core.obj (.text:conn2usedCtxs)
                  0001178c    00000034     simplelink.a : cc_pal.obj (.text:spi_Open)
                  000117c0    00000034     release_pem4f.oem4f (.text:ti_sysbios_knl_Semaphore_create)
                  000117f4    00000032     mqtt_client.a : mqtt_common.obj (.text:MQTT_packetAckWlistPurge)
                  00011826    00000032                   : client_core.obj (.text:awaitsPkts)
                  00011858    00000032                   : client_core.obj (.text:procNetDataRecv)
                  0001188a    00000006     drivers_msp432p401x.aem4f : SPIMSP432DMA.oem4f (.text:SPIMSP432DMA_control)
                  00011890    00000032     sysbios.aem4f : BIOS.obj (.text:ti_sysbios_hal_Hwi_initStack)
                  000118c2    00000002     --HOLE-- [fill = 0]
                  000118c4    00000030     drivers_msp432p401x.aem4f : GPIOMSP432.oem4f (.text:GPIO_clearInt)
                  000118f4    00000030                               : GPIOMSP432.oem4f (.text:GPIO_disableInt)
                  00011924    00000030                               : GPIOMSP432.oem4f (.text:GPIO_enableInt)
                  00011954    00000030     mqtt_client.a : mqtt_common.obj (.text:MQTT_clCtxReset)
                  00011984    00000030     simplelink.a : driver.obj (.text:_SlDrvSyncObjWaitForever)
                  000119b4    00000004     --HOLE-- [fill = 0]
                  000119b8    00000030     sysbios.aem4f : BIOS.obj (.text:findInList$26)
                  000119e8    00000030     msp432p4xx_driverlib.lib : spi.obj (.text:is_A_Module)
                  00011a18    00000030     drivers_msp432p401x.aem4f : SPIMSP432DMA.oem4f (.text:mapPin)
                  00011a48    00000030                               : UARTMSP432.oem4f (.text:mapPin)
                  00011a78    00000030     sysbios.aem4f : BIOS.obj (.text:mq_close)
                  00011aa8    00000030     mqtt_client_app.obj (.text:printBorder)
                  00011ad8    00000030     release_pem4f.oem4f (.text:ti_sysbios_BIOS_atExitFunc__I)
                  00011b08    00000030     release_pem4f.oem4f (.text:ti_sysbios_BIOS_startFunc__I)
                  00011b38    00000030     sysbios.aem4f : BIOS.obj (.text:ti_sysbios_family_arm_m3_TaskSupport_start__E)
                  00011b68    00000030     release_pem4f.oem4f (.text:ti_sysbios_gates_GateHwi_Object__create__S)
                  00011b98    00000030     release_pem4f.oem4f (.text:ti_sysbios_gates_GateMutex_Object__create__S)
                  00011bc8    00000030     release_pem4f.oem4f (.text:ti_sysbios_gates_GateMutex_create)
                  00011bf8    00000030     sysbios.aem4f : BIOS.obj (.text:ti_sysbios_gates_GateMutex_enter__E)
                  00011c28    00000030     release_pem4f.oem4f (.text:ti_sysbios_heaps_HeapMem_Object__create__S)
                  00011c58    00000030     release_pem4f.oem4f (.text:ti_sysbios_knl_Clock_construct)
                  00011c88    00000030     sysbios.aem4f : BIOS.obj (.text:ti_sysbios_knl_Mailbox_postInit__I)
                  00011cb8    00000030     release_pem4f.oem4f (.text:ti_sysbios_knl_Semaphore_construct)
                  00011ce8    00000030     sysbios.aem4f : BIOS.obj (.text:ti_sysbios_knl_Semaphore_pendTimeout__I)
                  00011d18    00000030                   : BIOS.obj (.text:ti_sysbios_knl_Task_processVitalTaskFlag__I)
                  00011d48    00000030                   : BIOS.obj (.text:ti_sysbios_knl_Task_unblockI__E)
                  00011d78    00000030                   : BIOS.obj (.text:timer_delete)
                  00011da8    00000030                   : BIOS.obj (.text:xdc_runtime_System_processAtExit__E)
                  00011dd8    0000002e     mqtt_client.a : mqtt_client.obj (.text:MQTTClient_publish)
                  00011e06    0000002e                   : mqtt_client.obj (.text:_sl_ExtLib_AwaitedAckSet)
                  00011e34    0000002e     rtsv7M4_T_le_v4SPD16_eabi.lib : i_tofd_t2.obj (.text)
                  00011e62    0000002e     release_pem4f.oem4f (.text:ti_sysbios_rts_gnu_MemAlloc_alloc)
                  00011e90    0000002c     dpl_msp432p401x.aem4f : PowerMSP432_tirtos.oem4f (.text:PowerMSP432_updateFreqs)
                  00011ebc    0000002c                           : SemaphoreP_tirtos.oem4f (.text:SemaphoreP_createBinary)
                  00011ee8    0000002c     mqtt_client_app.obj (.text:TimerPeriodicIntHandler)
                  00011f14    0000002c     mqtt_client.a : mqtt_client.obj (.text:_sl_ExtLib_AwaitedAckLockedSet)
                  00011f40    0000002c                   : client_core.obj (.text:mqpDoNotReportCor)
                  00011f6c    0000002c                   : client_core.obj (.text:netClCtxFind)
                  00011f98    0000002c     rtsv7M4_T_le_v4SPD16_eabi.lib : strncmp.obj (.text)
                  00011fc4    0000002c     release_pem4f.oem4f (.text:ti_sysbios_knl_Clock_doTick__I)
                  00011ff0    0000002c     sysbios.aem4f : BIOS.obj (.text:ti_sysbios_knl_Clock_getTimeout__E)
                  0001201c    0000002c     release_pem4f.oem4f (.text:ti_sysbios_knl_Queue_construct)
                  00012048    0000002c     sysbios.aem4f : BIOS.obj (.text:ti_sysbios_knl_Task_restore__E)
                  00012074    0000002c     mqtt_client.a : client_core.obj (.text:txPartBufP)
                  000120a0    0000002c     sysbios.aem4f : BIOS.obj (.text:usleep)
                  000120cc    0000002a     mqtt_client.a : client_core.obj (.text:connSentStateRx)
                  000120f6    0000002a     drivers_msp432p401x.aem4f : SPIMSP432DMA.oem4f (.text:perfChangeNotifyFxn)
                  00012120    0000002a     rtsv7M4_T_le_v4SPD16_eabi.lib : strspn.obj (.text)
                  0001214a    00000028     mqtt_client.a : client_core.obj (.text:MQTT_bufWrNbo2B)
                  00012172    00000028                   : mqtt_common.obj (.text:MQTT_bufWrNbo2B)
                  0001219a    00000002     --HOLE-- [fill = 0]
                  0001219c    00000028     drivers_msp432p401x.aem4f : PowerMSP432.oem4f (.text:Power_registerNotify)
                  000121c4    00000028     simplelink.a : sl_socket.obj (.text:SL_SOCKET_FD_ISSET)
                  000121ec    00000028                  : driver.obj (.text:_SlDrvProtectionObjLockWaitForever)
                  00012214    00000028                  : driver.obj (.text:_SlDrvProtectionObjUnLock)
                  0001223c    00000028                  : driver.obj (.text:_SlDrvUpdateApiInProgress)
                  00012264    00000028                  : flowcont.obj (.text:_SlFlowContSet)
                  0001228c    00000028     drivers_msp432p401x.aem4f : PowerMSP432.oem4f (.text:disableHFXT)
                  000122b4    00000028                               : UARTMSP432.oem4f (.text:findBaudDividerIndex)
                  000122dc    00000004     --HOLE-- [fill = 0]
                  000122e0    00000028     sysbios.aem4f : BIOS.obj (.text:mq_receive)
                  00012308    00000028                   : BIOS.obj (.text:ti_sysbios_knl_Clock_addI__E)
                  00012330    00000028                   : BIOS.obj (.text:ti_sysbios_knl_Swi_Module_startup__E)
                  00012358    00000026     drivers_msp432p401x.aem4f : List.oem4f (.text:List_put)
                  0001237e    00000026     mqtt_client.a : client_core.obj (.text:MQTTClientCore_ctxRun)
                  000123a4    00000026                   : client_core.obj (.text:MQTTClientCore_sendConnectMsg)
                  000123ca    00000026     simplelink.a : cc_pal.obj (.text:Semaphore_create_handle)
                  000123f0    00000026     mqtt_client.a : client_core.obj (.text:isConnected)
                  00012416    00000026                   : cc32xx_sl_net.obj (.text:tcpSend)
                  0001243c    00000026     sysbios.aem4f : m3_Hwi_asm.obj (.text:ti_sysbios_family_arm_m3_Hwi_pendSV__I)
                  00012462    00000002     --HOLE-- [fill = 0]
                  00012464    00000024     simplelink.a : cc_pal.obj (.text:HostIrqGPIO_callback)
                  00012488    00000024     mqtt_client.a : mqtt_common.obj (.text:MQTT_packetInit)
                  000124ac    00000024     simplelink.a : cc_pal.obj (.text:Mutex_create_handle)
                  000124d0    00000024     drivers_msp432p401x.aem4f : SPIMSP432DMA.oem4f (.text:SPIMSP432DMA_transferCancel)
                  000124f4    00000024     simplelink.a : driver.obj (.text:_SlDrvIsApiInProgress)
                  00012518    00000024                  : driver.obj (.text:_SlDrvStartMeasureTimeout)
                  0001253c    00000004     --HOLE-- [fill = 0]
                  00012540    00000024     sysbios.aem4f : BIOS.obj (.text:pthread_attr_init)
                  00012564    00000004     --HOLE-- [fill = 0]
                  00012568    00000024                   : BIOS.obj (.text:pthread_mutex_destroy)
                  0001258c    00000024     rtsv7M4_T_le_v4SPD16_eabi.lib : memmov.obj (.text)
                  000125b0    00000024                                   : strcspn.obj (.text)
                  000125d4    00000024     simplelink.a : wlan.obj (.text:sl_WlanDisconnect)
                  000125f8    00000024     release_pem4f.oem4f (.text:ti_sysbios_BIOS_registerRTSLock__I)
                  0001261c    00000024     release_pem4f.oem4f (.text:ti_sysbios_BIOS_removeRTSLock__I)
                  00012640    00000024     sysbios.aem4f : BIOS.obj (.text:ti_sysbios_family_arm_msp432_ClockFreqs_setFrequency__E)
                  00012664    00000024     release_pem4f.oem4f (.text:ti_sysbios_gates_GateMutex_Object__delete__S)
                  00012688    00000024     sysbios.aem4f : BIOS.obj (.text:ti_sysbios_knl_Clock_Module_startup__E)
                  000126ac    00000024     release_pem4f.oem4f (.text:ti_sysbios_knl_Clock_Object__delete__S)
                  000126d0    00000024     sysbios.aem4f : BIOS.obj (.text:ti_sysbios_knl_Clock_start__E)
                  000126f4    00000004     --HOLE-- [fill = 0]
                  000126f8    00000024                   : BIOS.obj (.text:ti_sysbios_knl_Semaphore_Instance_init__E)
                  0001271c    00000024     release_pem4f.oem4f (.text:ti_sysbios_knl_Semaphore_Object__delete__S)
                  00012740    00000024     sysbios.aem4f : BIOS.obj (.text:ti_sysbios_knl_Task_restoreHwi__E)
                  00012764    00000004     --HOLE-- [fill = 0]
                  00012768    00000024                   : BIOS.obj (.text:xdc_runtime_Error_policyMin__E)
                  0001278c    00000022     mqtt_client.a : mqtt_common.obj (.text:MQTT_packetFree)
                  000127ae    00000022                   : mqtt_common.obj (.text:MQTT_qos2PubCqReset)
                  000127d0    00000022     simplelink.a : sl_socket.obj (.text:SL_SOCKET_FD_SET)
                  000127f2    00000022     mqtt_client.a : client_core.obj (.text:_txPartReset)
                  00012814    00000020                   : mqtt_common.obj (.text:MQTT_secureConnStructInit)
                  00012834    00000020     drivers_msp432p401x.aem4f : PowerMSP432.oem4f (.text:Power_unregisterNotify)
                  00012854    00000020                               : RingBuf.oem4f (.text:RingBuf_peek)
                  00012874    00000020                               : UDMAMSP432.oem4f (.text:UDMAMSP432_close)
                  00012894    00000020     simplelink.a : driver.obj (.text:_SlDrvObjLockWaitForever)
                  000128b4    00000020                  : driver.obj (.text:_SlDrvObjUnLock)
                  000128d4    00000020     mqtt_client.a : client_core.obj (.text:groupCtxsAdjWaitSecsGet)
                  000128f4    00000004     --HOLE-- [fill = 0]
                  000128f8    00000020     sysbios.aem4f : BIOS.obj (.text:sleep)
                  00012918    00000020     release_pem4f.oem4f (.text:ti_sysbios_BIOS_rtsLock__I)
                  00012938    00000020     release_pem4f.oem4f (.text:ti_sysbios_family_arm_m3_Hwi_Object__delete__S)
                  00012958    00000020     sysbios.aem4f : m3_Hwi_asm.obj (.text:ti_sysbios_family_arm_m3_Hwi_excHandlerAsm__I)
                  00012978    00000020                   : BIOS.obj (.text:ti_sysbios_family_arm_m3_Hwi_excHandler__I)
                  00012998    00000020     release_pem4f.oem4f (.text:ti_sysbios_gates_GateHwi_Object__delete__S)
                  000129b8    00000020     release_pem4f.oem4f (.text:ti_sysbios_heaps_HeapMem_Object__delete__S)
                  000129d8    00000020     release_pem4f.oem4f (.text:ti_sysbios_knl_Clock_destruct)
                  000129f8    00000020     sysbios.aem4f : BIOS.obj (.text:ti_sysbios_knl_Idle_run__E)
                  00012a18    00000020     release_pem4f.oem4f (.text:ti_sysbios_knl_Semaphore_destruct)
                  00012a38    00000020     release_pem4f.oem4f (.text:ti_sysbios_knl_Task_Object__delete__S)
                  00012a58    0000001e     mqtt_client.a : mqtt_common.obj (.text:MQTT_bufRdNbo2B)
                  00012a76    0000001e     simplelink.a : driver.obj (.text:_SlDrvSyncObjSignal)
                  00012a94    0000001e     mqtt_client.a : client_core.obj (.text:isValidUTF8String)
                  00012ab2    0000001e     sysbios.aem4f : m3_Hwi_asm_switch.obj (.text:ti_sysbios_family_xxx_Hwi_switchAndRunFunc)
                  00012ad0    0000001c     uart_term.obj (.text:Message)
                  00012aec    0000001c     simplelink.a : device.obj (.text:_SlDeviceGetStartResponseConvert)
                  00012b08    0000001c     mqtt_client.a : client_core.obj (.text:clCtxFreeup)
                  00012b24    0000001c     MSP_EXP432P401R.obj (.text:dmaErrorHwi)
                  00012b40    0000001c     mqtt_client.a : client_core.obj (.text:getConnectVhLen)
                  00012b5c    0000001c                   : client_core.obj (.text:mqpFree)
                  00012b78    0000001c     rtsv7M4_T_le_v4SPD16_eabi.lib : memccpy.obj (.text)
                  00012b94    00000004     --HOLE-- [fill = 0]
                  00012b98    0000001c     sysbios.aem4f : BIOS.obj (.text:ti_sysbios_gates_GateMutex_Instance_init__E)
                  00012bb4    00000004     --HOLE-- [fill = 0]
                  00012bb8    0000001c                   : BIOS.obj (.text:ti_sysbios_knl_Clock_Instance_finalize__E)
                  00012bd4    0000001c     release_pem4f.oem4f (.text:ti_sysbios_knl_Queue_destruct)
                  00012bf0    0000001c     sysbios.aem4f : BIOS.obj (.text:ti_sysbios_knl_Queue_get__E)
                  00012c0c    00000004     --HOLE-- [fill = 0]
                  00012c10    0000001c                   : BIOS.obj (.text:ti_sysbios_knl_Queue_put__E)
                  00012c2c    00000004     --HOLE-- [fill = 0]
                  00012c30    0000001c                   : BIOS.obj (.text:ti_sysbios_knl_Task_enter__I)
                  00012c4c    00000004     --HOLE-- [fill = 0]
                  00012c50    0000001c                   : BIOS.obj (.text:timerThreadFxn$30)
                  00012c6c    0000001c     mqtt_client.a : client_core.obj (.text:txPartReset)
                  00012c88    0000001c                   : client_core.obj (.text:usedCtxsTOSort)
                  00012ca4    00000004     --HOLE-- [fill = 0]
                  00012ca8    0000001c     sysbios.aem4f : BIOS.obj (.text:xdc_runtime_Memory_valloc__E)
                  00012cc4    00000004     --HOLE-- [fill = 0]
                  00012cc8    0000001c                   : BIOS.obj (.text:xdc_runtime_System_abort__E)
                  00012ce4    0000001a     mqtt_client.a : cc32xx_sl_net.obj (.text:commClose)
                  00012cfe    00000002     --HOLE-- [fill = 0]
                  00012d00    00000018     release_pem4f.oem4f (.text:.bootCodeSection:ti_sysbios_family_arm_msp432_init_Boot_init__I)
                  00012d18    00000018     mqtt_client.a : mqtt_client.obj (.text:MQTTClient_subscribe)
                  00012d30    00000018                   : mqtt_client.obj (.text:MQTTClient_unsubscribe)
                  00012d48    00000018     drivers_msp432p401x.aem4f : PowerMSP432.oem4f (.text:Power_idleFunc)
                  00012d60    00000018                               : UART.oem4f (.text:UART_Params_init)
                  00012d78    00000018     release_pem4f.oem4f (.text:free)
                  00012d90    00000018     sysbios.aem4f : BIOS.obj (.text:pthread_attr_setschedparam)
                  00012da8    00000018     uart_term.obj (.text:putch)
                  00012dc0    00000018     rtsv7M4_T_le_v4SPD16_eabi.lib : args_main.obj (.text)
                  00012dd8    00000018                                   : strcmp.obj (.text)
                  00012df0    00000018     release_pem4f.oem4f (.text:ti_sysbios_BIOS_rtsUnlock__I)
                  00012e08    00000018     release_pem4f.oem4f (.text:ti_sysbios_family_arm_m3_Hwi_Module__startupDone__F)
                  00012e20    00000018     sysbios.aem4f : m3_TaskSupport_asm.obj (.text:ti_sysbios_family_arm_m3_TaskSupport_swap__E)
                  00012e38    00000018     release_pem4f.oem4f (.text:ti_sysbios_family_arm_msp432_Timer_Module__startupDone__F)
                  00012e50    00000018     release_pem4f.oem4f (.text:ti_sysbios_gates_GateHwi_Handle__label__S)
                  00012e68    00000018     release_pem4f.oem4f (.text:ti_sysbios_gates_GateMutex_Handle__label__S)
                  00012e80    00000018     sysbios.aem4f : BIOS.obj (.text:ti_sysbios_gates_GateMutex_leave__E)
                  00012e98    00000018     release_pem4f.oem4f (.text:ti_sysbios_heaps_HeapMem_Handle__label__S)
                  00012eb0    00000018     sysbios.aem4f : BIOS.obj (.text:ti_sysbios_knl_Task_sleepTimeout__I)
                  00012ec8    00000018                   : BIOS.obj (.text:xdc_runtime_Error_init__E)
                  00012ee0    00000018                   : BIOS.obj (.text:xdc_runtime_System_exit__E)
                  00012ef8    00000016     drivers_msp432p401x.aem4f : List.oem4f (.text:List_remove)
                  00012f0e    00000016     mqtt_client.a : client_core.obj (.text:MQTTClientCore_sendSubMsg)
                  00012f24    00000016                   : client_core.obj (.text:MQTTClientCore_sendUnsubMsg)
                  00012f3a    00000016     simplelink.a : driver.obj (.text:_SlDrvMemZero)
                  00012f50    00000016     mqtt_client.a : client_core.obj (.text:ack2MsgIdLogup)
                  00012f66    00000016                   : client_core.obj (.text:qos2PubRxIsDone)
                  00012f7c    00000016                   : client_core.obj (.text:qos2PubRxLogup)
                  00012f92    00000016                   : client_core.obj (.text:qos2PubRxUnlog)
                  00012fa8    00000016                   : cc32xx_sl_net.obj (.text:rtcSecs)
                  00012fbe    00000016     rtsv7M4_T_le_v4SPD16_eabi.lib : strchr.obj (.text)
                  00012fd4    00000016     release_pem4f.oem4f (.text:ti_sysbios_BIOS_exitFunc__I)
                  00012fea    00000006     --HOLE-- [fill = 0]
                  00012ff0    00000016     sysbios.aem4f : BIOS.obj (.text:ti_sysbios_knl_Task_unblock__E)
                  00013006    00000002     --HOLE-- [fill = 0]
                  00013008    00000016                   : BIOS.obj (.text:timerFxn$30)
                  0001301e    00000016     mqtt_client.a : client_core.obj (.text:txPartAddup)
                  00013034    00000014     dpl_msp432p401x.aem4f : ClockP_tirtos.oem4f (.text:ClockP_usleep)
                  00013048    00000014     simplelink.a : cc_pal.obj (.text:NwpPowerOff)
                  0001305c    00000014                  : cc_pal.obj (.text:NwpPowerOn)
                  00013070    00000014     drivers_msp432p401x.aem4f : SPI.oem4f (.text:SPI_Params_init)
                  00013084    00000014                               : UARTMSP432.oem4f (.text:clearTXCPTIFG)
                  00013098    00000014     rtsv7M4_T_le_v4SPD16_eabi.lib : _lock.obj (.text)
                  000130ac    00000014                                   : s_copysign.obj (.text)
                  000130c0    00000014                                   : strcpy.obj (.text)
                  000130d4    00000014                                   : strlen.obj (.text)
                  000130e8    00000014     sysbios.aem4f : BIOS.obj (.text:sem_init)
                  000130fc    00000004     --HOLE-- [fill = 0]
                  00013100    00000014                   : BIOS.obj (.text:sem_trywait)
                  00013114    00000014     release_pem4f.oem4f (.text:ti_sysbios_family_arm_m3_Hwi_Object__get__S)
                  00013128    00000014     sysbios.aem4f : BIOS.obj (.text:ti_sysbios_family_arm_m3_Hwi_switchFromBootStack__E)
                  0001313c    00000014     release_pem4f.oem4f (.text:ti_sysbios_heaps_HeapMem_Object__get__S)
                  00013150    00000014     release_pem4f.oem4f (.text:ti_sysbios_knl_Swi_Object__get__S)
                  00013164    00000012     mqtt_client.a : client_core.obj (.text:MQTTClientCore_allocRecv)
                  00013176    00000012                   : client_core.obj (.text:MQTTClientCore_allocSend)
                  00013188    00000012                   : client_core.obj (.text:MQTT_qos2PubCqCount)
                  0001319a    00000012     drivers_msp432p401x.aem4f : RingBuf.oem4f (.text:RingBuf_construct)
                  000131ac    00000012     dpl_msp432p401x.aem4f : SemaphoreP_tirtos.oem4f (.text:SemaphoreP_pend)
                  000131be    00000002     --HOLE-- [fill = 0]
                  000131c0    00000012     sysbios.aem4f : BIOS.obj (.text:_pthread_cleanup_pop)
                  000131d2    00000006     --HOLE-- [fill = 0]
                  000131d8    00000012                   : BIOS.obj (.text:ti_sysbios_family_arm_msp432_Seconds_getTime__E)
                  000131ea    00000006     --HOLE-- [fill = 0]
                  000131f0    00000012                   : BIOS.obj (.text:ti_sysbios_hal_Hwi_Module_startup__E)
                  00013202    00000012     release_pem4f.oem4f (.text:xdc_runtime_Startup_exec__I)
                  00013214    00000010     dpl_msp432p401x.aem4f : HwiP_tirtos.oem4f (.text:HwiP_Params_init)
                  00013224    00000010     mqtt_client_app.obj (.text:LedTimerDeinitStop)
                  00013234    00000010     simplelink.a : cc_pal.obj (.text:MutexP_delete_handle)
                  00013244    00000010                  : cc_pal.obj (.text:Mutex_unlock)
                  00013254    00000010     drivers_msp432p401x.aem4f : PowerMSP432.oem4f (.text:PowerMSP432_getNumPerfLevels)
                  00013264    00000010     simplelink.a : sl_socket.obj (.text:SL_SOCKET_FD_ZERO)
                  00013274    00000010                  : cc_pal.obj (.text:SemaphoreP_delete_handle)
                  00013284    00000010                  : cc_pal.obj (.text:SemaphoreP_post_handle)
                  00013294    00000010     msp432p4xx_driverlib.lib : sysctl.obj (.text:SysCtl_getNMISourceStatus)
                  000132a4    00000010     simplelink.a : driver.obj (.text:_SlDrvDispatchHttpServerEvents)
                  000132b4    00000010                  : driver.obj (.text:_SlDrvDispatchNetAppRequestEvents)
                  000132c4    00000010     mqtt_client.a : client_core.obj (.text:assignNewMsgID)
                  000132d4    00000010                   : client_core.obj (.text:lenErrFreeMqp)
                  000132e4    00000010     drivers_msp432p401x.aem4f : UARTMSP432.oem4f (.text:readBlockingTimeout)
                  000132f4    00000004     --HOLE-- [fill = 0]
                  000132f8    00000010     sysbios.aem4f : BIOS.obj (.text:ti_sysbios_BIOS_exit__E)
                  00013308    00000010                   : BIOS.obj (.text:ti_sysbios_BIOS_setCpuFreq__E)
                  00013318    00000010                   : BIOS.obj (.text:ti_sysbios_BIOS_setThreadType__E)
                  00013328    00000010                   : BIOS.obj (.text:ti_sysbios_BIOS_start__E)
                  00013338    00000010                   : m3_TaskSupport_asm.obj (.text:ti_sysbios_family_arm_m3_TaskSupport_glue)
                  00013348    00000010                   : BIOS.obj (.text:ti_sysbios_family_arm_msp432_init_Boot_disableWatchdog)
                  00013358    00000010                   : BIOS.obj (.text:ti_sysbios_gates_GateMutex_Instance_finalize__E)
                  00013368    00000010     release_pem4f.oem4f (.text:ti_sysbios_knl_Mailbox_Object__get__S)
                  00013378    00000010     sysbios.aem4f : BIOS.obj (.text:ti_sysbios_knl_Semaphore_Instance_finalize__E)
                  00013388    00000010                   : BIOS.obj (.text:ti_sysbios_knl_Swi_disable__E)
                  00013398    00000010     release_pem4f.oem4f (.text:ti_sysbios_knl_Task_Object__get__S)
                  000133a8    00000010     sysbios.aem4f : BIOS.obj (.text:ti_sysbios_knl_Task_disable__E)
                  000133b8    00000010                   : BIOS.obj (.text:xdc_runtime_Gate_leaveSystem__E)
                  000133c8    00000010                   : BIOS.obj (.text:xdc_runtime_Memory_free__E)
                  000133d8    00000010                   : BIOS.obj (.text:xdc_runtime_SysCallback_abort__E)
                  000133e8    00000010                   : BIOS.obj (.text:xdc_runtime_SysCallback_exit__E)
                  000133f8    0000000e     simplelink.a : cc_pal.obj (.text:Mutex_lock)
                  00013406    0000000e                  : driver.obj (.text:_SlDrvResetCmdExt)
                  00013414    0000000e     rtsv7M4_T_le_v4SPD16_eabi.lib : copy_decompress_none.obj (.text:decompress:none)
                  00013422    00000006     --HOLE-- [fill = 0]
                  00013428    0000000e     sysbios.aem4f : BIOS.obj (.text:pthread_attr_setdetachstate)
                  00013436    00000002     --HOLE-- [fill = 0]
                  00013438    0000000e                   : BIOS.obj (.text:sem_wait)
                  00013446    0000000e     simplelink.a : cc_pal.obj (.text:spi_Close)
                  00013454    00000004     --HOLE-- [fill = 0]
                  00013458    0000000e     sysbios.aem4f : BIOS.obj (.text:ti_sysbios_knl_Idle_loop__E)
                  00013466    00000002     --HOLE-- [fill = 0]
                  00013468    0000000e                   : BIOS.obj (.text:ti_sysbios_knl_Queue_empty__E)
                  00013476    0000000c     msp432p4xx_driverlib.lib : cpu.obj (.text:CPU_cpsid)
                  00013482    0000000c                              : cpu.obj (.text:CPU_cpsie)
                  0001348e    0000000c     dpl_msp432p401x.aem4f : ClockP_tirtos.oem4f (.text:ClockP_delete)
                  0001349a    0000000c                           : HwiP_tirtos.oem4f (.text:HwiP_delete)
                  000134a6    00000002     --HOLE-- [fill = 0]
                  000134a8    0000000c                           : MutexP_tirtos.oem4f (.text:MutexP_create)
                  000134b4    0000000c                           : MutexP_tirtos.oem4f (.text:MutexP_delete)
                  000134c0    0000000c     network_if.obj (.text:Network_IF_ResetMCUStateMachine)
                  000134cc    0000000c     drivers_msp432p401x.aem4f : PowerMSP432.oem4f (.text:Power_getConstraintMask)
                  000134d8    0000000c                               : PowerMSP432.oem4f (.text:Power_getPerformanceLevel)
                  000134e4    0000000c     dpl_msp432p401x.aem4f : SemaphoreP_tirtos.oem4f (.text:SemaphoreP_delete)
                  000134f0    0000000c     network_if.obj (.text:SimpleLinkHttpServerEventHandler)
                  000134fc    0000000c     network_if.obj (.text:SimpleLinkNetAppRequestEventHandler)
                  00013508    0000000c     simplelink.a : device.obj (.text:_SlDeviceResetRequestInitCompletedCB)
                  00013514    0000000c     rtsv7M4_T_le_v4SPD16_eabi.lib : copy_zero_init.obj (.text:decompress:ZI)
                  00013520    0000000c     mqtt_client.a : mqtt_client.obj (.text:mutexLockup)
                  0001352c    0000000c                   : mqtt_client.obj (.text:mutexUnlock)
                  00013538    0000000c     sysbios.aem4f : BIOS.obj (.text:pthread_self)
                  00013544    0000000c     release_pem4f.oem4f (.text:ti_sysbios_family_arm_m3_Hwi_Params__init__S)
                  00013550    0000000c     sysbios.aem4f : BIOS.obj (.text:ti_sysbios_family_arm_m3_Hwi_disableFxn__E)
                  0001355c    00000004     --HOLE-- [fill = 0]
                  00013560    0000000c                   : BIOS.obj (.text:ti_sysbios_family_arm_m3_TaskSupport_getStackAlignment__E)
                  0001356c    00000004     --HOLE-- [fill = 0]
                  00013570    0000000c                   : BIOS.obj (.text:ti_sysbios_family_arm_msp432_Timer_getMaxTicks__E)
                  0001357c    00000004     --HOLE-- [fill = 0]
                  00013580    0000000c                   : BIOS.obj (.text:ti_sysbios_gates_GateHwi_enter__E)
                  0001358c    0000000c     release_pem4f.oem4f (.text:ti_sysbios_knl_Clock_Params__init__S)
                  00013598    0000000c     sysbios.aem4f : BIOS.obj (.text:ti_sysbios_knl_Clock_getTicks__E)
                  000135a4    0000000c     release_pem4f.oem4f (.text:ti_sysbios_knl_Queue_Object__get__S)
                  000135b0    0000000c     release_pem4f.oem4f (.text:ti_sysbios_knl_Semaphore_Params__init__S)
                  000135bc    0000000c     release_pem4f.oem4f (.text:ti_sysbios_knl_Task_Params__init__S)
                  000135c8    0000000c     sysbios.aem4f : BIOS.obj (.text:xdc_runtime_Gate_enterSystem__E)
                  000135d4    00000004     --HOLE-- [fill = 0]
                  000135d8    0000000c                   : BIOS.obj (.text:xdc_runtime_Startup_rtsDone__E)
                  000135e4    0000000a     drivers_msp432p401x.aem4f : SPI.oem4f (.text:SPI_close)
                  000135ee    0000000a                               : SPI.oem4f (.text:SPI_transfer)
                  000135f8    0000000a     network_if.obj (.text:SimpleLinkNetAppRequestMemFreeEventHandler)
                  00013602    0000000a     drivers_msp432p401x.aem4f : UART.oem4f (.text:UART_control)
                  0001360c    0000000a                               : UART.oem4f (.text:UART_readPolling)
                  00013616    0000000a                               : UART.oem4f (.text:UART_writePolling)
                  00013620    0000000a     sysbios.aem4f : BIOS.obj (.text:pthread_mutex_lock)
                  0001362a    00000006     --HOLE-- [fill = 0]
                  00013630    0000000a                   : BIOS.obj (.text:sem_destroy)
                  0001363a    00000006     --HOLE-- [fill = 0]
                  00013640    0000000a                   : BIOS.obj (.text:sem_post)
                  0001364a    0000000a     simplelink.a : device.obj (.text:sl_Task)
                  00013654    0000000a     release_pem4f.oem4f (.text:xdc_runtime_IHeap_alloc)
                  0001365e    0000000a     release_pem4f.oem4f (.text:xdc_runtime_IHeap_free)
                  00013668    00000008     MSP_EXP432P401R.obj (.text:MSP_EXP432P401R_initGeneral)
                  00013670    00000008     dpl_msp432p401x.aem4f : SemaphoreP_tirtos.oem4f (.text:SemaphoreP_Params_init)
                  00013678    00000008     simplelink.a : cc_pal.obj (.text:TimerGetCurrentTimestamp)
                  00013680    00000008     drivers_msp432p401x.aem4f : SPIMSP432DMA.oem4f (.text:blockingTransferCallback)
[...]
00013701  ti_sysbios_BIOS_RtsGateProxy_query__E                           
00013701  ti_sysbios_gates_GateMutex_query__E                             
00013701  ti_sysbios_heaps_HeapMem_Module_GateProxy_query__E              
00013709  ti_sysbios_knl_Clock_setTimeout__E                              
00013711  ti_sysbios_knl_Task_startup__E                                  
00013719  ti_sysbios_BIOS_linkedWithIncorrectBootLibrary__E               
00013721  ti_sysbios_gates_GateHwi_Instance_init__E                       
00013729  ti_sysbios_knl_Clock_logTick__E                                 
00013731  xdc_runtime_SysCallback_defaultAbort                            
00013739  xdc_runtime_SysCallback_defaultExit                             
00013741  xdc_runtime_System_abortSpin__E                                 
00013749  xdc_runtime_System_exitSpin__E                                  
0001374c  _ctypes_                                                        
00013938  spiMSP432DMAHWAttrs                                             
000139c8  uartMSP432Baudrates                                             
00013ab8  OpcodeTranslateTable                                            
00013b18  _SlActionLookupTable                                            
00013b68  uartMSP432HWAttrs                                               
00013c00  ti_sysbios_knl_Task_Object__PARAMS__C                           
00013c3c  ti_sysbios_knl_Mailbox_Object__PARAMS__C                        
00013c70  SPI_config                                                      
00013ca0  ti_sysbios_family_arm_m3_Hwi_Object__PARAMS__C                  
00013cd0  UARTMSP432_fxnTable                                             
00013cf8  ti_sysbios_heaps_HeapMem_Module__FXNS__C                        
00013d20  UART_defaultParams                                              
00013d44  ti_sysbios_gates_GateHwi_Module__FXNS__C                        
00013d68  ti_sysbios_gates_GateMutex_Module__FXNS__C                      
00013d8c  ti_sysbios_heaps_HeapMem_Object__PARAMS__C                      
00013db0  ti_sysbios_knl_Clock_Object__PARAMS__C                          
00013dd4  ti_sysbios_knl_Semaphore_Object__PARAMS__C                      
00013df8  xdc_runtime_Startup_sfxnTab__A                                  
00013e3c  SPI_defaultParams                                               
00013e9c  ti_sysbios_family_arm_m3_Hwi_Object__DESC__C                    
00013ebc  ti_sysbios_gates_GateHwi_Object__DESC__C                        
00013edc  ti_sysbios_gates_GateMutex_Object__DESC__C                      
00013efc  ti_sysbios_heaps_HeapMem_Object__DESC__C                        
00013f1c  ti_sysbios_knl_Clock_Object__DESC__C                            
00013f3c  ti_sysbios_knl_Mailbox_Object__DESC__C                          
00013f5c  ti_sysbios_knl_Queue_Object__DESC__C                            
00013f7c  ti_sysbios_knl_Semaphore_Object__DESC__C                        
00013f9c  ti_sysbios_knl_Task_Object__DESC__C                             
00013fbc  PowerMSP432_config                                              
00013fd4  SPIMSP432DMA_fxnTable                                           
00013fec  UART_config                                                     
00014004  ti_sysbios_gates_GateHwi_Object__PARAMS__C                      
0001401c  ti_sysbios_gates_GateMutex_Object__PARAMS__C                    
00014034  ti_sysbios_knl_Queue_Object__PARAMS__C                          
000140cc  GPIOMSP432_config                                               
000140e0  xdc_runtime_Startup_sfxnRts__A                                  
000140f2  ti_sysbios_family_arm_m3_Hwi_Module__id__C                      
00014124  ADC_count                                                       
00014125  ADCBuf_count                                                    
00014126  Capture_count                                                   
00014127  Display_count                                                   
00014128  I2C_count                                                       
00014129  I2CSlave_count                                                  
0001412a  NVS_count                                                       
0001412b  PWM_count                                                       
0001412c  SDSPI_count                                                     
0001412d  SPI_count                                                       
0001412e  Timer_count                                                     
0001412f  UART_count                                                      
00014130  Watchdog_count                                                  
00014131  xdc_runtime_Error_policy__C                                     
0001413e  ti_sysbios_family_arm_msp432_init_Boot_bypassHFXT__C            
00014140  udmaMSP432HWAttrs                                               
0001414c  xdc_runtime_Startup_firstFxns__A                                
00014160  UDMAMSP432_config                                               
00014178  ti_sysbios_knl_Idle_funcList__C                                 
00014180  xdc_runtime_Startup_firstFxns__C                                
00014188  xdc_runtime_Startup_lastFxns__C                                 
000141ca  _SlNetAppSendResponseCmdCtrl                                    
000141ce  _SlNetAppSendTokenValueCmdCtrl                                  
000141fe  ti_sysbios_family_arm_msp432_init_Boot_bypassLFXT__C            
00014200  ti_sysbios_family_arm_m3_Hwi_E_alreadyDefined__C                
00014204  ti_sysbios_family_arm_m3_Hwi_NUM_INTERRUPTS__C                  
00014208  ti_sysbios_family_arm_m3_Hwi_Object__count__C                   
0001420c  ti_sysbios_family_arm_m3_Hwi_ccr__C                             
00014210  ti_sysbios_family_arm_m3_Hwi_excHandlerFunc__C                  
00014214  ti_sysbios_family_arm_m3_Hwi_nullIsrFunc__C                     
00014218  ti_sysbios_family_arm_m3_Hwi_priGroup__C                        
0001421c  ti_sysbios_family_arm_m3_Hwi_swiDisable__C                      
00014220  ti_sysbios_family_arm_m3_Hwi_swiRestoreHwi__C                   
00014224  ti_sysbios_family_arm_m3_TaskSupport_stackAlignment__C          
00014228  ti_sysbios_family_arm_msp432_Timer_numTimerDevices__C           
0001422c  ti_sysbios_family_arm_msp432_Timer_startupNeeded__C             
00014230  ti_sysbios_gates_GateMutex_Instance_State_sem__O                
00014234  ti_sysbios_heaps_HeapMem_E_memory__C                            
00014238  ti_sysbios_heaps_HeapMem_Module__gateObj__C                     
0001423c  ti_sysbios_heaps_HeapMem_Object__count__C                       
00014240  ti_sysbios_heaps_HeapMem_primaryHeapBaseAddr__C                 
00014244  ti_sysbios_heaps_HeapMem_primaryHeapEndAddr__C                  
00014248  ti_sysbios_heaps_HeapMem_reqAlign__C                            
0001424c  ti_sysbios_knl_Clock_Module_State_clockQ__O                     
00014250  ti_sysbios_knl_Clock_tickPeriod__C                              
00014254  ti_sysbios_knl_Idle_funcList__A                                 
00014258  ti_sysbios_knl_Mailbox_Instance_State_dataQue__O                
0001425c  ti_sysbios_knl_Mailbox_Instance_State_dataSem__O                
00014260  ti_sysbios_knl_Mailbox_Instance_State_freeQue__O                
00014264  ti_sysbios_knl_Mailbox_Instance_State_freeSem__O                
00014268  ti_sysbios_knl_Mailbox_Object__count__C                         
0001426c  ti_sysbios_knl_Mailbox_maxTypeAlign__C                          
00014270  ti_sysbios_knl_Semaphore_Instance_State_pendQ__O                
00014274  ti_sysbios_knl_Swi_Object__count__C                             
00014278  ti_sysbios_knl_Task_Module_State_inactiveQ__O                   
0001427c  ti_sysbios_knl_Task_Object__count__C                            
00014280  ti_sysbios_knl_Task_Object__heap__C                             
00014284  ti_sysbios_knl_Task_allBlockedFunc__C                           
00014288  ti_sysbios_knl_Task_defaultStackHeap__C                         
0001428c  ti_sysbios_knl_Task_defaultStackSize__C                         
00014290  ti_sysbios_knl_Task_numConstructedTasks__C                      
00014294  xdc_runtime_Error_E_memory__C                                   
00014298  xdc_runtime_Error_policyFxn__C                                  
0001429c  xdc_runtime_IGateProvider_Interface__BASE__C                    
000142a0  xdc_runtime_IHeap_Interface__BASE__C                            
000142a4  xdc_runtime_IModule_Interface__BASE__C                          
000142a8  xdc_runtime_Memory_defaultHeapInstance__C                       
000142ac  xdc_runtime_Startup_execImpl__C                                 
000142b0  xdc_runtime_Startup_maxPasses__C                                
000142b4  xdc_runtime_Startup_sfxnRts__C                                  
000142b8  xdc_runtime_Startup_sfxnTab__C                                  
000142bc  xdc_runtime_SysCallback_abortFxn__C                             
000142c0  xdc_runtime_SysCallback_exitFxn__C                              
000142c4  xdc_runtime_System_Module__gateObj__C                           
000142c8  xdc_runtime_System_abortFxn__C                                  
000142cc  xdc_runtime_System_exitFxn__C                                   
000142d0  xdc_runtime_System_maxAtexitHandlers__C                         
000142d4  xdc_runtime_Text_charTab__C                                     
000142d8  xdc_runtime_Text_nameEmpty__C                                   
000142dc  xdc_runtime_Text_nameStatic__C                                  
000142e0  xdc_runtime_Text_nameUnknown__C                                 
000142e7  xdc_runtime_Text_charTab__A                                     
000142e8  ti_sysbios_family_arm_msp432_init_Boot_enableHFXT__C            
000142ea  ti_sysbios_family_arm_msp432_init_Boot_enableLFXT__C            
000142ec  ti_sysbios_heaps_HeapMem_Module__id__C                          
000142ee  xdc_runtime_Memory_Module__id__C                                
000142f0  xdc_runtime_Text_charCnt__C                                     
000142f2  xdc_runtime_Text_isLoaded__C                                    
000142f8  __TI_static_base__                                              
000145d4  __TI_Handler_Table_Base                                         
000145e0  __TI_Handler_Table_Limit                                        
000145e8  __TI_CINIT_Base                                                 
000145f8  __TI_CINIT_Limit                                                
20000000  ti_sysbios_family_arm_m3_Hwi_ramVectors                         
20000140  __primary_heap_start__                                          
20008140  __primary_heap_end__                                            
200091a4  clients                                                         
20009478  ti_sysbios_knl_Task_Instance_State_0_stack__A                   
20009678  ti_sysbios_family_arm_m3_Hwi_dispatchTable                      
200098e8  uartMSP432Objects                                               
200099e8  spiMSP432DMAObjects                                             
20009ac8  g_SlInternalSpawnCB                                             
20009ba4  MQTTClient_Lib_CB                                               
20009c80  uartMSP432RingBuffer                                            
20009cf0  g_ucConnectionSSID                                              
20009d14  DeviceCB                                                        
20009d20  MqttClientExmple_params                                         
20009d2c  g_ucConnectionBSSID                                             
20009d34  udmaMSP432Object                                                
20009d44  ClockP_tickPeriod                                               
20009d48  GlobalLockObj                                                   
20009d4c  g_PBQueue                                                       
20009d50  g_timer                                                         
20009d54  MQTTClient_waitSecs                                             
20009d56  g_usConnectIndex                                                
20009d58  g_usTimerInts                                                   
20009d5a  RxIrqCnt                                                        
20009d5c  PowerMSP432_perfLevels                                          
20009e2c  ti_sysbios_knl_Swi_Module_State_0_readyQ__A                     
20009eac  ti_sysbios_knl_Task_Module_State_0_readyQ__A                    
20009f7c  ti_sysbios_family_arm_msp432_Timer_Object__table__V             
20009fc8  ti_sysbios_knl_Task_Object__table__V                            
2000a014  ti_sysbios_knl_Task_Module__state__V                            
2000a068  debugPrintf                                                     
2000a091  lineBreak                                                       
2000a094  ti_sysbios_gates_GateMutex_Object__table__V                     
2000a0cc  ti_sysbios_family_arm_m3_Hwi_Module__state__V                   
2000a100  gApConnectionState                                              
2000a104  gInitState                                                      
2000a108  memPtrCounterfree                                               
2000a10c  gResetApplication                                               
2000a110  g_rx_task_hndl                                                  
2000a114  gUiConnFlag                                                     
2000a118  ClientUsername                                                  
2000a11c  ClientPassword                                                  
2000a120  publish_topic                                                   
2000a124  publish_data                                                    
2000a128  mqttThread                                                      
2000a12c  appThread                                                       
2000a130  ti_sysbios_knl_Swi_Object__table__V                             
2000a160  PowerMSP432_module                                              
2000a18c  ti_sysbios_knl_Clock_Module__state__V                           
2000a1b8  MQTTClient_net                                                  
2000a1e0  g_LibsEvents                                                    
2000a204  g_UserEvents                                                    
2000a228  gpioPinConfigs                                                  
2000a24c  ti_sysbios_BIOS_Module__state__V                                
2000a270  ti_sysbios_family_arm_msp432_Timer_Module_State_0_device__A     
2000a290  xdc_runtime_Error_IgnoreBlock                                   
2000a2b0  ti_sysbios_knl_Swi_Module__state__V                             
2000a2cc  Mqtt_ClientCtx                                                  
2000a2e4  ti_sysbios_family_arm_m3_Hwi_Object__table__V                   
2000a2fc  ti_sysbios_heaps_HeapMem_Object__table__V                       
2000a314  _tz                                                             
2000a324  ti_sysbios_family_arm_msp432_Timer_Module_State_0_handles__A    
2000a334  topic                                                           
2000a344  ClientId                                                        
2000a354  SecurityParams                                                  
2000a360  SlMQTTClient_clientCfg                                          
2000a36c  gpioCallbackFunctions                                           
2000a378  g_ulStaIp                                                       
2000a37c  g_ulGatewayIP                                                   
2000a380  g_ulStatus                                                      
2000a384  gGlobalLockCntRequested                                         
2000a385  gGlobalLockCntReleased                                          
2000a386  g_SlDeviceStatus                                                
2000a388  g_pCB                                                           
2000a38c  pPingCallBackFunc                                               
2000a390  ti_sysbios_family_arm_msp432_ClockFreqs_Module__state__V        
2000a39c  ti_sysbios_family_arm_msp432_Timer_Module__state__V             
2000a3a8  will_param                                                      
2000a3be  ti_sysbios_family_arm_m3_Hwi_Module_State_0_excActive__A        
2000a3c0  MQTTClient_closeContext                                         
2000a3c4  MQTTClient_clientContext                                        
2000a3c8  MQTTClient_multiSrvConn                                         
2000a3cc  _lock                                                           
2000a3d0  _unlock                                                         
2000a3dc  g_SpiFd                                                         
2000a3e0  g_Host_irq_Hndlr                                                
2000a3e4  ti_sysbios_family_arm_m3_Hwi_Module__root__V                    
2000a3ec  ti_sysbios_gates_GateHwi_Module__root__V                        
2000a3f4  ti_sysbios_gates_GateMutex_Module__root__V                      
2000a3fc  ti_sysbios_heaps_HeapMem_Module__root__V                        
2000a404  ti_sysbios_knl_Clock_Module__root__V                            
2000a40c  ti_sysbios_knl_Mailbox_Module__root__V                          
2000a414  ti_sysbios_knl_Queue_Module__root__V                            
2000a41c  ti_sysbios_knl_Semaphore_Module__root__V                        
2000a424  ti_sysbios_knl_Task_Module__root__V                             
2000a42c  xdc_runtime_Startup_Module__state__V                            
2000a434  xdc_runtime_System_Module_State_0_atexitHandlers__A             
2000a43c  xdc_runtime_System_Module__state__V                             
2000a44c  MQTTClient_connectCfg                                           
2000a450  qos                                                             
2000a454  errno                                                           
2000a458  main_func_sp                                                    
2000a460  ti_sysbios_family_arm_m3_Hwi_Module_State_0_excContext__A       
2000a464  ti_sysbios_family_arm_m3_Hwi_Module_State_0_excStack__A         
2000a468  ti_sysbios_gates_GateHwi_Object__table__V                       
2000a46c  ti_sysbios_knl_Task_Module_State_0_idleTask__A                  
2000a470  xdc_runtime_Memory_Module__state__V                             
2000fc00  __stack                                                         
20010000  __STACK_END                                                     
4000480c  WDTCTL_SYM                                                      
e000e000  ti_sysbios_family_arm_m3_Hwi_nvic                               
ffffffff  __TI_pprof_out_hndl                                             
ffffffff  __TI_prof_data_size                                             
ffffffff  __TI_prof_data_start                                            
ffffffff  __binit__                                                       
ffffffff  __c_args__                                                      
ffffffff  binit                                                           
UNDEFED   SHT$$INIT_ARRAY$$Base                                           
UNDEFED   SHT$$INIT_ARRAY$$Limit                                          

[899 symbols]
